Archive member included to satisfy reference by file (symbol)

c:/intelfpga_lite/23.1std/nios2eds/bin/gnu/h-x86_64-mingw32/bin/../lib/gcc/nios2-elf/12.3.1/../../../../../H-x86_64-mingw32/nios2-elf/lib/mno-hw-mul\libsmallc.a(libc_a-printf.o)
                              obj/default/hello_world_small.o (printf)
c:/intelfpga_lite/23.1std/nios2eds/bin/gnu/h-x86_64-mingw32/bin/../lib/gcc/nios2-elf/12.3.1/../../../../../H-x86_64-mingw32/nios2-elf/lib/mno-hw-mul\libsmallc.a(libc_a-putchar.o)
                              obj/default/hello_world_small.o (putchar)
c:/intelfpga_lite/23.1std/nios2eds/bin/gnu/h-x86_64-mingw32/bin/../lib/gcc/nios2-elf/12.3.1/../../../../../H-x86_64-mingw32/nios2-elf/lib/mno-hw-mul\libsmallc.a(libc_a-puts.o)
                              obj/default/hello_world_small.o (puts)
c:/intelfpga_lite/23.1std/nios2eds/bin/gnu/h-x86_64-mingw32/bin/../lib/gcc/nios2-elf/12.3.1/../../../../../H-x86_64-mingw32/nios2-elf/lib/mno-hw-mul\libsmallc.a(libc_a-strlen.o)
                              c:/intelfpga_lite/23.1std/nios2eds/bin/gnu/h-x86_64-mingw32/bin/../lib/gcc/nios2-elf/12.3.1/../../../../../H-x86_64-mingw32/nios2-elf/lib/mno-hw-mul\libsmallc.a(libc_a-puts.o) (strlen)
c:/intelfpga_lite/23.1std/nios2eds/bin/gnu/h-x86_64-mingw32/bin/../lib/gcc/nios2-elf/12.3.1/../../../../../H-x86_64-mingw32/nios2-elf/lib/mno-hw-mul\libsmallc.a(libc_a-impure.o)
                              c:/intelfpga_lite/23.1std/nios2eds/bin/gnu/h-x86_64-mingw32/bin/../lib/gcc/nios2-elf/12.3.1/../../../../../H-x86_64-mingw32/nios2-elf/lib/mno-hw-mul\libsmallc.a(libc_a-printf.o) (_impure_ptr)
c:/intelfpga_lite/23.1std/nios2eds/bin/gnu/h-x86_64-mingw32/bin/../lib/gcc/nios2-elf/12.3.1/../../../../../H-x86_64-mingw32/nios2-elf/lib/mno-hw-mul\libsmallc.a(libc_a-vfprintf.o)
                              c:/intelfpga_lite/23.1std/nios2eds/bin/gnu/h-x86_64-mingw32/bin/../lib/gcc/nios2-elf/12.3.1/../../../../../H-x86_64-mingw32/nios2-elf/lib/mno-hw-mul\libsmallc.a(libc_a-printf.o) (___vfprintf_internal_r)
c:/intelfpga_lite/23.1std/nios2eds/bin/gnu/h-x86_64-mingw32/bin/../lib/gcc/nios2-elf/12.3.1/../../../../../H-x86_64-mingw32/nios2-elf/lib/mno-hw-mul\libsmallc.a(libc_a-fvwrite_small_dev.o)
                              c:/intelfpga_lite/23.1std/nios2eds/bin/gnu/h-x86_64-mingw32/bin/../lib/gcc/nios2-elf/12.3.1/../../../../../H-x86_64-mingw32/nios2-elf/lib/mno-hw-mul\libsmallc.a(libc_a-printf.o) (__sfvwrite_small_dev)
c:/intelfpga_lite/23.1std/nios2eds/bin/gnu/h-x86_64-mingw32/bin/../lib/gcc/nios2-elf/12.3.1/../../../../../H-x86_64-mingw32/nios2-elf/lib/mno-hw-mul\libsmallc.a(libc_a-putc.o)
                              c:/intelfpga_lite/23.1std/nios2eds/bin/gnu/h-x86_64-mingw32/bin/../lib/gcc/nios2-elf/12.3.1/../../../../../H-x86_64-mingw32/nios2-elf/lib/mno-hw-mul\libsmallc.a(libc_a-putchar.o) (_putc_r)
c:/intelfpga_lite/23.1std/nios2eds/bin/gnu/h-x86_64-mingw32/bin/../lib/gcc/nios2-elf/12.3.1/../../../../../H-x86_64-mingw32/nios2-elf/lib/mno-hw-mul\libsmallc.a(libc_a-writer.o)
                              c:/intelfpga_lite/23.1std/nios2eds/bin/gnu/h-x86_64-mingw32/bin/../lib/gcc/nios2-elf/12.3.1/../../../../../H-x86_64-mingw32/nios2-elf/lib/mno-hw-mul\libsmallc.a(libc_a-fvwrite_small_dev.o) (_write_r)
c:/intelfpga_lite/23.1std/nios2eds/bin/gnu/h-x86_64-mingw32/bin/../lib/gcc/nios2-elf/12.3.1/../../../../../H-x86_64-mingw32/nios2-elf/lib/mno-hw-mul\libsmallc.a(libc_a-int_errno.o)
                              c:/intelfpga_lite/23.1std/nios2eds/bin/gnu/h-x86_64-mingw32/bin/../lib/gcc/nios2-elf/12.3.1/../../../../../H-x86_64-mingw32/nios2-elf/lib/mno-hw-mul\libsmallc.a(libc_a-writer.o) (errno)
c:/intelfpga_lite/23.1std/nios2eds/bin/gnu/h-x86_64-mingw32/bin/../lib/gcc/nios2-elf/12.3.1/mno-hw-mul\libgcc.a(lib2-divmod.o)
                              c:/intelfpga_lite/23.1std/nios2eds/bin/gnu/h-x86_64-mingw32/bin/../lib/gcc/nios2-elf/12.3.1/../../../../../H-x86_64-mingw32/nios2-elf/lib/mno-hw-mul\libsmallc.a(libc_a-vfprintf.o) (__udivsi3)
c:/intelfpga_lite/23.1std/nios2eds/bin/gnu/h-x86_64-mingw32/bin/../lib/gcc/nios2-elf/12.3.1/mno-hw-mul\libgcc.a(lib2-mul.o)
                              c:/intelfpga_lite/23.1std/nios2eds/bin/gnu/h-x86_64-mingw32/bin/../lib/gcc/nios2-elf/12.3.1/../../../../../H-x86_64-mingw32/nios2-elf/lib/mno-hw-mul\libsmallc.a(libc_a-vfprintf.o) (__mulsi3)
c:/Users/guan-ming.dennis-won/Documents/Code/FPGA_EPCQ_Programmer/software/NIOS_bsp/\libhal_bsp.a(alt_load.o)
                              c:/Users/guan-ming.dennis-won/Documents/Code/FPGA_EPCQ_Programmer/software/NIOS_bsp//obj/HAL/src/crt0.o (alt_load)
c:/Users/guan-ming.dennis-won/Documents/Code/FPGA_EPCQ_Programmer/software/NIOS_bsp/\libhal_bsp.a(alt_main.o)
                              c:/Users/guan-ming.dennis-won/Documents/Code/FPGA_EPCQ_Programmer/software/NIOS_bsp//obj/HAL/src/crt0.o (alt_main)
c:/Users/guan-ming.dennis-won/Documents/Code/FPGA_EPCQ_Programmer/software/NIOS_bsp/\libhal_bsp.a(alt_putstr.o)
[...]
Memory Configuration

Name             Origin             Length             Attributes
EPCQ_avl_mem     0x00000000         0x01000000
reset            0x01010000         0x00000020
RAM              0x01010020         0x00009fe0
*default*        0x00000000         0xffffffff

Linker script and memory map

LOAD c:/Users/guan-ming.dennis-won/Documents/Code/FPGA_EPCQ_Programmer/software/NIOS_bsp//obj/HAL/src/crt0.o
LOAD obj/default/hello_world_small.o
LOAD c:/intelfpga_lite/23.1std/nios2eds/bin/gnu/h-x86_64-mingw32/bin/../lib/gcc/nios2-elf/12.3.1/../../../../../H-x86_64-mingw32/nios2-elf/lib/mno-hw-mul\libstdc++.a
LOAD c:/intelfpga_lite/23.1std/nios2eds/bin/gnu/h-x86_64-mingw32/bin/../lib/gcc/nios2-elf/12.3.1/../../../../../H-x86_64-mingw32/nios2-elf/lib/mno-hw-mul\libm.a
LOAD c:/intelfpga_lite/23.1std/nios2eds/bin/gnu/h-x86_64-mingw32/bin/../lib/gcc/nios2-elf/12.3.1/mno-hw-mul\libgcc.a
START GROUP
LOAD c:/intelfpga_lite/23.1std/nios2eds/bin/gnu/h-x86_64-mingw32/bin/../lib/gcc/nios2-elf/12.3.1/../../../../../H-x86_64-mingw32/nios2-elf/lib/mno-hw-mul\libsmallc.a
LOAD c:/intelfpga_lite/23.1std/nios2eds/bin/gnu/h-x86_64-mingw32/bin/../lib/gcc/nios2-elf/12.3.1/mno-hw-mul\libgcc.a
LOAD c:/Users/guan-ming.dennis-won/Documents/Code/FPGA_EPCQ_Programmer/software/NIOS_bsp/\libhal_bsp.a
LOAD c:/intelfpga_lite/23.1std/nios2eds/bin/gnu/h-x86_64-mingw32/bin/../lib/gcc/nios2-elf/12.3.1/../../../../../H-x86_64-mingw32/nios2-elf/lib/mno-hw-mul\libm.a
END GROUP
LOAD c:/intelfpga_lite/23.1std/nios2eds/bin/gnu/h-x86_64-mingw32/bin/../lib/gcc/nios2-elf/12.3.1/mno-hw-mul\libgcc.a
                0x00000000                        __alt_mem_EPCQ_avl_mem = 0x0
                0x01010000                        __alt_mem_RAM = 0x1010000

.entry          0x01010000       0x20
 *(.entry)
 .entry         0x01010000       0x20 c:/Users/guan-ming.dennis-won/Documents/Code/FPGA_EPCQ_Programmer/software/NIOS_bsp//obj/HAL/src/crt0.o
                0x01010000                __reset
                0x0101000c                _exit

.exceptions     0x01010020        0x0
                0x01010020                        PROVIDE (__ram_exceptions_start = ABSOLUTE (.))
                0x01010020                        . = ALIGN (0x20)
 *(.irq)
 *(.exceptions.entry.label)
 *(.exceptions.entry.user)
 *(.exceptions.entry.ecc_fatal)
 *(.exceptions.entry)
 *(.exceptions.irqtest.user)
 *(.exceptions.irqtest)
 *(.exceptions.irqhandler.user)
 *(.exceptions.irqhandler)
 *(.exceptions.irqreturn.user)
 *(.exceptions.irqreturn)
 *(.exceptions.notirq.label)
 *(.exceptions.notirq.user)
 *(.exceptions.notirq)
 *(.exceptions.soft.user)
 *(.exceptions.soft)
 *(.exceptions.unknown.user)
 *(.exceptions.unknown)
 *(.exceptions.exit.label)
 *(.exceptions.exit.user)
 *(.exceptions.exit)
 *(.exceptions)
                0x01010020                        PROVIDE (__ram_exceptions_end = ABSOLUTE (.))
                0x01010020                        PROVIDE (__flash_exceptions_start = LOADADDR (.exceptions))

.text           0x01010020     0x14fc
                [!provide]                        PROVIDE (stext = ABSOLUTE (.))
 *(.interp)
 *(.hash)
 *(.dynsym)
 *(.dynstr)
 *(.gnu.version)
 *(.gnu.version_d)
 *(.gnu.version_r)
 *(.rel.init)
 *(.rela.init)
 *(.rel.text .rel.text.* .rel.gnu.linkonce.t.*)
 *(.rela.text .rela.text.* .rela.gnu.linkonce.t.*)
 *(.rel.fini)
 *(.rela.fini)
 *(.rel.rodata .rel.rodata.* .rel.gnu.linkonce.r.*)
 *(.rela.rodata .rela.rodata.* .rela.gnu.linkonce.r.*)
 *(.rel.data .rel.data.* .rel.gnu.linkonce.d.*)
 *(.rela.data .rela.data.* .rela.gnu.linkonce.d.*)
 *(.rel.tdata .rel.tdata.* .rel.gnu.linkonce.td.*)
 *(.rela.tdata .rela.tdata.* .rela.gnu.linkonce.td.*)
 *(.rel.tbss .rel.tbss.* .rel.gnu.linkonce.tb.*)
 *(.rela.tbss .rela.tbss.* .rela.gnu.linkonce.tb.*)
 *(.rel.ctors)
 *(.rela.ctors)
 *(.rel.dtors)
 *(.rela.dtors)
 *(.rel.got)
 *(.rela.got)
 *(.rel.sdata .rel.sdata.* .rel.gnu.linkonce.s.*)
 *(.rela.sdata .rela.sdata.* .rela.gnu.linkonce.s.*)
 *(.rel.sbss .rel.sbss.* .rel.gnu.linkonce.sb.*)
 *(.rela.sbss .rela.sbss.* .rela.gnu.linkonce.sb.*)
 *(.rel.sdata2 .rel.sdata2.* .rel.gnu.linkonce.s2.*)
 *(.rela.sdata2 .rela.sdata2.* .rela.gnu.linkonce.s2.*)
 *(.rel.sbss2 .rel.sbss2.* .rel.gnu.linkonce.sb2.*)
 *(.rela.sbss2 .rela.sbss2.* .rela.gnu.linkonce.sb2.*)
 *(.rel.bss .rel.bss.* .rel.gnu.linkonce.b.*)
 *(.rela.bss .rela.bss.* .rela.gnu.linkonce.b.*)
 *(.rel.plt)
 *(.rela.plt)
 *(.rel.dyn)
 *(.init)
 *(.plt)
 *(.text .stub .text.* .gnu.linkonce.t.*)
 .text          0x01010020       0x3c c:/Users/guan-ming.dennis-won/Documents/Code/FPGA_EPCQ_Programmer/software/NIOS_bsp//obj/HAL/src/crt0.o
                0x01010020                _start
 .text          0x0101005c        0x0 obj/default/hello_world_small.o
 .text.startup  0x0101005c      0x104 obj/default/hello_world_small.o
                0x0101005c                main
 .text          0x01010160        0x0 c:/intelfpga_lite/23.1std/nios2eds/bin/gnu/h-x86_64-mingw32/bin/../lib/gcc/nios2-elf/12.3.1/../../../../../H-x86_64-mingw32/nios2-elf/lib/mno-hw-mul\libsmallc.a(libc_a-printf.o)
 .text._printf_r
                0x01010160       0x3c c:/intelfpga_lite/23.1std/nios2eds/bin/gnu/h-x86_64-mingw32/bin/../lib/gcc/nios2-elf/12.3.1/../../../../../H-x86_64-mingw32/nios2-elf/lib/mno-hw-mul\libsmallc.a(libc_a-printf.o)
                0x01010160                _printf_r
 .text.printf   0x0101019c       0x48 c:/intelfpga_lite/23.1std/nios2eds/bin/gnu/h-x86_64-mingw32/bin/../lib/gcc/nios2-elf/12.3.1/../../../../../H-x86_64-mingw32/nios2-elf/lib/mno-hw-mul\libsmallc.a(libc_a-printf.o)
                0x0101019c                printf
 .text          0x010101e4        0x0 c:/intelfpga_lite/23.1std/nios2eds/bin/gnu/h-x86_64-mingw32/bin/../lib/gcc/nios2-elf/12.3.1/../../../../../H-x86_64-mingw32/nios2-elf/lib/mno-hw-mul\libsmallc.a(libc_a-putchar.o)
 .text._putchar_r
                0x010101e4        0x8 c:/intelfpga_lite/23.1std/nios2eds/bin/gnu/h-x86_64-mingw32/bin/../lib/gcc/nios2-elf/12.3.1/../../../../../H-x86_64-mingw32/nios2-elf/lib/mno-hw-mul\libsmallc.a(libc_a-putchar.o)
                0x010101e4                _putchar_r
 .text.putchar  0x010101ec       0x18 c:/intelfpga_lite/23.1std/nios2eds/bin/gnu/h-x86_64-mingw32/bin/../lib/gcc/nios2-elf/12.3.1/../../../../../H-x86_64-mingw32/nios2-elf/lib/mno-hw-mul\libsmallc.a(libc_a-putchar.o)
                0x010101ec                putchar
 .text          0x01010204        0x0 c:/intelfpga_lite/23.1std/nios2eds/bin/gnu/h-x86_64-mingw32/bin/../lib/gcc/nios2-elf/12.3.1/../../../../../H-x86_64-mingw32/nios2-elf/lib/mno-hw-mul\libsmallc.a(libc_a-puts.o)
 .text._puts_r  0x01010204       0x80 c:/intelfpga_lite/23.1std/nios2eds/bin/gnu/h-x86_64-mingw32/bin/../lib/gcc/nios2-elf/12.3.1/../../../../../H-x86_64-mingw32/nios2-elf/lib/mno-hw-mul\libsmallc.a(libc_a-puts.o)
                0x01010204                _puts_r
 .text.puts     0x01010284       0x10 c:/intelfpga_lite/23.1std/nios2eds/bin/gnu/h-x86_64-mingw32/bin/../lib/gcc/nios2-elf/12.3.1/../../../../../H-x86_64-mingw32/nios2-elf/lib/mno-hw-mul\libsmallc.a(libc_a-puts.o)
                0x01010284                puts
 .text          0x01010294        0x0 c:/intelfpga_lite/23.1std/nios2eds/bin/gnu/h-x86_64-mingw32/bin/../lib/gcc/nios2-elf/12.3.1/../../../../../H-x86_64-mingw32/nios2-elf/lib/mno-hw-mul\libsmallc.a(libc_a-strlen.o)
 .text.strlen   0x01010294       0x1c c:/intelfpga_lite/23.1std/nios2eds/bin/gnu/h-x86_64-mingw32/bin/../lib/gcc/nios2-elf/12.3.1/../../../../../H-x86_64-mingw32/nios2-elf/lib/mno-hw-mul\libsmallc.a(libc_a-strlen.o)
                0x01010294                strlen
 .text          0x010102b0        0x0 c:/intelfpga_lite/23.1std/nios2eds/bin/gnu/h-x86_64-mingw32/bin/../lib/gcc/nios2-elf/12.3.1/../../../../../H-x86_64-mingw32/nios2-elf/lib/mno-hw-mul\libsmallc.a(libc_a-impure.o)
 .text          0x010102b0        0x0 c:/intelfpga_lite/23.1std/nios2eds/bin/gnu/h-x86_64-mingw32/bin/../lib/gcc/nios2-elf/12.3.1/../../../../../H-x86_64-mingw32/nios2-elf/lib/mno-hw-mul\libsmallc.a(libc_a-vfprintf.o)
 .text.print_repeat
                0x010102b0       0x6c c:/intelfpga_lite/23.1std/nios2eds/bin/gnu/h-x86_64-mingw32/bin/../lib/gcc/nios2-elf/12.3.1/../../../../../H-x86_64-mingw32/nios2-elf/lib/mno-hw-mul\libsmallc.a(libc_a-vfprintf.o)
 .text.___vfprintf_internal_r
                0x0101031c      0x51c c:/intelfpga_lite/23.1std/nios2eds/bin/gnu/h-x86_64-mingw32/bin/../lib/gcc/nios2-elf/12.3.1/../../../../../H-x86_64-mingw32/nios2-elf/lib/mno-hw-mul\libsmallc.a(libc_a-vfprintf.o)
                0x0101031c                ___vfprintf_internal_r
 .text.__vfprintf_internal
                0x01010838       0x18 c:/intelfpga_lite/23.1std/nios2eds/bin/gnu/h-x86_64-mingw32/bin/../lib/gcc/nios2-elf/12.3.1/../../../../../H-x86_64-mingw32/nios2-elf/lib/mno-hw-mul\libsmallc.a(libc_a-vfprintf.o)
                0x01010838                __vfprintf_internal
 .text          0x01010850        0x0 c:/intelfpga_lite/23.1std/nios2eds/bin/gnu/h-x86_64-mingw32/bin/../lib/gcc/nios2-elf/12.3.1/../../../../../H-x86_64-mingw32/nios2-elf/lib/mno-hw-mul\libsmallc.a(libc_a-fvwrite_small_dev.o)
 .text.__sfvwrite_small_dev
                0x01010850       0xa8 c:/intelfpga_lite/23.1std/nios2eds/bin/gnu/h-x86_64-mingw32/bin/../lib/gcc/nios2-elf/12.3.1/../../../../../H-x86_64-mingw32/nios2-elf/lib/mno-hw-mul\libsmallc.a(libc_a-fvwrite_small_dev.o)
                0x01010850                __sfvwrite_small_dev
 .text          0x010108f8        0x0 c:/intelfpga_lite/23.1std/nios2eds/bin/gnu/h-x86_64-mingw32/bin/../lib/gcc/nios2-elf/12.3.1/../../../../../H-x86_64-mingw32/nios2-elf/lib/mno-hw-mul\libsmallc.a(libc_a-putc.o)
 .text.putc     0x010108f8       0x54 c:/intelfpga_lite/23.1std/nios2eds/bin/gnu/h-x86_64-mingw32/bin/../lib/gcc/nios2-elf/12.3.1/../../../../../H-x86_64-mingw32/nios2-elf/lib/mno-hw-mul\libsmallc.a(libc_a-putc.o)
                0x010108f8                putc
 .text._putc_r  0x0101094c       0x58 c:/intelfpga_lite/23.1std/nios2eds/bin/gnu/h-x86_64-mingw32/bin/../lib/gcc/nios2-elf/12.3.1/../../../../../H-x86_64-mingw32/nios2-elf/lib/mno-hw-mul\libsmallc.a(libc_a-putc.o)
                0x0101094c                _putc_r
 .text          0x010109a4        0x0 c:/intelfpga_lite/23.1std/nios2eds/bin/gnu/h-x86_64-mingw32/bin/../lib/gcc/nios2-elf/12.3.1/../../../../../H-x86_64-mingw32/nios2-elf/lib/mno-hw-mul\libsmallc.a(libc_a-writer.o)
 .text._write_r
                0x010109a4       0x50 c:/intelfpga_lite/23.1std/nios2eds/bin/gnu/h-x86_64-mingw32/bin/../lib/gcc/nios2-elf/12.3.1/../../../../../H-x86_64-mingw32/nios2-elf/lib/mno-hw-mul\libsmallc.a(libc_a-writer.o)
                0x010109a4                _write_r
 .text          0x010109f4        0x0 c:/intelfpga_lite/23.1std/nios2eds/bin/gnu/h-x86_64-mingw32/bin/../lib/gcc/nios2-elf/12.3.1/../../../../../H-x86_64-mingw32/nios2-elf/lib/mno-hw-mul\libsmallc.a(libc_a-int_errno.o)
 .text          0x010109f4      0x1b4 c:/intelfpga_lite/23.1std/nios2eds/bin/gnu/h-x86_64-mingw32/bin/../lib/gcc/nios2-elf/12.3.1/mno-hw-mul\libgcc.a(lib2-divmod.o)
                0x010109f4                __divsi3
                0x01010a74                __modsi3
                0x01010ae8                __udivsi3
                0x01010b4c                __umodsi3
 .text          0x01010ba8       0x28 c:/intelfpga_lite/23.1std/nios2eds/bin/gnu/h-x86_64-mingw32/bin/../lib/gcc/nios2-elf/12.3.1/mno-hw-mul\libgcc.a(lib2-mul.o)
                0x01010ba8                __mulsi3
 .text          0x01010bd0       0x84 c:/Users/guan-ming.dennis-won/Documents/Code/FPGA_EPCQ_Programmer/software/NIOS_bsp/\libhal_bsp.a(alt_load.o)
                0x01010bd0                alt_load
 .text          0x01010c54       0x2c c:/Users/guan-ming.dennis-won/Documents/Code/FPGA_EPCQ_Programmer/software/NIOS_bsp/\libhal_bsp.a(alt_main.o)
                0x01010c54                alt_main
 .text          0x01010c80       0x38 c:/Users/guan-ming.dennis-won/Documents/Code/FPGA_EPCQ_Programmer/software/NIOS_bsp/\libhal_bsp.a(alt_putstr.o)
                0x01010c80                alt_putstr
 .text          0x01010cb8       0x5c c:/Users/guan-ming.dennis-won/Documents/Code/FPGA_EPCQ_Programmer/software/NIOS_bsp/\libhal_bsp.a(alt_write.o)
                0x01010cb8                write
 .text          0x01010d14       0x2c c:/Users/guan-ming.dennis-won/Documents/Code/FPGA_EPCQ_Programmer/software/NIOS_bsp/\libhal_bsp.a(alt_sys_init.o)
                0x01010d14                alt_irq_init
                0x01010d34                alt_sys_init
 .text          0x01010d40       0x30 c:/Users/guan-ming.dennis-won/Documents/Code/FPGA_EPCQ_Programmer/software/NIOS_bsp/\libhal_bsp.a(altera_avalon_jtag_uart_write.o)
                0x01010d40                altera_avalon_jtag_uart_write
 .text          0x01010d70      0x57c c:/Users/guan-ming.dennis-won/Documents/Code/FPGA_EPCQ_Programmer/software/NIOS_bsp/\libhal_bsp.a(altera_epcq_controller2.o)
                0x01010d70                alt_epcq_controller2_lock
                0x01010dcc                alt_epcq_controller2_get_info
                0x01010e04                alt_epcq_controller2_erase_block
                0x01010e98                alt_epcq_controller2_write_block
                0x01010fe4                alt_epcq_controller2_write
                0x01011110                alt_epcq_controller2_read
                0x01011160                altera_epcq_controller2_init
 .text          0x010112ec       0x90 c:/Users/guan-ming.dennis-won/Documents/Code/FPGA_EPCQ_Programmer/software/NIOS_bsp/\libhal_bsp.a(alt_busy_sleep.o)
                0x010112ec                alt_busy_sleep
 .text          0x0101137c        0x4 c:/Users/guan-ming.dennis-won/Documents/Code/FPGA_EPCQ_Programmer/software/NIOS_bsp/\libhal_bsp.a(alt_dcache_flush_all.o)
                0x0101137c                alt_dcache_flush_all
 .text          0x01011380       0x68 c:/Users/guan-ming.dennis-won/Documents/Code/FPGA_EPCQ_Programmer/software/NIOS_bsp/\libhal_bsp.a(alt_dev_llist_insert.o)
                0x01011380                alt_dev_llist_insert
 .text          0x010113e8        0x0 c:/Users/guan-ming.dennis-won/Documents/Code/FPGA_EPCQ_Programmer/software/NIOS_bsp/\libhal_bsp.a(alt_errno.o)
 .text          0x010113e8       0x60 c:/Users/guan-ming.dennis-won/Documents/Code/FPGA_EPCQ_Programmer/software/NIOS_bsp/\libhal_bsp.a(alt_flash_dev.o)
                0x010113e8                alt_flash_open_dev
                0x01011434                alt_flash_close_dev
 .text          0x01011448        0x4 c:/Users/guan-ming.dennis-won/Documents/Code/FPGA_EPCQ_Programmer/software/NIOS_bsp/\libhal_bsp.a(alt_icache_flush_all.o)
                0x01011448                alt_icache_flush_all
 .text          0x0101144c        0x8 c:/Users/guan-ming.dennis-won/Documents/Code/FPGA_EPCQ_Programmer/software/NIOS_bsp/\libhal_bsp.a(altera_nios2_gen2_irq.o)
                0x0101144c                altera_nios2_gen2_irq_init
 .text          0x01011454       0x70 c:/Users/guan-ming.dennis-won/Documents/Code/FPGA_EPCQ_Programmer/software/NIOS_bsp/\libhal_bsp.a(alt_find_dev.o)
                0x01011454                alt_find_dev
 .text          0x010114c4        0x0 c:/intelfpga_lite/23.1std/nios2eds/bin/gnu/h-x86_64-mingw32/bin/../lib/gcc/nios2-elf/12.3.1/../../../../../H-x86_64-mingw32/nios2-elf/lib/mno-hw-mul\libsmallc.a(libc_a-memcmp.o)
 .text.memcmp   0x010114c4       0x30 c:/intelfpga_lite/23.1std/nios2eds/bin/gnu/h-x86_64-mingw32/bin/../lib/gcc/nios2-elf/12.3.1/../../../../../H-x86_64-mingw32/nios2-elf/lib/mno-hw-mul\libsmallc.a(libc_a-memcmp.o)
                0x010114c4                memcmp
 .text          0x010114f4        0x0 c:/intelfpga_lite/23.1std/nios2eds/bin/gnu/h-x86_64-mingw32/bin/../lib/gcc/nios2-elf/12.3.1/../../../../../H-x86_64-mingw32/nios2-elf/lib/mno-hw-mul\libsmallc.a(libc_a-memcpy.o)
 .text.memcpy   0x010114f4       0x28 c:/intelfpga_lite/23.1std/nios2eds/bin/gnu/h-x86_64-mingw32/bin/../lib/gcc/nios2-elf/12.3.1/../../../../../H-x86_64-mingw32/nios2-elf/lib/mno-hw-mul\libsmallc.a(libc_a-memcpy.o)
                0x010114f4                memcpy
 *(.gnu.warning.*)
 *(.fini)
                [!provide]                        PROVIDE (__etext = ABSOLUTE (.))
                [!provide]                        PROVIDE (_etext = ABSOLUTE (.))
                [!provide]                        PROVIDE (etext = ABSOLUTE (.))
 *(.eh_frame_hdr)
                0x0101151c                        . = ALIGN (0x4)
                [!provide]                        PROVIDE (__preinit_array_start = ABSOLUTE (.))
 *(.preinit_array)
                [!provide]                        PROVIDE (__preinit_array_end = ABSOLUTE (.))
                [!provide]                        PROVIDE (__init_array_start = ABSOLUTE (.))
 *(SORT_BY_INIT_PRIORITY(.init_array.*))
 *(.init_array)
                [!provide]                        PROVIDE (__init_array_end = ABSOLUTE (.))
                [!provide]                        PROVIDE (__fini_array_start = ABSOLUTE (.))
 *(.fini_array)
                [!provide]                        PROVIDE (__fini_array_end = ABSOLUTE (.))
 *(.eh_frame)
 *(.gcc_except_table .gcc_except_table.*)
 *(.dynamic)
                [!provide]                        PROVIDE (__CTOR_LIST__ = ABSOLUTE (.))
 *(.ctors)
 *(SORT_BY_NAME(.ctors.*))
                [!provide]                        PROVIDE (__CTOR_END__ = ABSOLUTE (.))
                [!provide]                        PROVIDE (__DTOR_LIST__ = ABSOLUTE (.))
 *(.dtors)
 *(SORT_BY_NAME(.dtors.*))
                [!provide]                        PROVIDE (__DTOR_END__ = ABSOLUTE (.))
 *(.jcr)
                0x0101151c                        . = ALIGN (0x4)

.rodata         0x0101151c       0xf8
                0x0101151c                        PROVIDE (__ram_rodata_start = ABSOLUTE (.))
                0x0101151c                        . = ALIGN (0x4)
 *(.rodata .rodata.* .gnu.linkonce.r.*)
 .rodata.str1.4
                0x0101151c       0xe0 obj/default/hello_world_small.o
 .rodata._puts_r.str1.4
                0x010115fc        0x2 c:/intelfpga_lite/23.1std/nios2eds/bin/gnu/h-x86_64-mingw32/bin/../lib/gcc/nios2-elf/12.3.1/../../../../../H-x86_64-mingw32/nios2-elf/lib/mno-hw-mul\libsmallc.a(libc_a-puts.o)
 *fill*         0x010115fe        0x2 
 .rodata.str1.4
                0x01011600       0x12 c:/Users/guan-ming.dennis-won/Documents/Code/FPGA_EPCQ_Programmer/software/NIOS_bsp/\libhal_bsp.a(alt_sys_init.o)
 *(.rodata1)
                0x01011614                        . = ALIGN (0x4)
 *fill*         0x01011612        0x2 
                0x01011614                        PROVIDE (__ram_rodata_end = ABSOLUTE (.))
                0x0101151c                        PROVIDE (__flash_rodata_start = LOADADDR (.rodata))

.rwdata         0x01011614      0x148 load address 0x0101175c
                0x01011614                        PROVIDE (__ram_rwdata_start = ABSOLUTE (.))
                0x01011614                        . = ALIGN (0x4)
 *(.got.plt)
 *(.got)
 *(.data1)
 *(.data .data.* .gnu.linkonce.d.*)
 .data          0x01011614        0x0 c:/Users/guan-ming.dennis-won/Documents/Code/FPGA_EPCQ_Programmer/software/NIOS_bsp//obj/HAL/src/crt0.o
 .data          0x01011614        0x0 obj/default/hello_world_small.o
 .data          0x01011614        0x0 c:/intelfpga_lite/23.1std/nios2eds/bin/gnu/h-x86_64-mingw32/bin/../lib/gcc/nios2-elf/12.3.1/../../../../../H-x86_64-mingw32/nios2-elf/lib/mno-hw-mul\libsmallc.a(libc_a-printf.o)
 .data          0x01011614        0x0 c:/intelfpga_lite/23.1std/nios2eds/bin/gnu/h-x86_64-mingw32/bin/../lib/gcc/nios2-elf/12.3.1/../../../../../H-x86_64-mingw32/nios2-elf/lib/mno-hw-mul\libsmallc.a(libc_a-putchar.o)
 .data          0x01011614        0x0 c:/intelfpga_lite/23.1std/nios2eds/bin/gnu/h-x86_64-mingw32/bin/../lib/gcc/nios2-elf/12.3.1/../../../../../H-x86_64-mingw32/nios2-elf/lib/mno-hw-mul\libsmallc.a(libc_a-puts.o)
 .data          0x01011614        0x0 c:/intelfpga_lite/23.1std/nios2eds/bin/gnu/h-x86_64-mingw32/bin/../lib/gcc/nios2-elf/12.3.1/../../../../../H-x86_64-mingw32/nios2-elf/lib/mno-hw-mul\libsmallc.a(libc_a-strlen.o)
 .data          0x01011614        0x0 c:/intelfpga_lite/23.1std/nios2eds/bin/gnu/h-x86_64-mingw32/bin/../lib/gcc/nios2-elf/12.3.1/../../../../../H-x86_64-mingw32/nios2-elf/lib/mno-hw-mul\libsmallc.a(libc_a-impure.o)
 .data._impure_data
                0x01011614       0x54 c:/intelfpga_lite/23.1std/nios2eds/bin/gnu/h-x86_64-mingw32/bin/../lib/gcc/nios2-elf/12.3.1/../../../../../H-x86_64-mingw32/nios2-elf/lib/mno-hw-mul\libsmallc.a(libc_a-impure.o)
                0x01011614                _impure_data
 .data          0x01011668        0x0 c:/intelfpga_lite/23.1std/nios2eds/bin/gnu/h-x86_64-mingw32/bin/../lib/gcc/nios2-elf/12.3.1/../../../../../H-x86_64-mingw32/nios2-elf/lib/mno-hw-mul\libsmallc.a(libc_a-vfprintf.o)
 .data          0x01011668        0x0 c:/intelfpga_lite/23.1std/nios2eds/bin/gnu/h-x86_64-mingw32/bin/../lib/gcc/nios2-elf/12.3.1/../../../../../H-x86_64-mingw32/nios2-elf/lib/mno-hw-mul\libsmallc.a(libc_a-fvwrite_small_dev.o)
 .data          0x01011668        0x0 c:/intelfpga_lite/23.1std/nios2eds/bin/gnu/h-x86_64-mingw32/bin/../lib/gcc/nios2-elf/12.3.1/../../../../../H-x86_64-mingw32/nios2-elf/lib/mno-hw-mul\libsmallc.a(libc_a-putc.o)
 .data          0x01011668        0x0 c:/intelfpga_lite/23.1std/nios2eds/bin/gnu/h-x86_64-mingw32/bin/../lib/gcc/nios2-elf/12.3.1/../../../../../H-x86_64-mingw32/nios2-elf/lib/mno-hw-mul\libsmallc.a(libc_a-writer.o)
 .data          0x01011668        0x0 c:/intelfpga_lite/23.1std/nios2eds/bin/gnu/h-x86_64-mingw32/bin/../lib/gcc/nios2-elf/12.3.1/../../../../../H-x86_64-mingw32/nios2-elf/lib/mno-hw-mul\libsmallc.a(libc_a-int_errno.o)
 .data          0x01011668        0x0 c:/intelfpga_lite/23.1std/nios2eds/bin/gnu/h-x86_64-mingw32/bin/../lib/gcc/nios2-elf/12.3.1/mno-hw-mul\libgcc.a(lib2-divmod.o)
 .data          0x01011668        0x0 c:/intelfpga_lite/23.1std/nios2eds/bin/gnu/h-x86_64-mingw32/bin/../lib/gcc/nios2-elf/12.3.1/mno-hw-mul\libgcc.a(lib2-mul.o)
 .data          0x01011668        0x0 c:/Users/guan-ming.dennis-won/Documents/Code/FPGA_EPCQ_Programmer/software/NIOS_bsp/\libhal_bsp.a(alt_load.o)
 .data          0x01011668        0x0 c:/Users/guan-ming.dennis-won/Documents/Code/FPGA_EPCQ_Programmer/software/NIOS_bsp/\libhal_bsp.a(alt_main.o)
 .data          0x01011668        0x0 c:/Users/guan-ming.dennis-won/Documents/Code/FPGA_EPCQ_Programmer/software/NIOS_bsp/\libhal_bsp.a(alt_putstr.o)
 .data          0x01011668        0x0 c:/Users/guan-ming.dennis-won/Documents/Code/FPGA_EPCQ_Programmer/software/NIOS_bsp/\libhal_bsp.a(alt_write.o)
 .data          0x01011668       0xdc c:/Users/guan-ming.dennis-won/Documents/Code/FPGA_EPCQ_Programmer/software/NIOS_bsp/\libhal_bsp.a(alt_sys_init.o)
 .data          0x01011744        0x0 c:/Users/guan-ming.dennis-won/Documents/Code/FPGA_EPCQ_Programmer/software/NIOS_bsp/\libhal_bsp.a(altera_avalon_jtag_uart_write.o)
 .data          0x01011744        0x0 c:/Users/guan-ming.dennis-won/Documents/Code/FPGA_EPCQ_Programmer/software/NIOS_bsp/\libhal_bsp.a(altera_epcq_controller2.o)
 .data          0x01011744        0x0 c:/Users/guan-ming.dennis-won/Documents/Code/FPGA_EPCQ_Programmer/software/NIOS_bsp/\libhal_bsp.a(alt_busy_sleep.o)
 .data          0x01011744        0x0 c:/Users/guan-ming.dennis-won/Documents/Code/FPGA_EPCQ_Programmer/software/NIOS_bsp/\libhal_bsp.a(alt_dcache_flush_all.o)
 .data          0x01011744        0x0 c:/Users/guan-ming.dennis-won/Documents/Code/FPGA_EPCQ_Programmer/software/NIOS_bsp/\libhal_bsp.a(alt_dev_llist_insert.o)
 .data          0x01011744        0x0 c:/Users/guan-ming.dennis-won/Documents/Code/FPGA_EPCQ_Programmer/software/NIOS_bsp/\libhal_bsp.a(alt_errno.o)
 .data          0x01011744        0x0 c:/Users/guan-ming.dennis-won/Documents/Code/FPGA_EPCQ_Programmer/software/NIOS_bsp/\libhal_bsp.a(alt_flash_dev.o)
 .data          0x01011744        0x0 c:/Users/guan-ming.dennis-won/Documents/Code/FPGA_EPCQ_Programmer/software/NIOS_bsp/\libhal_bsp.a(alt_icache_flush_all.o)
 .data          0x01011744        0x0 c:/Users/guan-ming.dennis-won/Documents/Code/FPGA_EPCQ_Programmer/software/NIOS_bsp/\libhal_bsp.a(altera_nios2_gen2_irq.o)
 .data          0x01011744        0x0 c:/Users/guan-ming.dennis-won/Documents/Code/FPGA_EPCQ_Programmer/software/NIOS_bsp/\libhal_bsp.a(alt_find_dev.o)
 .data          0x01011744        0x0 c:/intelfpga_lite/23.1std/nios2eds/bin/gnu/h-x86_64-mingw32/bin/../lib/gcc/nios2-elf/12.3.1/../../../../../H-x86_64-mingw32/nios2-elf/lib/mno-hw-mul\libsmallc.a(libc_a-memcmp.o)
 .data          0x01011744        0x0 c:/intelfpga_lite/23.1std/nios2eds/bin/gnu/h-x86_64-mingw32/bin/../lib/gcc/nios2-elf/12.3.1/../../../../../H-x86_64-mingw32/nios2-elf/lib/mno-hw-mul\libsmallc.a(libc_a-memcpy.o)
                0x01019744                        _gp = ABSOLUTE ((. + 0x8000))
                [!provide]                        PROVIDE (gp = _gp)
 *(.rwdata .rwdata.*)
 *(.sdata .sdata.* .gnu.linkonce.s.*)
 .sdata._impure_ptr
                0x01011744        0x4 c:/intelfpga_lite/23.1std/nios2eds/bin/gnu/h-x86_64-mingw32/bin/../lib/gcc/nios2-elf/12.3.1/../../../../../H-x86_64-mingw32/nios2-elf/lib/mno-hw-mul\libsmallc.a(libc_a-impure.o)
                0x01011744                _impure_ptr
 .sdata         0x01011748        0x8 c:/Users/guan-ming.dennis-won/Documents/Code/FPGA_EPCQ_Programmer/software/NIOS_bsp/\libhal_bsp.a(alt_sys_init.o)
                0x01011748                epcq_dev_ptr
                0x0101174c                DEBUG
 .sdata         0x01011750        0x4 c:/Users/guan-ming.dennis-won/Documents/Code/FPGA_EPCQ_Programmer/software/NIOS_bsp/\libhal_bsp.a(alt_errno.o)
                0x01011750                alt_errno
 .sdata         0x01011754        0x8 c:/Users/guan-ming.dennis-won/Documents/Code/FPGA_EPCQ_Programmer/software/NIOS_bsp/\libhal_bsp.a(alt_flash_dev.o)
                0x01011754                alt_flash_dev_list
 *(.sdata2 .sdata2.* .gnu.linkonce.s2.*)
                0x0101175c                        . = ALIGN (0x4)
                0x0101175c                        _edata = ABSOLUTE (.)
                [!provide]                        PROVIDE (edata = ABSOLUTE (.))
                0x0101175c                        PROVIDE (__ram_rwdata_end = ABSOLUTE (.))
                0x0101175c                        PROVIDE (__flash_rwdata_start = LOADADDR (.rwdata))

.bss            0x010118a4       0x10
                0x010118a4                        __bss_start = ABSOLUTE (.)
                [!provide]                        PROVIDE (__sbss_start = ABSOLUTE (.))
                [!provide]                        PROVIDE (___sbss_start = ABSOLUTE (.))
 *(.dynsbss)
 *(.sbss .sbss.* .gnu.linkonce.sb.*)
 .sbss.errno    0x010118a4        0x4 c:/intelfpga_lite/23.1std/nios2eds/bin/gnu/h-x86_64-mingw32/bin/../lib/gcc/nios2-elf/12.3.1/../../../../../H-x86_64-mingw32/nios2-elf/lib/mno-hw-mul\libsmallc.a(libc_a-int_errno.o)
                0x010118a4                errno
 .sbss          0x010118a8        0xc c:/Users/guan-ming.dennis-won/Documents/Code/FPGA_EPCQ_Programmer/software/NIOS_bsp/\libhal_bsp.a(alt_main.o)
                0x010118a8                alt_envp
                0x010118ac                alt_argv
                0x010118b0                alt_argc
 *(.sbss2 .sbss2.* .gnu.linkonce.sb2.*)
 *(.scommon)
                [!provide]                        PROVIDE (__sbss_end = ABSOLUTE (.))
                [!provide]                        PROVIDE (___sbss_end = ABSOLUTE (.))
 *(.dynbss)
 *(.bss .bss.* .gnu.linkonce.b.*)
 .bss           0x010118b4        0x0 c:/Users/guan-ming.dennis-won/Documents/Code/FPGA_EPCQ_Programmer/software/NIOS_bsp//obj/HAL/src/crt0.o
 .bss           0x010118b4        0x0 obj/default/hello_world_small.o
 .bss           0x010118b4        0x0 c:/intelfpga_lite/23.1std/nios2eds/bin/gnu/h-x86_64-mingw32/bin/../lib/gcc/nios2-elf/12.3.1/../../../../../H-x86_64-mingw32/nios2-elf/lib/mno-hw-mul\libsmallc.a(libc_a-printf.o)
 .bss           0x010118b4        0x0 c:/intelfpga_lite/23.1std/nios2eds/bin/gnu/h-x86_64-mingw32/bin/../lib/gcc/nios2-elf/12.3.1/../../../../../H-x86_64-mingw32/nios2-elf/lib/mno-hw-mul\libsmallc.a(libc_a-putchar.o)
 .bss           0x010118b4        0x0 c:/intelfpga_lite/23.1std/nios2eds/bin/gnu/h-x86_64-mingw32/bin/../lib/gcc/nios2-elf/12.3.1/../../../../../H-x86_64-mingw32/nios2-elf/lib/mno-hw-mul\libsmallc.a(libc_a-puts.o)
 .bss           0x010118b4        0x0 c:/intelfpga_lite/23.1std/nios2eds/bin/gnu/h-x86_64-mingw32/bin/../lib/gcc/nios2-elf/12.3.1/../../../../../H-x86_64-mingw32/nios2-elf/lib/mno-hw-mul\libsmallc.a(libc_a-strlen.o)
 .bss           0x010118b4        0x0 c:/intelfpga_lite/23.1std/nios2eds/bin/gnu/h-x86_64-mingw32/bin/../lib/gcc/nios2-elf/12.3.1/../../../../../H-x86_64-mingw32/nios2-elf/lib/mno-hw-mul\libsmallc.a(libc_a-impure.o)
 .bss           0x010118b4        0x0 c:/intelfpga_lite/23.1std/nios2eds/bin/gnu/h-x86_64-mingw32/bin/../lib/gcc/nios2-elf/12.3.1/../../../../../H-x86_64-mingw32/nios2-elf/lib/mno-hw-mul\libsmallc.a(libc_a-vfprintf.o)
 .bss           0x010118b4        0x0 c:/intelfpga_lite/23.1std/nios2eds/bin/gnu/h-x86_64-mingw32/bin/../lib/gcc/nios2-elf/12.3.1/../../../../../H-x86_64-mingw32/nios2-elf/lib/mno-hw-mul\libsmallc.a(libc_a-fvwrite_small_dev.o)
 .bss           0x010118b4        0x0 c:/intelfpga_lite/23.1std/nios2eds/bin/gnu/h-x86_64-mingw32/bin/../lib/gcc/nios2-elf/12.3.1/../../../../../H-x86_64-mingw32/nios2-elf/lib/mno-hw-mul\libsmallc.a(libc_a-putc.o)
 .bss           0x010118b4        0x0 c:/intelfpga_lite/23.1std/nios2eds/bin/gnu/h-x86_64-mingw32/bin/../lib/gcc/nios2-elf/12.3.1/../../../../../H-x86_64-mingw32/nios2-elf/lib/mno-hw-mul\libsmallc.a(libc_a-writer.o)
 .bss           0x010118b4        0x0 c:/intelfpga_lite/23.1std/nios2eds/bin/gnu/h-x86_64-mingw32/bin/../lib/gcc/nios2-elf/12.3.1/../../../../../H-x86_64-mingw32/nios2-elf/lib/mno-hw-mul\libsmallc.a(libc_a-int_errno.o)
 .bss           0x010118b4        0x0 c:/intelfpga_lite/23.1std/nios2eds/bin/gnu/h-x86_64-mingw32/bin/../lib/gcc/nios2-elf/12.3.1/mno-hw-mul\libgcc.a(lib2-divmod.o)
 .bss           0x010118b4        0x0 c:/intelfpga_lite/23.1std/nios2eds/bin/gnu/h-x86_64-mingw32/bin/../lib/gcc/nios2-elf/12.3.1/mno-hw-mul\libgcc.a(lib2-mul.o)
 .bss           0x010118b4        0x0 c:/Users/guan-ming.dennis-won/Documents/Code/FPGA_EPCQ_Programmer/software/NIOS_bsp/\libhal_bsp.a(alt_load.o)
 .bss           0x010118b4        0x0 c:/Users/guan-ming.dennis-won/Documents/Code/FPGA_EPCQ_Programmer/software/NIOS_bsp/\libhal_bsp.a(alt_main.o)
 .bss           0x010118b4        0x0 c:/Users/guan-ming.dennis-won/Documents/Code/FPGA_EPCQ_Programmer/software/NIOS_bsp/\libhal_bsp.a(alt_putstr.o)
 .bss           0x010118b4        0x0 c:/Users/guan-ming.dennis-won/Documents/Code/FPGA_EPCQ_Programmer/software/NIOS_bsp/\libhal_bsp.a(alt_write.o)
 .bss           0x010118b4        0x0 c:/Users/guan-ming.dennis-won/Documents/Code/FPGA_EPCQ_Programmer/software/NIOS_bsp/\libhal_bsp.a(alt_sys_init.o)
 .bss           0x010118b4        0x0 c:/Users/guan-ming.dennis-won/Documents/Code/FPGA_EPCQ_Programmer/software/NIOS_bsp/\libhal_bsp.a(altera_avalon_jtag_uart_write.o)
 .bss           0x010118b4        0x0 c:/Users/guan-ming.dennis-won/Documents/Code/FPGA_EPCQ_Programmer/software/NIOS_bsp/\libhal_bsp.a(altera_epcq_controller2.o)
 .bss           0x010118b4        0x0 c:/Users/guan-ming.dennis-won/Documents/Code/FPGA_EPCQ_Programmer/software/NIOS_bsp/\libhal_bsp.a(alt_busy_sleep.o)
 .bss           0x010118b4        0x0 c:/Users/guan-ming.dennis-won/Documents/Code/FPGA_EPCQ_Programmer/software/NIOS_bsp/\libhal_bsp.a(alt_dcache_flush_all.o)
 .bss           0x010118b4        0x0 c:/Users/guan-ming.dennis-won/Documents/Code/FPGA_EPCQ_Programmer/software/NIOS_bsp/\libhal_bsp.a(alt_dev_llist_insert.o)
 .bss           0x010118b4        0x0 c:/Users/guan-ming.dennis-won/Documents/Code/FPGA_EPCQ_Programmer/software/NIOS_bsp/\libhal_bsp.a(alt_errno.o)
 .bss           0x010118b4        0x0 c:/Users/guan-ming.dennis-won/Documents/Code/FPGA_EPCQ_Programmer/software/NIOS_bsp/\libhal_bsp.a(alt_flash_dev.o)
 .bss           0x010118b4        0x0 c:/Users/guan-ming.dennis-won/Documents/Code/FPGA_EPCQ_Programmer/software/NIOS_bsp/\libhal_bsp.a(alt_icache_flush_all.o)
 .bss           0x010118b4        0x0 c:/Users/guan-ming.dennis-won/Documents/Code/FPGA_EPCQ_Programmer/software/NIOS_bsp/\libhal_bsp.a(altera_nios2_gen2_irq.o)
 .bss           0x010118b4        0x0 c:/Users/guan-ming.dennis-won/Documents/Code/FPGA_EPCQ_Programmer/software/NIOS_bsp/\libhal_bsp.a(alt_find_dev.o)
 .bss           0x010118b4        0x0 c:/intelfpga_lite/23.1std/nios2eds/bin/gnu/h-x86_64-mingw32/bin/../lib/gcc/nios2-elf/12.3.1/../../../../../H-x86_64-mingw32/nios2-elf/lib/mno-hw-mul\libsmallc.a(libc_a-memcmp.o)
 .bss           0x010118b4        0x0 c:/intelfpga_lite/23.1std/nios2eds/bin/gnu/h-x86_64-mingw32/bin/../lib/gcc/nios2-elf/12.3.1/../../../../../H-x86_64-mingw32/nios2-elf/lib/mno-hw-mul\libsmallc.a(libc_a-memcpy.o)
 *(COMMON)
                0x010118b4                        . = ALIGN (0x4)
                0x010118b4                        __bss_end = ABSOLUTE (.)

.EPCQ_avl_mem   0x00000000        0x0 load address 0x010118b4
                [!provide]                        PROVIDE (_alt_partition_EPCQ_avl_mem_start = ABSOLUTE (.))
 *(.EPCQ_avl_mem .EPCQ_avl_mem. EPCQ_avl_mem.*)
                0x00000000                        . = ALIGN (0x4)
                [!provide]                        PROVIDE (_alt_partition_EPCQ_avl_mem_end = ABSOLUTE (.))
                [!provide]                        PROVIDE (_alt_partition_EPCQ_avl_mem_load_addr = LOADADDR (.EPCQ_avl_mem))

.RAM            0x010118b4        0x0
                [!provide]                        PROVIDE (_alt_partition_RAM_start = ABSOLUTE (.))
 *(.RAM .RAM. RAM.*)
                0x010118b4                        . = ALIGN (0x4)
                [!provide]                        PROVIDE (_alt_partition_RAM_end = ABSOLUTE (.))
                0x010118b4                        _end = ABSOLUTE (.)
                0x010118b4                        end = ABSOLUTE (.)
                0x010118b4                        __alt_stack_base = ABSOLUTE (.)
                [!provide]                        PROVIDE (_alt_partition_RAM_load_addr = LOADADDR (.RAM))

.stab
 *(.stab)

.stabstr
 *(.stabstr)

.stab.excl
 *(.stab.excl)

.stab.exclstr
 *(.stab.exclstr)

.stab.index
 *(.stab.index)

.stab.indexstr
 *(.stab.indexstr)

.comment        0x00000000       0x2d
 *(.comment)
 .comment       0x00000000       0x2d obj/default/hello_world_small.o
                                 0x2e (size before relaxing)
 .comment       0x0000002d       0x2e c:/intelfpga_lite/23.1std/nios2eds/bin/gnu/h-x86_64-mingw32/bin/../lib/gcc/nios2-elf/12.3.1/../../../../../H-x86_64-mingw32/nios2-elf/lib/mno-hw-mul\libsmallc.a(libc_a-printf.o)
 .comment       0x0000002d       0x2e c:/intelfpga_lite/23.1std/nios2eds/bin/gnu/h-x86_64-mingw32/bin/../lib/gcc/nios2-elf/12.3.1/../../../../../H-x86_64-mingw32/nios2-elf/lib/mno-hw-mul\libsmallc.a(libc_a-putchar.o)
 .comment       0x0000002d       0x2e c:/intelfpga_lite/23.1std/nios2eds/bin/gnu/h-x86_64-mingw32/bin/../lib/gcc/nios2-elf/12.3.1/../../../../../H-x86_64-mingw32/nios2-elf/lib/mno-hw-mul\libsmallc.a(libc_a-puts.o)
 .comment       0x0000002d       0x2e c:/intelfpga_lite/23.1std/nios2eds/bin/gnu/h-x86_64-mingw32/bin/../lib/gcc/nios2-elf/12.3.1/../../../../../H-x86_64-mingw32/nios2-elf/lib/mno-hw-mul\libsmallc.a(libc_a-strlen.o)
 .comment       0x0000002d       0x2e c:/intelfpga_lite/23.1std/nios2eds/bin/gnu/h-x86_64-mingw32/bin/../lib/gcc/nios2-elf/12.3.1/../../../../../H-x86_64-mingw32/nios2-elf/lib/mno-hw-mul\libsmallc.a(libc_a-impure.o)
 .comment       0x0000002d       0x2e c:/intelfpga_lite/23.1std/nios2eds/bin/gnu/h-x86_64-mingw32/bin/../lib/gcc/nios2-elf/12.3.1/../../../../../H-x86_64-mingw32/nios2-elf/lib/mno-hw-mul\libsmallc.a(libc_a-vfprintf.o)
 .comment       0x0000002d       0x2e c:/intelfpga_lite/23.1std/nios2eds/bin/gnu/h-x86_64-mingw32/bin/../lib/gcc/nios2-elf/12.3.1/../../../../../H-x86_64-mingw32/nios2-elf/lib/mno-hw-mul\libsmallc.a(libc_a-fvwrite_small_dev.o)
 .comment       0x0000002d       0x2e c:/intelfpga_lite/23.1std/nios2eds/bin/gnu/h-x86_64-mingw32/bin/../lib/gcc/nios2-elf/12.3.1/../../../../../H-x86_64-mingw32/nios2-elf/lib/mno-hw-mul\libsmallc.a(libc_a-putc.o)
 .comment       0x0000002d       0x2e c:/intelfpga_lite/23.1std/nios2eds/bin/gnu/h-x86_64-mingw32/bin/../lib/gcc/nios2-elf/12.3.1/../../../../../H-x86_64-mingw32/nios2-elf/lib/mno-hw-mul\libsmallc.a(libc_a-writer.o)
 .comment       0x0000002d       0x2e c:/intelfpga_lite/23.1std/nios2eds/bin/gnu/h-x86_64-mingw32/bin/../lib/gcc/nios2-elf/12.3.1/../../../../../H-x86_64-mingw32/nios2-elf/lib/mno-hw-mul\libsmallc.a(libc_a-int_errno.o)
 .comment       0x0000002d       0x2e c:/intelfpga_lite/23.1std/nios2eds/bin/gnu/h-x86_64-mingw32/bin/../lib/gcc/nios2-elf/12.3.1/mno-hw-mul\libgcc.a(lib2-divmod.o)
 .comment       0x0000002d       0x2e c:/intelfpga_lite/23.1std/nios2eds/bin/gnu/h-x86_64-mingw32/bin/../lib/gcc/nios2-elf/12.3.1/mno-hw-mul\libgcc.a(lib2-mul.o)
 .comment       0x0000002d       0x2e c:/Users/guan-ming.dennis-won/Documents/Code/FPGA_EPCQ_Programmer/software/NIOS_bsp/\libhal_bsp.a(alt_load.o)
 .comment       0x0000002d       0x2e c:/Users/guan-ming.dennis-won/Documents/Code/FPGA_EPCQ_Programmer/software/NIOS_bsp/\libhal_bsp.a(alt_main.o)
 .comment       0x0000002d       0x2e c:/Users/guan-ming.dennis-won/Documents/Code/FPGA_EPCQ_Programmer/software/NIOS_bsp/\libhal_bsp.a(alt_putstr.o)
 .comment       0x0000002d       0x2e c:/Users/guan-ming.dennis-won/Documents/Code/FPGA_EPCQ_Programmer/software/NIOS_bsp/\libhal_bsp.a(alt_write.o)
 .comment       0x0000002d       0x2e c:/Users/guan-ming.dennis-won/Documents/Code/FPGA_EPCQ_Programmer/software/NIOS_bsp/\libhal_bsp.a(alt_sys_init.o)
 .comment       0x0000002d       0x2e c:/Users/guan-ming.dennis-won/Documents/Code/FPGA_EPCQ_Programmer/software/NIOS_bsp/\libhal_bsp.a(altera_avalon_jtag_uart_write.o)
 .comment       0x0000002d       0x2e c:/Users/guan-ming.dennis-won/Documents/Code/FPGA_EPCQ_Programmer/software/NIOS_bsp/\libhal_bsp.a(altera_epcq_controller2.o)
 .comment       0x0000002d       0x2e c:/Users/guan-ming.dennis-won/Documents/Code/FPGA_EPCQ_Programmer/software/NIOS_bsp/\libhal_bsp.a(alt_busy_sleep.o)
 .comment       0x0000002d       0x2e c:/Users/guan-ming.dennis-won/Documents/Code/FPGA_EPCQ_Programmer/software/NIOS_bsp/\libhal_bsp.a(alt_dcache_flush_all.o)
 .comment       0x0000002d       0x2e c:/Users/guan-ming.dennis-won/Documents/Code/FPGA_EPCQ_Programmer/software/NIOS_bsp/\libhal_bsp.a(alt_dev_llist_insert.o)
 .comment       0x0000002d       0x2e c:/Users/guan-ming.dennis-won/Documents/Code/FPGA_EPCQ_Programmer/software/NIOS_bsp/\libhal_bsp.a(alt_errno.o)
 .comment       0x0000002d       0x2e c:/Users/guan-ming.dennis-won/Documents/Code/FPGA_EPCQ_Programmer/software/NIOS_bsp/\libhal_bsp.a(alt_flash_dev.o)
 .comment       0x0000002d       0x2e c:/Users/guan-ming.dennis-won/Documents/Code/FPGA_EPCQ_Programmer/software/NIOS_bsp/\libhal_bsp.a(alt_icache_flush_all.o)
 .comment       0x0000002d       0x2e c:/Users/guan-ming.dennis-won/Documents/Code/FPGA_EPCQ_Programmer/software/NIOS_bsp/\libhal_bsp.a(altera_nios2_gen2_irq.o)
 .comment       0x0000002d       0x2e c:/Users/guan-ming.dennis-won/Documents/Code/FPGA_EPCQ_Programmer/software/NIOS_bsp/\libhal_bsp.a(alt_find_dev.o)
 .comment       0x0000002d       0x2e c:/intelfpga_lite/23.1std/nios2eds/bin/gnu/h-x86_64-mingw32/bin/../lib/gcc/nios2-elf/12.3.1/../../../../../H-x86_64-mingw32/nios2-elf/lib/mno-hw-mul\libsmallc.a(libc_a-memcmp.o)
 .comment       0x0000002d       0x2e c:/intelfpga_lite/23.1std/nios2eds/bin/gnu/h-x86_64-mingw32/bin/../lib/gcc/nios2-elf/12.3.1/../../../../../H-x86_64-mingw32/nios2-elf/lib/mno-hw-mul\libsmallc.a(libc_a-memcpy.o)

.debug
 *(.debug)

.line
 *(.line)

.debug_srcinfo
 *(.debug_srcinfo)

.debug_sfnames
 *(.debug_sfnames)

.debug_aranges  0x00000000      0x400
 *(.debug_aranges)
 .debug_aranges
                0x00000000       0x28 c:/Users/guan-ming.dennis-won/Documents/Code/FPGA_EPCQ_Programmer/software/NIOS_bsp//obj/HAL/src/crt0.o
 .debug_aranges
                0x00000028       0x20 obj/default/hello_world_small.o
 .debug_aranges
                0x00000048       0x28 c:/intelfpga_lite/23.1std/nios2eds/bin/gnu/h-x86_64-mingw32/bin/../lib/gcc/nios2-elf/12.3.1/../../../../../H-x86_64-mingw32/nios2-elf/lib/mno-hw-mul\libsmallc.a(libc_a-printf.o)
 .debug_aranges
                0x00000070       0x28 c:/intelfpga_lite/23.1std/nios2eds/bin/gnu/h-x86_64-mingw32/bin/../lib/gcc/nios2-elf/12.3.1/../../../../../H-x86_64-mingw32/nios2-elf/lib/mno-hw-mul\libsmallc.a(libc_a-putchar.o)
 .debug_aranges
                0x00000098       0x28 c:/intelfpga_lite/23.1std/nios2eds/bin/gnu/h-x86_64-mingw32/bin/../lib/gcc/nios2-elf/12.3.1/../../../../../H-x86_64-mingw32/nios2-elf/lib/mno-hw-mul\libsmallc.a(libc_a-puts.o)
 .debug_aranges
                0x000000c0       0x20 c:/intelfpga_lite/23.1std/nios2eds/bin/gnu/h-x86_64-mingw32/bin/../lib/gcc/nios2-elf/12.3.1/../../../../../H-x86_64-mingw32/nios2-elf/lib/mno-hw-mul\libsmallc.a(libc_a-strlen.o)
 .debug_aranges
                0x000000e0       0x18 c:/intelfpga_lite/23.1std/nios2eds/bin/gnu/h-x86_64-mingw32/bin/../lib/gcc/nios2-elf/12.3.1/../../../../../H-x86_64-mingw32/nios2-elf/lib/mno-hw-mul\libsmallc.a(libc_a-impure.o)
 .debug_aranges
                0x000000f8       0x30 c:/intelfpga_lite/23.1std/nios2eds/bin/gnu/h-x86_64-mingw32/bin/../lib/gcc/nios2-elf/12.3.1/../../../../../H-x86_64-mingw32/nios2-elf/lib/mno-hw-mul\libsmallc.a(libc_a-vfprintf.o)
 .debug_aranges
                0x00000128       0x20 c:/intelfpga_lite/23.1std/nios2eds/bin/gnu/h-x86_64-mingw32/bin/../lib/gcc/nios2-elf/12.3.1/../../../../../H-x86_64-mingw32/nios2-elf/lib/mno-hw-mul\libsmallc.a(libc_a-fvwrite_small_dev.o)
 .debug_aranges
                0x00000148       0x28 c:/intelfpga_lite/23.1std/nios2eds/bin/gnu/h-x86_64-mingw32/bin/../lib/gcc/nios2-elf/12.3.1/../../../../../H-x86_64-mingw32/nios2-elf/lib/mno-hw-mul\libsmallc.a(libc_a-putc.o)
 .debug_aranges
                0x00000170       0x20 c:/intelfpga_lite/23.1std/nios2eds/bin/gnu/h-x86_64-mingw32/bin/../lib/gcc/nios2-elf/12.3.1/../../../../../H-x86_64-mingw32/nios2-elf/lib/mno-hw-mul\libsmallc.a(libc_a-writer.o)
 .debug_aranges
                0x00000190       0x18 c:/intelfpga_lite/23.1std/nios2eds/bin/gnu/h-x86_64-mingw32/bin/../lib/gcc/nios2-elf/12.3.1/../../../../../H-x86_64-mingw32/nios2-elf/lib/mno-hw-mul\libsmallc.a(libc_a-int_errno.o)
 .debug_aranges
                0x000001a8       0x20 c:/intelfpga_lite/23.1std/nios2eds/bin/gnu/h-x86_64-mingw32/bin/../lib/gcc/nios2-elf/12.3.1/mno-hw-mul\libgcc.a(lib2-divmod.o)
 .debug_aranges
                0x000001c8       0x20 c:/intelfpga_lite/23.1std/nios2eds/bin/gnu/h-x86_64-mingw32/bin/../lib/gcc/nios2-elf/12.3.1/mno-hw-mul\libgcc.a(lib2-mul.o)
 .debug_aranges
                0x000001e8       0x20 c:/Users/guan-ming.dennis-won/Documents/Code/FPGA_EPCQ_Programmer/software/NIOS_bsp/\libhal_bsp.a(alt_load.o)
 .debug_aranges
                0x00000208       0x20 c:/Users/guan-ming.dennis-won/Documents/Code/FPGA_EPCQ_Programmer/software/NIOS_bsp/\libhal_bsp.a(alt_main.o)
 .debug_aranges
                0x00000228       0x20 c:/Users/guan-ming.dennis-won/Documents/Code/FPGA_EPCQ_Programmer/software/NIOS_bsp/\libhal_bsp.a(alt_putstr.o)
 .debug_aranges
                0x00000248       0x20 c:/Users/guan-ming.dennis-won/Documents/Code/FPGA_EPCQ_Programmer/software/NIOS_bsp/\libhal_bsp.a(alt_write.o)
 .debug_aranges
                0x00000268       0x20 c:/Users/guan-ming.dennis-won/Documents/Code/FPGA_EPCQ_Programmer/software/NIOS_bsp/\libhal_bsp.a(alt_sys_init.o)
 .debug_aranges
                0x00000288       0x20 c:/Users/guan-ming.dennis-won/Documents/Code/FPGA_EPCQ_Programmer/software/NIOS_bsp/\libhal_bsp.a(altera_avalon_jtag_uart_write.o)
 .debug_aranges
                0x000002a8       0x20 c:/Users/guan-ming.dennis-won/Documents/Code/FPGA_EPCQ_Programmer/software/NIOS_bsp/\libhal_bsp.a(altera_epcq_controller2.o)
 .debug_aranges
                0x000002c8       0x20 c:/Users/guan-ming.dennis-won/Documents/Code/FPGA_EPCQ_Programmer/software/NIOS_bsp/\libhal_bsp.a(alt_busy_sleep.o)
 .debug_aranges
                0x000002e8       0x20 c:/Users/guan-ming.dennis-won/Documents/Code/FPGA_EPCQ_Programmer/software/NIOS_bsp/\libhal_bsp.a(alt_dcache_flush_all.o)
 .debug_aranges
                0x00000308       0x20 c:/Users/guan-ming.dennis-won/Documents/Code/FPGA_EPCQ_Programmer/software/NIOS_bsp/\libhal_bsp.a(alt_dev_llist_insert.o)
 .debug_aranges
                0x00000328       0x18 c:/Users/guan-ming.dennis-won/Documents/Code/FPGA_EPCQ_Programmer/software/NIOS_bsp/\libhal_bsp.a(alt_errno.o)
 .debug_aranges
                0x00000340       0x20 c:/Users/guan-ming.dennis-won/Documents/Code/FPGA_EPCQ_Programmer/software/NIOS_bsp/\libhal_bsp.a(alt_flash_dev.o)
 .debug_aranges
                0x00000360       0x20 c:/Users/guan-ming.dennis-won/Documents/Code/FPGA_EPCQ_Programmer/software/NIOS_bsp/\libhal_bsp.a(alt_icache_flush_all.o)
 .debug_aranges
                0x00000380       0x20 c:/Users/guan-ming.dennis-won/Documents/Code/FPGA_EPCQ_Programmer/software/NIOS_bsp/\libhal_bsp.a(altera_nios2_gen2_irq.o)
 .debug_aranges
                0x000003a0       0x20 c:/Users/guan-ming.dennis-won/Documents/Code/FPGA_EPCQ_Programmer/software/NIOS_bsp/\libhal_bsp.a(alt_find_dev.o)
 .debug_aranges
                0x000003c0       0x20 c:/intelfpga_lite/23.1std/nios2eds/bin/gnu/h-x86_64-mingw32/bin/../lib/gcc/nios2-elf/12.3.1/../../../../../H-x86_64-mingw32/nios2-elf/lib/mno-hw-mul\libsmallc.a(libc_a-memcmp.o)
 .debug_aranges
                0x000003e0       0x20 c:/intelfpga_lite/23.1std/nios2eds/bin/gnu/h-x86_64-mingw32/bin/../lib/gcc/nios2-elf/12.3.1/../../../../../H-x86_64-mingw32/nios2-elf/lib/mno-hw-mul\libsmallc.a(libc_a-memcpy.o)

.debug_pubnames
 *(.debug_pubnames)

.debug_info     0x00000000     0x6c4a
 *(.debug_info .gnu.linkonce.wi.*)
 .debug_info    0x00000000       0x3f c:/Users/guan-ming.dennis-won/Documents/Code/FPGA_EPCQ_Programmer/software/NIOS_bsp//obj/HAL/src/crt0.o
 .debug_info    0x0000003f      0x6a1 obj/default/hello_world_small.o
 .debug_info    0x000006e0      0x666 c:/intelfpga_lite/23.1std/nios2eds/bin/gnu/h-x86_64-mingw32/bin/../lib/gcc/nios2-elf/12.3.1/../../../../../H-x86_64-mingw32/nios2-elf/lib/mno-hw-mul\libsmallc.a(libc_a-printf.o)
 .debug_info    0x00000d46      0x5a9 c:/intelfpga_lite/23.1std/nios2eds/bin/gnu/h-x86_64-mingw32/bin/../lib/gcc/nios2-elf/12.3.1/../../../../../H-x86_64-mingw32/nios2-elf/lib/mno-hw-mul\libsmallc.a(libc_a-putchar.o)
 .debug_info    0x000012ef      0x5ec c:/intelfpga_lite/23.1std/nios2eds/bin/gnu/h-x86_64-mingw32/bin/../lib/gcc/nios2-elf/12.3.1/../../../../../H-x86_64-mingw32/nios2-elf/lib/mno-hw-mul\libsmallc.a(libc_a-puts.o)
 .debug_info    0x000018db       0xd1 c:/intelfpga_lite/23.1std/nios2eds/bin/gnu/h-x86_64-mingw32/bin/../lib/gcc/nios2-elf/12.3.1/../../../../../H-x86_64-mingw32/nios2-elf/lib/mno-hw-mul\libsmallc.a(libc_a-strlen.o)
 .debug_info    0x000019ac      0x4eb c:/intelfpga_lite/23.1std/nios2eds/bin/gnu/h-x86_64-mingw32/bin/../lib/gcc/nios2-elf/12.3.1/../../../../../H-x86_64-mingw32/nios2-elf/lib/mno-hw-mul\libsmallc.a(libc_a-impure.o)
 .debug_info    0x00001e97      0xd7f c:/intelfpga_lite/23.1std/nios2eds/bin/gnu/h-x86_64-mingw32/bin/../lib/gcc/nios2-elf/12.3.1/../../../../../H-x86_64-mingw32/nios2-elf/lib/mno-hw-mul\libsmallc.a(libc_a-vfprintf.o)
 .debug_info    0x00002c16      0x5c4 c:/intelfpga_lite/23.1std/nios2eds/bin/gnu/h-x86_64-mingw32/bin/../lib/gcc/nios2-elf/12.3.1/../../../../../H-x86_64-mingw32/nios2-elf/lib/mno-hw-mul\libsmallc.a(libc_a-fvwrite_small_dev.o)
 .debug_info    0x000031da      0x5e6 c:/intelfpga_lite/23.1std/nios2eds/bin/gnu/h-x86_64-mingw32/bin/../lib/gcc/nios2-elf/12.3.1/../../../../../H-x86_64-mingw32/nios2-elf/lib/mno-hw-mul\libsmallc.a(libc_a-putc.o)
 .debug_info    0x000037c0      0x5a4 c:/intelfpga_lite/23.1std/nios2eds/bin/gnu/h-x86_64-mingw32/bin/../lib/gcc/nios2-elf/12.3.1/../../../../../H-x86_64-mingw32/nios2-elf/lib/mno-hw-mul\libsmallc.a(libc_a-writer.o)
 .debug_info    0x00003d64       0x85 c:/intelfpga_lite/23.1std/nios2eds/bin/gnu/h-x86_64-mingw32/bin/../lib/gcc/nios2-elf/12.3.1/../../../../../H-x86_64-mingw32/nios2-elf/lib/mno-hw-mul\libsmallc.a(libc_a-int_errno.o)
 .debug_info    0x00003de9      0x347 c:/intelfpga_lite/23.1std/nios2eds/bin/gnu/h-x86_64-mingw32/bin/../lib/gcc/nios2-elf/12.3.1/mno-hw-mul\libgcc.a(lib2-divmod.o)
 .debug_info    0x00004130       0xc4 c:/intelfpga_lite/23.1std/nios2eds/bin/gnu/h-x86_64-mingw32/bin/../lib/gcc/nios2-elf/12.3.1/mno-hw-mul\libgcc.a(lib2-mul.o)
 .debug_info    0x000041f4      0x239 c:/Users/guan-ming.dennis-won/Documents/Code/FPGA_EPCQ_Programmer/software/NIOS_bsp/\libhal_bsp.a(alt_load.o)
 .debug_info    0x0000442d      0x13e c:/Users/guan-ming.dennis-won/Documents/Code/FPGA_EPCQ_Programmer/software/NIOS_bsp/\libhal_bsp.a(alt_main.o)
 .debug_info    0x0000456b      0x15c c:/Users/guan-ming.dennis-won/Documents/Code/FPGA_EPCQ_Programmer/software/NIOS_bsp/\libhal_bsp.a(alt_putstr.o)
 .debug_info    0x000046c7      0x1a8 c:/Users/guan-ming.dennis-won/Documents/Code/FPGA_EPCQ_Programmer/software/NIOS_bsp/\libhal_bsp.a(alt_write.o)
 .debug_info    0x0000486f      0x5d1 c:/Users/guan-ming.dennis-won/Documents/Code/FPGA_EPCQ_Programmer/software/NIOS_bsp/\libhal_bsp.a(alt_sys_init.o)
 .debug_info    0x00004e40      0x149 c:/Users/guan-ming.dennis-won/Documents/Code/FPGA_EPCQ_Programmer/software/NIOS_bsp/\libhal_bsp.a(altera_avalon_jtag_uart_write.o)
 .debug_info    0x00004f89      0xc23 c:/Users/guan-ming.dennis-won/Documents/Code/FPGA_EPCQ_Programmer/software/NIOS_bsp/\libhal_bsp.a(altera_epcq_controller2.o)
 .debug_info    0x00005bac      0x10c c:/Users/guan-ming.dennis-won/Documents/Code/FPGA_EPCQ_Programmer/software/NIOS_bsp/\libhal_bsp.a(alt_busy_sleep.o)
 .debug_info    0x00005cb8       0x8d c:/Users/guan-ming.dennis-won/Documents/Code/FPGA_EPCQ_Programmer/software/NIOS_bsp/\libhal_bsp.a(alt_dcache_flush_all.o)
 .debug_info    0x00005d45      0x1c9 c:/Users/guan-ming.dennis-won/Documents/Code/FPGA_EPCQ_Programmer/software/NIOS_bsp/\libhal_bsp.a(alt_dev_llist_insert.o)
 .debug_info    0x00005f0e       0xa8 c:/Users/guan-ming.dennis-won/Documents/Code/FPGA_EPCQ_Programmer/software/NIOS_bsp/\libhal_bsp.a(alt_errno.o)
 .debug_info    0x00005fb6      0x5ff c:/Users/guan-ming.dennis-won/Documents/Code/FPGA_EPCQ_Programmer/software/NIOS_bsp/\libhal_bsp.a(alt_flash_dev.o)
 .debug_info    0x000065b5       0x8d c:/Users/guan-ming.dennis-won/Documents/Code/FPGA_EPCQ_Programmer/software/NIOS_bsp/\libhal_bsp.a(alt_icache_flush_all.o)
 .debug_info    0x00006642       0x8d c:/Users/guan-ming.dennis-won/Documents/Code/FPGA_EPCQ_Programmer/software/NIOS_bsp/\libhal_bsp.a(altera_nios2_gen2_irq.o)
 .debug_info    0x000066cf      0x361 c:/Users/guan-ming.dennis-won/Documents/Code/FPGA_EPCQ_Programmer/software/NIOS_bsp/\libhal_bsp.a(alt_find_dev.o)
 .debug_info    0x00006a30       0xf9 c:/intelfpga_lite/23.1std/nios2eds/bin/gnu/h-x86_64-mingw32/bin/../lib/gcc/nios2-elf/12.3.1/../../../../../H-x86_64-mingw32/nios2-elf/lib/mno-hw-mul\libsmallc.a(libc_a-memcmp.o)
 .debug_info    0x00006b29      0x121 c:/intelfpga_lite/23.1std/nios2eds/bin/gnu/h-x86_64-mingw32/bin/../lib/gcc/nios2-elf/12.3.1/../../../../../H-x86_64-mingw32/nios2-elf/lib/mno-hw-mul\libsmallc.a(libc_a-memcpy.o)

.debug_abbrev   0x00000000     0x2372
 *(.debug_abbrev)
 .debug_abbrev  0x00000000       0x1f c:/Users/guan-ming.dennis-won/Documents/Code/FPGA_EPCQ_Programmer/software/NIOS_bsp//obj/HAL/src/crt0.o
 .debug_abbrev  0x0000001f      0x1ba obj/default/hello_world_small.o
 .debug_abbrev  0x000001d9      0x1ec c:/intelfpga_lite/23.1std/nios2eds/bin/gnu/h-x86_64-mingw32/bin/../lib/gcc/nios2-elf/12.3.1/../../../../../H-x86_64-mingw32/nios2-elf/lib/mno-hw-mul\libsmallc.a(libc_a-printf.o)
 .debug_abbrev  0x000003c5      0x1c9 c:/intelfpga_lite/23.1std/nios2eds/bin/gnu/h-x86_64-mingw32/bin/../lib/gcc/nios2-elf/12.3.1/../../../../../H-x86_64-mingw32/nios2-elf/lib/mno-hw-mul\libsmallc.a(libc_a-putchar.o)
 .debug_abbrev  0x0000058e      0x1db c:/intelfpga_lite/23.1std/nios2eds/bin/gnu/h-x86_64-mingw32/bin/../lib/gcc/nios2-elf/12.3.1/../../../../../H-x86_64-mingw32/nios2-elf/lib/mno-hw-mul\libsmallc.a(libc_a-puts.o)
 .debug_abbrev  0x00000769       0x8c c:/intelfpga_lite/23.1std/nios2eds/bin/gnu/h-x86_64-mingw32/bin/../lib/gcc/nios2-elf/12.3.1/../../../../../H-x86_64-mingw32/nios2-elf/lib/mno-hw-mul\libsmallc.a(libc_a-strlen.o)
 .debug_abbrev  0x000007f5      0x142 c:/intelfpga_lite/23.1std/nios2eds/bin/gnu/h-x86_64-mingw32/bin/../lib/gcc/nios2-elf/12.3.1/../../../../../H-x86_64-mingw32/nios2-elf/lib/mno-hw-mul\libsmallc.a(libc_a-impure.o)
 .debug_abbrev  0x00000937      0x2d9 c:/intelfpga_lite/23.1std/nios2eds/bin/gnu/h-x86_64-mingw32/bin/../lib/gcc/nios2-elf/12.3.1/../../../../../H-x86_64-mingw32/nios2-elf/lib/mno-hw-mul\libsmallc.a(libc_a-vfprintf.o)
 .debug_abbrev  0x00000c10      0x1c9 c:/intelfpga_lite/23.1std/nios2eds/bin/gnu/h-x86_64-mingw32/bin/../lib/gcc/nios2-elf/12.3.1/../../../../../H-x86_64-mingw32/nios2-elf/lib/mno-hw-mul\libsmallc.a(libc_a-fvwrite_small_dev.o)
 .debug_abbrev  0x00000dd9      0x1c5 c:/intelfpga_lite/23.1std/nios2eds/bin/gnu/h-x86_64-mingw32/bin/../lib/gcc/nios2-elf/12.3.1/../../../../../H-x86_64-mingw32/nios2-elf/lib/mno-hw-mul\libsmallc.a(libc_a-putc.o)
 .debug_abbrev  0x00000f9e      0x1ae c:/intelfpga_lite/23.1std/nios2eds/bin/gnu/h-x86_64-mingw32/bin/../lib/gcc/nios2-elf/12.3.1/../../../../../H-x86_64-mingw32/nios2-elf/lib/mno-hw-mul\libsmallc.a(libc_a-writer.o)
 .debug_abbrev  0x0000114c       0x39 c:/intelfpga_lite/23.1std/nios2eds/bin/gnu/h-x86_64-mingw32/bin/../lib/gcc/nios2-elf/12.3.1/../../../../../H-x86_64-mingw32/nios2-elf/lib/mno-hw-mul\libsmallc.a(libc_a-int_errno.o)
 .debug_abbrev  0x00001185      0x10c c:/intelfpga_lite/23.1std/nios2eds/bin/gnu/h-x86_64-mingw32/bin/../lib/gcc/nios2-elf/12.3.1/mno-hw-mul\libgcc.a(lib2-divmod.o)
 .debug_abbrev  0x00001291       0x80 c:/intelfpga_lite/23.1std/nios2eds/bin/gnu/h-x86_64-mingw32/bin/../lib/gcc/nios2-elf/12.3.1/mno-hw-mul\libgcc.a(lib2-mul.o)
 .debug_abbrev  0x00001311      0x12c c:/Users/guan-ming.dennis-won/Documents/Code/FPGA_EPCQ_Programmer/software/NIOS_bsp/\libhal_bsp.a(alt_load.o)
 .debug_abbrev  0x0000143d       0xeb c:/Users/guan-ming.dennis-won/Documents/Code/FPGA_EPCQ_Programmer/software/NIOS_bsp/\libhal_bsp.a(alt_main.o)
 .debug_abbrev  0x00001528       0xd3 c:/Users/guan-ming.dennis-won/Documents/Code/FPGA_EPCQ_Programmer/software/NIOS_bsp/\libhal_bsp.a(alt_putstr.o)
 .debug_abbrev  0x000015fb      0x117 c:/Users/guan-ming.dennis-won/Documents/Code/FPGA_EPCQ_Programmer/software/NIOS_bsp/\libhal_bsp.a(alt_write.o)
 .debug_abbrev  0x00001712      0x173 c:/Users/guan-ming.dennis-won/Documents/Code/FPGA_EPCQ_Programmer/software/NIOS_bsp/\libhal_bsp.a(alt_sys_init.o)
 .debug_abbrev  0x00001885       0xdc c:/Users/guan-ming.dennis-won/Documents/Code/FPGA_EPCQ_Programmer/software/NIOS_bsp/\libhal_bsp.a(altera_avalon_jtag_uart_write.o)
 .debug_abbrev  0x00001961      0x2d4 c:/Users/guan-ming.dennis-won/Documents/Code/FPGA_EPCQ_Programmer/software/NIOS_bsp/\libhal_bsp.a(altera_epcq_controller2.o)
 .debug_abbrev  0x00001c35       0xb9 c:/Users/guan-ming.dennis-won/Documents/Code/FPGA_EPCQ_Programmer/software/NIOS_bsp/\libhal_bsp.a(alt_busy_sleep.o)
 .debug_abbrev  0x00001cee       0x43 c:/Users/guan-ming.dennis-won/Documents/Code/FPGA_EPCQ_Programmer/software/NIOS_bsp/\libhal_bsp.a(alt_dcache_flush_all.o)
 .debug_abbrev  0x00001d31      0x147 c:/Users/guan-ming.dennis-won/Documents/Code/FPGA_EPCQ_Programmer/software/NIOS_bsp/\libhal_bsp.a(alt_dev_llist_insert.o)
 .debug_abbrev  0x00001e78       0x70 c:/Users/guan-ming.dennis-won/Documents/Code/FPGA_EPCQ_Programmer/software/NIOS_bsp/\libhal_bsp.a(alt_errno.o)
 .debug_abbrev  0x00001ee8      0x170 c:/Users/guan-ming.dennis-won/Documents/Code/FPGA_EPCQ_Programmer/software/NIOS_bsp/\libhal_bsp.a(alt_flash_dev.o)
 .debug_abbrev  0x00002058       0x43 c:/Users/guan-ming.dennis-won/Documents/Code/FPGA_EPCQ_Programmer/software/NIOS_bsp/\libhal_bsp.a(alt_icache_flush_all.o)
 .debug_abbrev  0x0000209b       0x43 c:/Users/guan-ming.dennis-won/Documents/Code/FPGA_EPCQ_Programmer/software/NIOS_bsp/\libhal_bsp.a(altera_nios2_gen2_irq.o)
 .debug_abbrev  0x000020de      0x132 c:/Users/guan-ming.dennis-won/Documents/Code/FPGA_EPCQ_Programmer/software/NIOS_bsp/\libhal_bsp.a(alt_find_dev.o)
 .debug_abbrev  0x00002210       0xa1 c:/intelfpga_lite/23.1std/nios2eds/bin/gnu/h-x86_64-mingw32/bin/../lib/gcc/nios2-elf/12.3.1/../../../../../H-x86_64-mingw32/nios2-elf/lib/mno-hw-mul\libsmallc.a(libc_a-memcmp.o)
 .debug_abbrev  0x000022b1       0xc1 c:/intelfpga_lite/23.1std/nios2eds/bin/gnu/h-x86_64-mingw32/bin/../lib/gcc/nios2-elf/12.3.1/../../../../../H-x86_64-mingw32/nios2-elf/lib/mno-hw-mul\libsmallc.a(libc_a-memcpy.o)

.debug_line     0x00000000     0x1fea
 *(.debug_line)
 .debug_line    0x00000000       0x66 c:/Users/guan-ming.dennis-won/Documents/Code/FPGA_EPCQ_Programmer/software/NIOS_bsp//obj/HAL/src/crt0.o
 .debug_line    0x00000066      0x167 obj/default/hello_world_small.o
 .debug_line    0x000001cd       0xd4 c:/intelfpga_lite/23.1std/nios2eds/bin/gnu/h-x86_64-mingw32/bin/../lib/gcc/nios2-elf/12.3.1/../../../../../H-x86_64-mingw32/nios2-elf/lib/mno-hw-mul\libsmallc.a(libc_a-printf.o)
 .debug_line    0x000002a1       0xa4 c:/intelfpga_lite/23.1std/nios2eds/bin/gnu/h-x86_64-mingw32/bin/../lib/gcc/nios2-elf/12.3.1/../../../../../H-x86_64-mingw32/nios2-elf/lib/mno-hw-mul\libsmallc.a(libc_a-putchar.o)
 .debug_line    0x00000345       0xc2 c:/intelfpga_lite/23.1std/nios2eds/bin/gnu/h-x86_64-mingw32/bin/../lib/gcc/nios2-elf/12.3.1/../../../../../H-x86_64-mingw32/nios2-elf/lib/mno-hw-mul\libsmallc.a(libc_a-puts.o)
 .debug_line    0x00000407       0x7c c:/intelfpga_lite/23.1std/nios2eds/bin/gnu/h-x86_64-mingw32/bin/../lib/gcc/nios2-elf/12.3.1/../../../../../H-x86_64-mingw32/nios2-elf/lib/mno-hw-mul\libsmallc.a(libc_a-strlen.o)
 .debug_line    0x00000483       0x4c c:/intelfpga_lite/23.1std/nios2eds/bin/gnu/h-x86_64-mingw32/bin/../lib/gcc/nios2-elf/12.3.1/../../../../../H-x86_64-mingw32/nios2-elf/lib/mno-hw-mul\libsmallc.a(libc_a-impure.o)
 .debug_line    0x000004cf      0x581 c:/intelfpga_lite/23.1std/nios2eds/bin/gnu/h-x86_64-mingw32/bin/../lib/gcc/nios2-elf/12.3.1/../../../../../H-x86_64-mingw32/nios2-elf/lib/mno-hw-mul\libsmallc.a(libc_a-vfprintf.o)
 .debug_line    0x00000a50       0xd7 c:/intelfpga_lite/23.1std/nios2eds/bin/gnu/h-x86_64-mingw32/bin/../lib/gcc/nios2-elf/12.3.1/../../../../../H-x86_64-mingw32/nios2-elf/lib/mno-hw-mul\libsmallc.a(libc_a-fvwrite_small_dev.o)
 .debug_line    0x00000b27       0xe3 c:/intelfpga_lite/23.1std/nios2eds/bin/gnu/h-x86_64-mingw32/bin/../lib/gcc/nios2-elf/12.3.1/../../../../../H-x86_64-mingw32/nios2-elf/lib/mno-hw-mul\libsmallc.a(libc_a-putc.o)
 .debug_line    0x00000c0a       0xae c:/intelfpga_lite/23.1std/nios2eds/bin/gnu/h-x86_64-mingw32/bin/../lib/gcc/nios2-elf/12.3.1/../../../../../H-x86_64-mingw32/nios2-elf/lib/mno-hw-mul\libsmallc.a(libc_a-writer.o)
 .debug_line    0x00000cb8       0x3a c:/intelfpga_lite/23.1std/nios2eds/bin/gnu/h-x86_64-mingw32/bin/../lib/gcc/nios2-elf/12.3.1/../../../../../H-x86_64-mingw32/nios2-elf/lib/mno-hw-mul\libsmallc.a(libc_a-int_errno.o)
 .debug_line    0x00000cf2      0x2e3 c:/intelfpga_lite/23.1std/nios2eds/bin/gnu/h-x86_64-mingw32/bin/../lib/gcc/nios2-elf/12.3.1/mno-hw-mul\libgcc.a(lib2-divmod.o)
 .debug_line    0x00000fd5       0x88 c:/intelfpga_lite/23.1std/nios2eds/bin/gnu/h-x86_64-mingw32/bin/../lib/gcc/nios2-elf/12.3.1/mno-hw-mul\libgcc.a(lib2-mul.o)
 .debug_line    0x0000105d       0xd2 c:/Users/guan-ming.dennis-won/Documents/Code/FPGA_EPCQ_Programmer/software/NIOS_bsp/\libhal_bsp.a(alt_load.o)
 .debug_line    0x0000112f       0xa2 c:/Users/guan-ming.dennis-won/Documents/Code/FPGA_EPCQ_Programmer/software/NIOS_bsp/\libhal_bsp.a(alt_main.o)
 .debug_line    0x000011d1       0x79 c:/Users/guan-ming.dennis-won/Documents/Code/FPGA_EPCQ_Programmer/software/NIOS_bsp/\libhal_bsp.a(alt_putstr.o)
 .debug_line    0x0000124a       0xc5 c:/Users/guan-ming.dennis-won/Documents/Code/FPGA_EPCQ_Programmer/software/NIOS_bsp/\libhal_bsp.a(alt_write.o)
 .debug_line    0x0000130f       0xad c:/Users/guan-ming.dennis-won/Documents/Code/FPGA_EPCQ_Programmer/software/NIOS_bsp/\libhal_bsp.a(alt_sys_init.o)
 .debug_line    0x000013bc       0x93 c:/Users/guan-ming.dennis-won/Documents/Code/FPGA_EPCQ_Programmer/software/NIOS_bsp/\libhal_bsp.a(altera_avalon_jtag_uart_write.o)
 .debug_line    0x0000144f      0x5dc c:/Users/guan-ming.dennis-won/Documents/Code/FPGA_EPCQ_Programmer/software/NIOS_bsp/\libhal_bsp.a(altera_epcq_controller2.o)
 .debug_line    0x00001a2b       0xe2 c:/Users/guan-ming.dennis-won/Documents/Code/FPGA_EPCQ_Programmer/software/NIOS_bsp/\libhal_bsp.a(alt_busy_sleep.o)
 .debug_line    0x00001b0d       0x4e c:/Users/guan-ming.dennis-won/Documents/Code/FPGA_EPCQ_Programmer/software/NIOS_bsp/\libhal_bsp.a(alt_dcache_flush_all.o)
 .debug_line    0x00001b5b       0xfd c:/Users/guan-ming.dennis-won/Documents/Code/FPGA_EPCQ_Programmer/software/NIOS_bsp/\libhal_bsp.a(alt_dev_llist_insert.o)
 .debug_line    0x00001c58       0x4c c:/Users/guan-ming.dennis-won/Documents/Code/FPGA_EPCQ_Programmer/software/NIOS_bsp/\libhal_bsp.a(alt_errno.o)
 .debug_line    0x00001ca4       0xd4 c:/Users/guan-ming.dennis-won/Documents/Code/FPGA_EPCQ_Programmer/software/NIOS_bsp/\libhal_bsp.a(alt_flash_dev.o)
 .debug_line    0x00001d78       0x4c c:/Users/guan-ming.dennis-won/Documents/Code/FPGA_EPCQ_Programmer/software/NIOS_bsp/\libhal_bsp.a(alt_icache_flush_all.o)
 .debug_line    0x00001dc4       0x54 c:/Users/guan-ming.dennis-won/Documents/Code/FPGA_EPCQ_Programmer/software/NIOS_bsp/\libhal_bsp.a(altera_nios2_gen2_irq.o)
 .debug_line    0x00001e18       0xb7 c:/Users/guan-ming.dennis-won/Documents/Code/FPGA_EPCQ_Programmer/software/NIOS_bsp/\libhal_bsp.a(alt_find_dev.o)
 .debug_line    0x00001ecf       0x8f c:/intelfpga_lite/23.1std/nios2eds/bin/gnu/h-x86_64-mingw32/bin/../lib/gcc/nios2-elf/12.3.1/../../../../../H-x86_64-mingw32/nios2-elf/lib/mno-hw-mul\libsmallc.a(libc_a-memcmp.o)
 .debug_line    0x00001f5e       0x8c c:/intelfpga_lite/23.1std/nios2eds/bin/gnu/h-x86_64-mingw32/bin/../lib/gcc/nios2-elf/12.3.1/../../../../../H-x86_64-mingw32/nios2-elf/lib/mno-hw-mul\libsmallc.a(libc_a-memcpy.o)

.debug_frame    0x00000000      0x6d0
 *(.debug_frame)
 .debug_frame   0x00000000       0x34 obj/default/hello_world_small.o
 .debug_frame   0x00000034       0x48 c:/intelfpga_lite/23.1std/nios2eds/bin/gnu/h-x86_64-mingw32/bin/../lib/gcc/nios2-elf/12.3.1/../../../../../H-x86_64-mingw32/nios2-elf/lib/mno-hw-mul\libsmallc.a(libc_a-printf.o)
 .debug_frame   0x0000007c       0x30 c:/intelfpga_lite/23.1std/nios2eds/bin/gnu/h-x86_64-mingw32/bin/../lib/gcc/nios2-elf/12.3.1/../../../../../H-x86_64-mingw32/nios2-elf/lib/mno-hw-mul\libsmallc.a(libc_a-putchar.o)
 .debug_frame   0x000000ac       0x48 c:/intelfpga_lite/23.1std/nios2eds/bin/gnu/h-x86_64-mingw32/bin/../lib/gcc/nios2-elf/12.3.1/../../../../../H-x86_64-mingw32/nios2-elf/lib/mno-hw-mul\libsmallc.a(libc_a-puts.o)
 .debug_frame   0x000000f4       0x20 c:/intelfpga_lite/23.1std/nios2eds/bin/gnu/h-x86_64-mingw32/bin/../lib/gcc/nios2-elf/12.3.1/../../../../../H-x86_64-mingw32/nios2-elf/lib/mno-hw-mul\libsmallc.a(libc_a-strlen.o)
 .debug_frame   0x00000114       0x90 c:/intelfpga_lite/23.1std/nios2eds/bin/gnu/h-x86_64-mingw32/bin/../lib/gcc/nios2-elf/12.3.1/../../../../../H-x86_64-mingw32/nios2-elf/lib/mno-hw-mul\libsmallc.a(libc_a-vfprintf.o)
 .debug_frame   0x000001a4       0x3c c:/intelfpga_lite/23.1std/nios2eds/bin/gnu/h-x86_64-mingw32/bin/../lib/gcc/nios2-elf/12.3.1/../../../../../H-x86_64-mingw32/nios2-elf/lib/mno-hw-mul\libsmallc.a(libc_a-fvwrite_small_dev.o)
 .debug_frame   0x000001e0       0x50 c:/intelfpga_lite/23.1std/nios2eds/bin/gnu/h-x86_64-mingw32/bin/../lib/gcc/nios2-elf/12.3.1/../../../../../H-x86_64-mingw32/nios2-elf/lib/mno-hw-mul\libsmallc.a(libc_a-putc.o)
 .debug_frame   0x00000230       0x30 c:/intelfpga_lite/23.1std/nios2eds/bin/gnu/h-x86_64-mingw32/bin/../lib/gcc/nios2-elf/12.3.1/../../../../../H-x86_64-mingw32/nios2-elf/lib/mno-hw-mul\libsmallc.a(libc_a-writer.o)
 .debug_frame   0x00000260       0x50 c:/intelfpga_lite/23.1std/nios2eds/bin/gnu/h-x86_64-mingw32/bin/../lib/gcc/nios2-elf/12.3.1/mno-hw-mul\libgcc.a(lib2-divmod.o)
 .debug_frame   0x000002b0       0x20 c:/intelfpga_lite/23.1std/nios2eds/bin/gnu/h-x86_64-mingw32/bin/../lib/gcc/nios2-elf/12.3.1/mno-hw-mul\libgcc.a(lib2-mul.o)
 .debug_frame   0x000002d0       0x2c c:/Users/guan-ming.dennis-won/Documents/Code/FPGA_EPCQ_Programmer/software/NIOS_bsp/\libhal_bsp.a(alt_load.o)
 .debug_frame   0x000002fc       0x2c c:/Users/guan-ming.dennis-won/Documents/Code/FPGA_EPCQ_Programmer/software/NIOS_bsp/\libhal_bsp.a(alt_main.o)
 .debug_frame   0x00000328       0x30 c:/Users/guan-ming.dennis-won/Documents/Code/FPGA_EPCQ_Programmer/software/NIOS_bsp/\libhal_bsp.a(alt_putstr.o)
 .debug_frame   0x00000358       0x2c c:/Users/guan-ming.dennis-won/Documents/Code/FPGA_EPCQ_Programmer/software/NIOS_bsp/\libhal_bsp.a(alt_write.o)
 .debug_frame   0x00000384       0x3c c:/Users/guan-ming.dennis-won/Documents/Code/FPGA_EPCQ_Programmer/software/NIOS_bsp/\libhal_bsp.a(alt_sys_init.o)
 .debug_frame   0x000003c0       0x20 c:/Users/guan-ming.dennis-won/Documents/Code/FPGA_EPCQ_Programmer/software/NIOS_bsp/\libhal_bsp.a(altera_avalon_jtag_uart_write.o)
 .debug_frame   0x000003e0      0x164 c:/Users/guan-ming.dennis-won/Documents/Code/FPGA_EPCQ_Programmer/software/NIOS_bsp/\libhal_bsp.a(altera_epcq_controller2.o)
 .debug_frame   0x00000544       0x34 c:/Users/guan-ming.dennis-won/Documents/Code/FPGA_EPCQ_Programmer/software/NIOS_bsp/\libhal_bsp.a(alt_busy_sleep.o)
 .debug_frame   0x00000578       0x20 c:/Users/guan-ming.dennis-won/Documents/Code/FPGA_EPCQ_Programmer/software/NIOS_bsp/\libhal_bsp.a(alt_dcache_flush_all.o)
 .debug_frame   0x00000598       0x2c c:/Users/guan-ming.dennis-won/Documents/Code/FPGA_EPCQ_Programmer/software/NIOS_bsp/\libhal_bsp.a(alt_dev_llist_insert.o)
 .debug_frame   0x000005c4       0x4c c:/Users/guan-ming.dennis-won/Documents/Code/FPGA_EPCQ_Programmer/software/NIOS_bsp/\libhal_bsp.a(alt_flash_dev.o)
 .debug_frame   0x00000610       0x20 c:/Users/guan-ming.dennis-won/Documents/Code/FPGA_EPCQ_Programmer/software/NIOS_bsp/\libhal_bsp.a(alt_icache_flush_all.o)
 .debug_frame   0x00000630       0x20 c:/Users/guan-ming.dennis-won/Documents/Code/FPGA_EPCQ_Programmer/software/NIOS_bsp/\libhal_bsp.a(altera_nios2_gen2_irq.o)
 .debug_frame   0x00000650       0x40 c:/Users/guan-ming.dennis-won/Documents/Code/FPGA_EPCQ_Programmer/software/NIOS_bsp/\libhal_bsp.a(alt_find_dev.o)
 .debug_frame   0x00000690       0x20 c:/intelfpga_lite/23.1std/nios2eds/bin/gnu/h-x86_64-mingw32/bin/../lib/gcc/nios2-elf/12.3.1/../../../../../H-x86_64-mingw32/nios2-elf/lib/mno-hw-mul\libsmallc.a(libc_a-memcmp.o)
 .debug_frame   0x000006b0       0x20 c:/intelfpga_lite/23.1std/nios2eds/bin/gnu/h-x86_64-mingw32/bin/../lib/gcc/nios2-elf/12.3.1/../../../../../H-x86_64-mingw32/nios2-elf/lib/mno-hw-mul\libsmallc.a(libc_a-memcpy.o)

.debug_str      0x00000000      0xfc7
 *(.debug_str)
 .debug_str     0x00000000       0x7a c:/Users/guan-ming.dennis-won/Documents/Code/FPGA_EPCQ_Programmer/software/NIOS_bsp//obj/HAL/src/crt0.o
                                 0x81 (size before relaxing)
 .debug_str     0x0000007a      0x2f4 obj/default/hello_world_small.o
                                0x3b1 (size before relaxing)
 .debug_str     0x0000036e      0x332 c:/intelfpga_lite/23.1std/nios2eds/bin/gnu/h-x86_64-mingw32/bin/../lib/gcc/nios2-elf/12.3.1/../../../../../H-x86_64-mingw32/nios2-elf/lib/mno-hw-mul\libsmallc.a(libc_a-printf.o)
                                0x402 (size before relaxing)
 .debug_str     0x000006a0       0x13 c:/intelfpga_lite/23.1std/nios2eds/bin/gnu/h-x86_64-mingw32/bin/../lib/gcc/nios2-elf/12.3.1/../../../../../H-x86_64-mingw32/nios2-elf/lib/mno-hw-mul\libsmallc.a(libc_a-putchar.o)
                                0x3a9 (size before relaxing)
 .debug_str     0x000006b3        0xf c:/intelfpga_lite/23.1std/nios2eds/bin/gnu/h-x86_64-mingw32/bin/../lib/gcc/nios2-elf/12.3.1/../../../../../H-x86_64-mingw32/nios2-elf/lib/mno-hw-mul\libsmallc.a(libc_a-puts.o)
                                0x3b3 (size before relaxing)
 .debug_str     0x000006c2        0xf c:/intelfpga_lite/23.1std/nios2eds/bin/gnu/h-x86_64-mingw32/bin/../lib/gcc/nios2-elf/12.3.1/../../../../../H-x86_64-mingw32/nios2-elf/lib/mno-hw-mul\libsmallc.a(libc_a-strlen.o)
                                0x114 (size before relaxing)
 .debug_str     0x000006c2        0xd c:/intelfpga_lite/23.1std/nios2eds/bin/gnu/h-x86_64-mingw32/bin/../lib/gcc/nios2-elf/12.3.1/../../../../../H-x86_64-mingw32/nios2-elf/lib/mno-hw-mul\libsmallc.a(libc_a-impure.o)
                                0x390 (size before relaxing)
 .debug_str     0x000006cf      0x2a1 c:/intelfpga_lite/23.1std/nios2eds/bin/gnu/h-x86_64-mingw32/bin/../lib/gcc/nios2-elf/12.3.1/../../../../../H-x86_64-mingw32/nios2-elf/lib/mno-hw-mul\libsmallc.a(libc_a-vfprintf.o)
                                0x749 (size before relaxing)
 .debug_str     0x00000970       0x25 c:/intelfpga_lite/23.1std/nios2eds/bin/gnu/h-x86_64-mingw32/bin/../lib/gcc/nios2-elf/12.3.1/../../../../../H-x86_64-mingw32/nios2-elf/lib/mno-hw-mul\libsmallc.a(libc_a-fvwrite_small_dev.o)
                                0x3bd (size before relaxing)
 .debug_str     0x00000995        0xc c:/intelfpga_lite/23.1std/nios2eds/bin/gnu/h-x86_64-mingw32/bin/../lib/gcc/nios2-elf/12.3.1/../../../../../H-x86_64-mingw32/nios2-elf/lib/mno-hw-mul\libsmallc.a(libc_a-putc.o)
                                0x3b1 (size before relaxing)
 .debug_str     0x000009a1        0xc c:/intelfpga_lite/23.1std/nios2eds/bin/gnu/h-x86_64-mingw32/bin/../lib/gcc/nios2-elf/12.3.1/../../../../../H-x86_64-mingw32/nios2-elf/lib/mno-hw-mul\libsmallc.a(libc_a-writer.o)
                                0x39c (size before relaxing)
 .debug_str     0x000009a1      0x106 c:/intelfpga_lite/23.1std/nios2eds/bin/gnu/h-x86_64-mingw32/bin/../lib/gcc/nios2-elf/12.3.1/../../../../../H-x86_64-mingw32/nios2-elf/lib/mno-hw-mul\libsmallc.a(libc_a-int_errno.o)
 .debug_str     0x000009a1       0xcd c:/intelfpga_lite/23.1std/nios2eds/bin/gnu/h-x86_64-mingw32/bin/../lib/gcc/nios2-elf/12.3.1/mno-hw-mul\libgcc.a(lib2-divmod.o)
                                0x122 (size before relaxing)
 .debug_str     0x00000a6e       0xe6 c:/intelfpga_lite/23.1std/nios2eds/bin/gnu/h-x86_64-mingw32/bin/../lib/gcc/nios2-elf/12.3.1/mno-hw-mul\libgcc.a(lib2-mul.o)
 .debug_str     0x00000a6e      0x111 c:/Users/guan-ming.dennis-won/Documents/Code/FPGA_EPCQ_Programmer/software/NIOS_bsp/\libhal_bsp.a(alt_load.o)
                                0x208 (size before relaxing)
 .debug_str     0x00000b7f       0x4b c:/Users/guan-ming.dennis-won/Documents/Code/FPGA_EPCQ_Programmer/software/NIOS_bsp/\libhal_bsp.a(alt_main.o)
                                0x138 (size before relaxing)
 .debug_str     0x00000bca       0x44 c:/Users/guan-ming.dennis-won/Documents/Code/FPGA_EPCQ_Programmer/software/NIOS_bsp/\libhal_bsp.a(alt_putstr.o)
                                0x145 (size before relaxing)
 .debug_str     0x00000c0e       0x18 c:/Users/guan-ming.dennis-won/Documents/Code/FPGA_EPCQ_Programmer/software/NIOS_bsp/\libhal_bsp.a(alt_write.o)
                                0x15c (size before relaxing)
 .debug_str     0x00000c26      0x101 c:/Users/guan-ming.dennis-won/Documents/Code/FPGA_EPCQ_Programmer/software/NIOS_bsp/\libhal_bsp.a(alt_sys_init.o)
                                0x472 (size before relaxing)
 .debug_str     0x00000d27      0x101 c:/Users/guan-ming.dennis-won/Documents/Code/FPGA_EPCQ_Programmer/software/NIOS_bsp/\libhal_bsp.a(altera_avalon_jtag_uart_write.o)
                                0x15c (size before relaxing)
 .debug_str     0x00000d27      0x1d6 c:/Users/guan-ming.dennis-won/Documents/Code/FPGA_EPCQ_Programmer/software/NIOS_bsp/\libhal_bsp.a(altera_epcq_controller2.o)
                                0x5ef (size before relaxing)
 .debug_str     0x00000efd       0x1a c:/Users/guan-ming.dennis-won/Documents/Code/FPGA_EPCQ_Programmer/software/NIOS_bsp/\libhal_bsp.a(alt_busy_sleep.o)
                                0x12c (size before relaxing)
 .debug_str     0x00000f17       0xfd c:/Users/guan-ming.dennis-won/Documents/Code/FPGA_EPCQ_Programmer/software/NIOS_bsp/\libhal_bsp.a(alt_dcache_flush_all.o)
 .debug_str     0x00000f17       0x17 c:/Users/guan-ming.dennis-won/Documents/Code/FPGA_EPCQ_Programmer/software/NIOS_bsp/\libhal_bsp.a(alt_dev_llist_insert.o)
                                0x174 (size before relaxing)
 .debug_str     0x00000f2e        0x8 c:/Users/guan-ming.dennis-won/Documents/Code/FPGA_EPCQ_Programmer/software/NIOS_bsp/\libhal_bsp.a(alt_errno.o)
                                 0xfa (size before relaxing)
 .debug_str     0x00000f36       0x76 c:/Users/guan-ming.dennis-won/Documents/Code/FPGA_EPCQ_Programmer/software/NIOS_bsp/\libhal_bsp.a(alt_flash_dev.o)
                                0x308 (size before relaxing)
 .debug_str     0x00000fac       0xfd c:/Users/guan-ming.dennis-won/Documents/Code/FPGA_EPCQ_Programmer/software/NIOS_bsp/\libhal_bsp.a(alt_icache_flush_all.o)
 .debug_str     0x00000fac      0x103 c:/Users/guan-ming.dennis-won/Documents/Code/FPGA_EPCQ_Programmer/software/NIOS_bsp/\libhal_bsp.a(altera_nios2_gen2_irq.o)
 .debug_str     0x00000fac        0x7 c:/Users/guan-ming.dennis-won/Documents/Code/FPGA_EPCQ_Programmer/software/NIOS_bsp/\libhal_bsp.a(alt_find_dev.o)
                                0x1a4 (size before relaxing)
 .debug_str     0x00000fb3      0x10e c:/intelfpga_lite/23.1std/nios2eds/bin/gnu/h-x86_64-mingw32/bin/../lib/gcc/nios2-elf/12.3.1/../../../../../H-x86_64-mingw32/nios2-elf/lib/mno-hw-mul\libsmallc.a(libc_a-memcmp.o)
 .debug_str     0x00000fb3       0x14 c:/intelfpga_lite/23.1std/nios2eds/bin/gnu/h-x86_64-mingw32/bin/../lib/gcc/nios2-elf/12.3.1/../../../../../H-x86_64-mingw32/nios2-elf/lib/mno-hw-mul\libsmallc.a(libc_a-memcpy.o)
                                0x122 (size before relaxing)

.debug_loc
 *(.debug_loc)

.debug_macinfo
 *(.debug_macinfo)

.debug_weaknames
 *(.debug_weaknames)

.debug_funcnames
 *(.debug_funcnames)

.debug_typenames
 *(.debug_typenames)

.debug_varnames
 *(.debug_varnames)

.debug_alt_sim_info
                0x00000000       0x40
 *(.debug_alt_sim_info)
 .debug_alt_sim_info
                0x00000000       0x10 c:/Users/guan-ming.dennis-won/Documents/Code/FPGA_EPCQ_Programmer/software/NIOS_bsp//obj/HAL/src/crt0.o
 .debug_alt_sim_info
                0x00000010       0x30 c:/Users/guan-ming.dennis-won/Documents/Code/FPGA_EPCQ_Programmer/software/NIOS_bsp/\libhal_bsp.a(alt_busy_sleep.o)
                0x0101a000                        __alt_data_end = 0x101a000
                0x0101a000                        PROVIDE (__alt_stack_pointer = __alt_data_end)
                [!provide]                        PROVIDE (__alt_stack_limit = __alt_stack_base)
                [!provide]                        PROVIDE (__alt_heap_start = end)
                [!provide]                        PROVIDE (__alt_heap_limit = 0x101a000)
OUTPUT(NIOS.elf elf32-littlenios2)
LOAD linker stubs

.debug_ranges   0x00000000       0x20
 .debug_ranges  0x00000000       0x20 c:/Users/guan-ming.dennis-won/Documents/Code/FPGA_EPCQ_Programmer/software/NIOS_bsp//obj/HAL/src/crt0.o

.debug_loclists
                0x00000000     0x1c8d
 .debug_loclists
                0x00000000       0x77 obj/default/hello_world_small.o
 .debug_loclists
                0x00000077       0xaa c:/intelfpga_lite/23.1std/nios2eds/bin/gnu/h-x86_64-mingw32/bin/../lib/gcc/nios2-elf/12.3.1/../../../../../H-x86_64-mingw32/nios2-elf/lib/mno-hw-mul\libsmallc.a(libc_a-printf.o)
 .debug_loclists
                0x00000121       0x63 c:/intelfpga_lite/23.1std/nios2eds/bin/gnu/h-x86_64-mingw32/bin/../lib/gcc/nios2-elf/12.3.1/../../../../../H-x86_64-mingw32/nios2-elf/lib/mno-hw-mul\libsmallc.a(libc_a-putchar.o)
 .debug_loclists
                0x00000184       0x73 c:/intelfpga_lite/23.1std/nios2eds/bin/gnu/h-x86_64-mingw32/bin/../lib/gcc/nios2-elf/12.3.1/../../../../../H-x86_64-mingw32/nios2-elf/lib/mno-hw-mul\libsmallc.a(libc_a-puts.o)
 .debug_loclists
                0x000001f7       0x32 c:/intelfpga_lite/23.1std/nios2eds/bin/gnu/h-x86_64-mingw32/bin/../lib/gcc/nios2-elf/12.3.1/../../../../../H-x86_64-mingw32/nios2-elf/lib/mno-hw-mul\libsmallc.a(libc_a-strlen.o)
 .debug_loclists
                0x00000229      0x822 c:/intelfpga_lite/23.1std/nios2eds/bin/gnu/h-x86_64-mingw32/bin/../lib/gcc/nios2-elf/12.3.1/../../../../../H-x86_64-mingw32/nios2-elf/lib/mno-hw-mul\libsmallc.a(libc_a-vfprintf.o)
 .debug_loclists
                0x00000a4b       0xc5 c:/intelfpga_lite/23.1std/nios2eds/bin/gnu/h-x86_64-mingw32/bin/../lib/gcc/nios2-elf/12.3.1/../../../../../H-x86_64-mingw32/nios2-elf/lib/mno-hw-mul\libsmallc.a(libc_a-fvwrite_small_dev.o)
 .debug_loclists
                0x00000b10       0x94 c:/intelfpga_lite/23.1std/nios2eds/bin/gnu/h-x86_64-mingw32/bin/../lib/gcc/nios2-elf/12.3.1/../../../../../H-x86_64-mingw32/nios2-elf/lib/mno-hw-mul\libsmallc.a(libc_a-putc.o)
 .debug_loclists
                0x00000ba4       0x88 c:/intelfpga_lite/23.1std/nios2eds/bin/gnu/h-x86_64-mingw32/bin/../lib/gcc/nios2-elf/12.3.1/../../../../../H-x86_64-mingw32/nios2-elf/lib/mno-hw-mul\libsmallc.a(libc_a-writer.o)
 .debug_loclists
                0x00000c2c      0x37a c:/intelfpga_lite/23.1std/nios2eds/bin/gnu/h-x86_64-mingw32/bin/../lib/gcc/nios2-elf/12.3.1/mno-hw-mul\libgcc.a(lib2-divmod.o)
 .debug_loclists
                0x00000fa6       0x5b c:/intelfpga_lite/23.1std/nios2eds/bin/gnu/h-x86_64-mingw32/bin/../lib/gcc/nios2-elf/12.3.1/mno-hw-mul\libgcc.a(lib2-mul.o)
 .debug_loclists
                0x00001001       0x2c c:/Users/guan-ming.dennis-won/Documents/Code/FPGA_EPCQ_Programmer/software/NIOS_bsp/\libhal_bsp.a(alt_putstr.o)
 .debug_loclists
                0x0000102d       0x7b c:/Users/guan-ming.dennis-won/Documents/Code/FPGA_EPCQ_Programmer/software/NIOS_bsp/\libhal_bsp.a(alt_write.o)
 .debug_loclists
                0x000010a8       0x1e c:/Users/guan-ming.dennis-won/Documents/Code/FPGA_EPCQ_Programmer/software/NIOS_bsp/\libhal_bsp.a(alt_sys_init.o)
 .debug_loclists
                0x000010c6       0x5e c:/Users/guan-ming.dennis-won/Documents/Code/FPGA_EPCQ_Programmer/software/NIOS_bsp/\libhal_bsp.a(altera_avalon_jtag_uart_write.o)
 .debug_loclists
                0x00001124      0x86a c:/Users/guan-ming.dennis-won/Documents/Code/FPGA_EPCQ_Programmer/software/NIOS_bsp/\libhal_bsp.a(altera_epcq_controller2.o)
 .debug_loclists
                0x0000198e       0x8a c:/Users/guan-ming.dennis-won/Documents/Code/FPGA_EPCQ_Programmer/software/NIOS_bsp/\libhal_bsp.a(alt_busy_sleep.o)
 .debug_loclists
                0x00001a18       0x4e c:/Users/guan-ming.dennis-won/Documents/Code/FPGA_EPCQ_Programmer/software/NIOS_bsp/\libhal_bsp.a(alt_dev_llist_insert.o)
 .debug_loclists
                0x00001a66       0x65 c:/Users/guan-ming.dennis-won/Documents/Code/FPGA_EPCQ_Programmer/software/NIOS_bsp/\libhal_bsp.a(alt_flash_dev.o)
 .debug_loclists
                0x00001acb       0x6a c:/Users/guan-ming.dennis-won/Documents/Code/FPGA_EPCQ_Programmer/software/NIOS_bsp/\libhal_bsp.a(alt_find_dev.o)
 .debug_loclists
                0x00001b35       0x8c c:/intelfpga_lite/23.1std/nios2eds/bin/gnu/h-x86_64-mingw32/bin/../lib/gcc/nios2-elf/12.3.1/../../../../../H-x86_64-mingw32/nios2-elf/lib/mno-hw-mul\libsmallc.a(libc_a-memcmp.o)
 .debug_loclists
                0x00001bc1       0xcc c:/intelfpga_lite/23.1std/nios2eds/bin/gnu/h-x86_64-mingw32/bin/../lib/gcc/nios2-elf/12.3.1/../../../../../H-x86_64-mingw32/nios2-elf/lib/mno-hw-mul\libsmallc.a(libc_a-memcpy.o)

.debug_rnglists
                0x00000000      0x278
 .debug_rnglists
                0x00000000       0x4d obj/default/hello_world_small.o
 .debug_rnglists
                0x0000004d       0x19 c:/intelfpga_lite/23.1std/nios2eds/bin/gnu/h-x86_64-mingw32/bin/../lib/gcc/nios2-elf/12.3.1/../../../../../H-x86_64-mingw32/nios2-elf/lib/mno-hw-mul\libsmallc.a(libc_a-printf.o)
 .debug_rnglists
                0x00000066       0x19 c:/intelfpga_lite/23.1std/nios2eds/bin/gnu/h-x86_64-mingw32/bin/../lib/gcc/nios2-elf/12.3.1/../../../../../H-x86_64-mingw32/nios2-elf/lib/mno-hw-mul\libsmallc.a(libc_a-putchar.o)
 .debug_rnglists
                0x0000007f       0x1a c:/intelfpga_lite/23.1std/nios2eds/bin/gnu/h-x86_64-mingw32/bin/../lib/gcc/nios2-elf/12.3.1/../../../../../H-x86_64-mingw32/nios2-elf/lib/mno-hw-mul\libsmallc.a(libc_a-puts.o)
 .debug_rnglists
                0x00000099       0x13 c:/intelfpga_lite/23.1std/nios2eds/bin/gnu/h-x86_64-mingw32/bin/../lib/gcc/nios2-elf/12.3.1/../../../../../H-x86_64-mingw32/nios2-elf/lib/mno-hw-mul\libsmallc.a(libc_a-strlen.o)
 .debug_rnglists
                0x000000ac       0x84 c:/intelfpga_lite/23.1std/nios2eds/bin/gnu/h-x86_64-mingw32/bin/../lib/gcc/nios2-elf/12.3.1/../../../../../H-x86_64-mingw32/nios2-elf/lib/mno-hw-mul\libsmallc.a(libc_a-vfprintf.o)
 .debug_rnglists
                0x00000130       0x14 c:/intelfpga_lite/23.1std/nios2eds/bin/gnu/h-x86_64-mingw32/bin/../lib/gcc/nios2-elf/12.3.1/../../../../../H-x86_64-mingw32/nios2-elf/lib/mno-hw-mul\libsmallc.a(libc_a-fvwrite_small_dev.o)
 .debug_rnglists
                0x00000144       0x19 c:/intelfpga_lite/23.1std/nios2eds/bin/gnu/h-x86_64-mingw32/bin/../lib/gcc/nios2-elf/12.3.1/../../../../../H-x86_64-mingw32/nios2-elf/lib/mno-hw-mul\libsmallc.a(libc_a-putc.o)
 .debug_rnglists
                0x0000015d       0x13 c:/intelfpga_lite/23.1std/nios2eds/bin/gnu/h-x86_64-mingw32/bin/../lib/gcc/nios2-elf/12.3.1/../../../../../H-x86_64-mingw32/nios2-elf/lib/mno-hw-mul\libsmallc.a(libc_a-writer.o)
 .debug_rnglists
                0x00000170       0x3f c:/intelfpga_lite/23.1std/nios2eds/bin/gnu/h-x86_64-mingw32/bin/../lib/gcc/nios2-elf/12.3.1/mno-hw-mul\libgcc.a(lib2-divmod.o)
 .debug_rnglists
                0x000001af       0x23 c:/Users/guan-ming.dennis-won/Documents/Code/FPGA_EPCQ_Programmer/software/NIOS_bsp/\libhal_bsp.a(alt_load.o)
 .debug_rnglists
                0x000001d2       0x16 c:/Users/guan-ming.dennis-won/Documents/Code/FPGA_EPCQ_Programmer/software/NIOS_bsp/\libhal_bsp.a(alt_write.o)
 .debug_rnglists
                0x000001e8       0x54 c:/Users/guan-ming.dennis-won/Documents/Code/FPGA_EPCQ_Programmer/software/NIOS_bsp/\libhal_bsp.a(altera_epcq_controller2.o)
 .debug_rnglists
                0x0000023c       0x16 c:/Users/guan-ming.dennis-won/Documents/Code/FPGA_EPCQ_Programmer/software/NIOS_bsp/\libhal_bsp.a(alt_dev_llist_insert.o)
 .debug_rnglists
                0x00000252       0x13 c:/intelfpga_lite/23.1std/nios2eds/bin/gnu/h-x86_64-mingw32/bin/../lib/gcc/nios2-elf/12.3.1/../../../../../H-x86_64-mingw32/nios2-elf/lib/mno-hw-mul\libsmallc.a(libc_a-memcmp.o)
 .debug_rnglists
                0x00000265       0x13 c:/intelfpga_lite/23.1std/nios2eds/bin/gnu/h-x86_64-mingw32/bin/../lib/gcc/nios2-elf/12.3.1/../../../../../H-x86_64-mingw32/nios2-elf/lib/mno-hw-mul\libsmallc.a(libc_a-memcpy.o)

.debug_line_str
                0x00000000      0xcda
 .debug_line_str
                0x00000000      0x2ae obj/default/hello_world_small.o
                                0x326 (size before relaxing)
 .debug_line_str
                0x000002ae      0x23c c:/intelfpga_lite/23.1std/nios2eds/bin/gnu/h-x86_64-mingw32/bin/../lib/gcc/nios2-elf/12.3.1/../../../../../H-x86_64-mingw32/nios2-elf/lib/mno-hw-mul\libsmallc.a(libc_a-printf.o)
                                0x2e1 (size before relaxing)
 .debug_line_str
                0x000004ea       0x39 c:/intelfpga_lite/23.1std/nios2eds/bin/gnu/h-x86_64-mingw32/bin/../lib/gcc/nios2-elf/12.3.1/../../../../../H-x86_64-mingw32/nios2-elf/lib/mno-hw-mul\libsmallc.a(libc_a-putchar.o)
                                0x2c9 (size before relaxing)
 .debug_line_str
                0x00000523       0x3f c:/intelfpga_lite/23.1std/nios2eds/bin/gnu/h-x86_64-mingw32/bin/../lib/gcc/nios2-elf/12.3.1/../../../../../H-x86_64-mingw32/nios2-elf/lib/mno-hw-mul\libsmallc.a(libc_a-puts.o)
                                0x2d3 (size before relaxing)
 .debug_line_str
                0x00000562       0x69 c:/intelfpga_lite/23.1std/nios2eds/bin/gnu/h-x86_64-mingw32/bin/../lib/gcc/nios2-elf/12.3.1/../../../../../H-x86_64-mingw32/nios2-elf/lib/mno-hw-mul\libsmallc.a(libc_a-strlen.o)
                                0x259 (size before relaxing)
 .debug_line_str
                0x000005cb       0x67 c:/intelfpga_lite/23.1std/nios2eds/bin/gnu/h-x86_64-mingw32/bin/../lib/gcc/nios2-elf/12.3.1/../../../../../H-x86_64-mingw32/nios2-elf/lib/mno-hw-mul\libsmallc.a(libc_a-impure.o)
                                0x25a (size before relaxing)
 .debug_line_str
                0x00000632       0x91 c:/intelfpga_lite/23.1std/nios2eds/bin/gnu/h-x86_64-mingw32/bin/../lib/gcc/nios2-elf/12.3.1/../../../../../H-x86_64-mingw32/nios2-elf/lib/mno-hw-mul\libsmallc.a(libc_a-vfprintf.o)
                                0x33e (size before relaxing)
 .debug_line_str
                0x000006c3       0x43 c:/intelfpga_lite/23.1std/nios2eds/bin/gnu/h-x86_64-mingw32/bin/../lib/gcc/nios2-elf/12.3.1/../../../../../H-x86_64-mingw32/nios2-elf/lib/mno-hw-mul\libsmallc.a(libc_a-fvwrite_small_dev.o)
                                0x2e7 (size before relaxing)
 .debug_line_str
                0x00000706       0x36 c:/intelfpga_lite/23.1std/nios2eds/bin/gnu/h-x86_64-mingw32/bin/../lib/gcc/nios2-elf/12.3.1/../../../../../H-x86_64-mingw32/nios2-elf/lib/mno-hw-mul\libsmallc.a(libc_a-putc.o)
                                0x2ca (size before relaxing)
 .debug_line_str
                0x0000073c       0x41 c:/intelfpga_lite/23.1std/nios2eds/bin/gnu/h-x86_64-mingw32/bin/../lib/gcc/nios2-elf/12.3.1/../../../../../H-x86_64-mingw32/nios2-elf/lib/mno-hw-mul\libsmallc.a(libc_a-writer.o)
                                0x2cf (size before relaxing)
 .debug_line_str
                0x0000077d       0x3b c:/intelfpga_lite/23.1std/nios2eds/bin/gnu/h-x86_64-mingw32/bin/../lib/gcc/nios2-elf/12.3.1/../../../../../H-x86_64-mingw32/nios2-elf/lib/mno-hw-mul\libsmallc.a(libc_a-int_errno.o)
                                0x186 (size before relaxing)
 .debug_line_str
                0x000007b8       0xf2 c:/intelfpga_lite/23.1std/nios2eds/bin/gnu/h-x86_64-mingw32/bin/../lib/gcc/nios2-elf/12.3.1/mno-hw-mul\libgcc.a(lib2-divmod.o)
                                0x187 (size before relaxing)
 .debug_line_str
                0x000008aa       0x3a c:/intelfpga_lite/23.1std/nios2eds/bin/gnu/h-x86_64-mingw32/bin/../lib/gcc/nios2-elf/12.3.1/mno-hw-mul\libgcc.a(lib2-mul.o)
                                0x17e (size before relaxing)
 .debug_line_str
                0x000008e4       0x9e c:/Users/guan-ming.dennis-won/Documents/Code/FPGA_EPCQ_Programmer/software/NIOS_bsp/\libhal_bsp.a(alt_load.o)
                                0x11f (size before relaxing)
 .debug_line_str
                0x00000982       0x4a c:/Users/guan-ming.dennis-won/Documents/Code/FPGA_EPCQ_Programmer/software/NIOS_bsp/\libhal_bsp.a(alt_main.o)
                                0x11e (size before relaxing)
 .debug_line_str
                0x000009cc       0xc0 c:/Users/guan-ming.dennis-won/Documents/Code/FPGA_EPCQ_Programmer/software/NIOS_bsp/\libhal_bsp.a(alt_putstr.o)
                                0x19c (size before relaxing)
 .debug_line_str
                0x00000a8c       0x20 c:/Users/guan-ming.dennis-won/Documents/Code/FPGA_EPCQ_Programmer/software/NIOS_bsp/\libhal_bsp.a(alt_write.o)
                                0x1b7 (size before relaxing)
 .debug_line_str
                0x00000aac       0x4f c:/Users/guan-ming.dennis-won/Documents/Code/FPGA_EPCQ_Programmer/software/NIOS_bsp/\libhal_bsp.a(alt_sys_init.o)
                                0x18b (size before relaxing)
 .debug_line_str
                0x00000afb       0x38 c:/Users/guan-ming.dennis-won/Documents/Code/FPGA_EPCQ_Programmer/software/NIOS_bsp/\libhal_bsp.a(altera_avalon_jtag_uart_write.o)
                                0x15e (size before relaxing)
 .debug_line_str
                0x00000b33       0x47 c:/Users/guan-ming.dennis-won/Documents/Code/FPGA_EPCQ_Programmer/software/NIOS_bsp/\libhal_bsp.a(altera_epcq_controller2.o)
                                0x280 (size before relaxing)
 .debug_line_str
                0x00000b7a       0x19 c:/Users/guan-ming.dennis-won/Documents/Code/FPGA_EPCQ_Programmer/software/NIOS_bsp/\libhal_bsp.a(alt_busy_sleep.o)
                                0x101 (size before relaxing)
 .debug_line_str
                0x00000b93       0x1f c:/Users/guan-ming.dennis-won/Documents/Code/FPGA_EPCQ_Programmer/software/NIOS_bsp/\libhal_bsp.a(alt_dcache_flush_all.o)
                                 0xfd (size before relaxing)
 .debug_line_str
                0x00000bb2       0x1f c:/Users/guan-ming.dennis-won/Documents/Code/FPGA_EPCQ_Programmer/software/NIOS_bsp/\libhal_bsp.a(alt_dev_llist_insert.o)
                                0x142 (size before relaxing)
 .debug_line_str
                0x00000bd1       0x14 c:/Users/guan-ming.dennis-won/Documents/Code/FPGA_EPCQ_Programmer/software/NIOS_bsp/\libhal_bsp.a(alt_errno.o)
                                0x150 (size before relaxing)
 .debug_line_str
                0x00000be5       0x2d c:/Users/guan-ming.dennis-won/Documents/Code/FPGA_EPCQ_Programmer/software/NIOS_bsp/\libhal_bsp.a(alt_flash_dev.o)
                                0x15e (size before relaxing)
 .debug_line_str
                0x00000c12       0x1f c:/Users/guan-ming.dennis-won/Documents/Code/FPGA_EPCQ_Programmer/software/NIOS_bsp/\libhal_bsp.a(alt_icache_flush_all.o)
                                 0xfd (size before relaxing)
 .debug_line_str
                0x00000c31       0x20 c:/Users/guan-ming.dennis-won/Documents/Code/FPGA_EPCQ_Programmer/software/NIOS_bsp/\libhal_bsp.a(altera_nios2_gen2_irq.o)
                                0x100 (size before relaxing)
 .debug_line_str
                0x00000c51       0x17 c:/Users/guan-ming.dennis-won/Documents/Code/FPGA_EPCQ_Programmer/software/NIOS_bsp/\libhal_bsp.a(alt_find_dev.o)
                                0x1dc (size before relaxing)
 .debug_line_str
                0x00000c68       0x39 c:/intelfpga_lite/23.1std/nios2eds/bin/gnu/h-x86_64-mingw32/bin/../lib/gcc/nios2-elf/12.3.1/../../../../../H-x86_64-mingw32/nios2-elf/lib/mno-hw-mul\libsmallc.a(libc_a-memcmp.o)
                                0x259 (size before relaxing)
 .debug_line_str
                0x00000ca1       0x39 c:/intelfpga_lite/23.1std/nios2eds/bin/gnu/h-x86_64-mingw32/bin/../lib/gcc/nios2-elf/12.3.1/../../../../../H-x86_64-mingw32/nios2-elf/lib/mno-hw-mul\libsmallc.a(libc_a-memcpy.o)
                                0x259 (size before relaxing)
