Archive member included to satisfy reference by file (symbol)

c:/intelfpga_lite/23.1std/nios2eds/bin/gnu/h-x86_64-mingw32/bin/../lib/gcc/nios2-elf/12.3.1/../../../../../H-x86_64-mingw32/nios2-elf/lib/mno-hw-mul\libsmallc.a(libc_a-printf.o)
                              obj/default/peripheral/peripheral_linker.o (printf)
c:/intelfpga_lite/23.1std/nios2eds/bin/gnu/h-x86_64-mingw32/bin/../lib/gcc/nios2-elf/12.3.1/../../../../../H-x86_64-mingw32/nios2-elf/lib/mno-hw-mul\libsmallc.a(libc_a-putchar.o)
                              obj/default/peripheral/peripheral_linker.o (putchar)
c:/intelfpga_lite/23.1std/nios2eds/bin/gnu/h-x86_64-mingw32/bin/../lib/gcc/nios2-elf/12.3.1/../../../../../H-x86_64-mingw32/nios2-elf/lib/mno-hw-mul\libsmallc.a(libc_a-puts.o)
                              obj/default/hello_world_small.o (puts)
c:/intelfpga_lite/23.1std/nios2eds/bin/gnu/h-x86_64-mingw32/bin/../lib/gcc/nios2-elf/12.3.1/../../../../../H-x86_64-mingw32/nios2-elf/lib/mno-hw-mul\libsmallc.a(libc_a-strlen.o)
                              c:/intelfpga_lite/23.1std/nios2eds/bin/gnu/h-x86_64-mingw32/bin/../lib/gcc/nios2-elf/12.3.1/../../../../../H-x86_64-mingw32/nios2-elf/lib/mno-hw-mul\libsmallc.a(libc_a-puts.o) (strlen)
c:/intelfpga_lite/23.1std/nios2eds/bin/gnu/h-x86_64-mingw32/bin/../lib/gcc/nios2-elf/12.3.1/../../../../../H-x86_64-mingw32/nios2-elf/lib/mno-hw-mul\libsmallc.a(libc_a-impure.o)
                              c:/intelfpga_lite/23.1std/nios2eds/bin/gnu/h-x86_64-mingw32/bin/../lib/gcc/nios2-elf/12.3.1/../../../../../H-x86_64-mingw32/nios2-elf/lib/mno-hw-mul\libsmallc.a(libc_a-printf.o) (_impure_ptr)
c:/intelfpga_lite/23.1std/nios2eds/bin/gnu/h-x86_64-mingw32/bin/../lib/gcc/nios2-elf/12.3.1/../../../../../H-x86_64-mingw32/nios2-elf/lib/mno-hw-mul\libsmallc.a(libc_a-vfprintf.o)
                              c:/intelfpga_lite/23.1std/nios2eds/bin/gnu/h-x86_64-mingw32/bin/../lib/gcc/nios2-elf/12.3.1/../../../../../H-x86_64-mingw32/nios2-elf/lib/mno-hw-mul\libsmallc.a(libc_a-printf.o) (___vfprintf_internal_r)
c:/intelfpga_lite/23.1std/nios2eds/bin/gnu/h-x86_64-mingw32/bin/../lib/gcc/nios2-elf/12.3.1/../../../../../H-x86_64-mingw32/nios2-elf/lib/mno-hw-mul\libsmallc.a(libc_a-fvwrite_small_dev.o)
                              c:/intelfpga_lite/23.1std/nios2eds/bin/gnu/h-x86_64-mingw32/bin/../lib/gcc/nios2-elf/12.3.1/../../../../../H-x86_64-mingw32/nios2-elf/lib/mno-hw-mul\libsmallc.a(libc_a-printf.o) (__sfvwrite_small_dev)
c:/intelfpga_lite/23.1std/nios2eds/bin/gnu/h-x86_64-mingw32/bin/../lib/gcc/nios2-elf/12.3.1/../../../../../H-x86_64-mingw32/nios2-elf/lib/mno-hw-mul\libsmallc.a(libc_a-putc.o)
                              c:/intelfpga_lite/23.1std/nios2eds/bin/gnu/h-x86_64-mingw32/bin/../lib/gcc/nios2-elf/12.3.1/../../../../../H-x86_64-mingw32/nios2-elf/lib/mno-hw-mul\libsmallc.a(libc_a-putchar.o) (_putc_r)
c:/intelfpga_lite/23.1std/nios2eds/bin/gnu/h-x86_64-mingw32/bin/../lib/gcc/nios2-elf/12.3.1/../../../../../H-x86_64-mingw32/nios2-elf/lib/mno-hw-mul\libsmallc.a(libc_a-writer.o)
                              c:/intelfpga_lite/23.1std/nios2eds/bin/gnu/h-x86_64-mingw32/bin/../lib/gcc/nios2-elf/12.3.1/../../../../../H-x86_64-mingw32/nios2-elf/lib/mno-hw-mul\libsmallc.a(libc_a-fvwrite_small_dev.o) (_write_r)
c:/intelfpga_lite/23.1std/nios2eds/bin/gnu/h-x86_64-mingw32/bin/../lib/gcc/nios2-elf/12.3.1/../../../../../H-x86_64-mingw32/nios2-elf/lib/mno-hw-mul\libsmallc.a(libc_a-int_errno.o)
                              c:/intelfpga_lite/23.1std/nios2eds/bin/gnu/h-x86_64-mingw32/bin/../lib/gcc/nios2-elf/12.3.1/../../../../../H-x86_64-mingw32/nios2-elf/lib/mno-hw-mul\libsmallc.a(libc_a-writer.o) (errno)
c:/intelfpga_lite/23.1std/nios2eds/bin/gnu/h-x86_64-mingw32/bin/../lib/gcc/nios2-elf/12.3.1/mno-hw-mul\libgcc.a(lib2-divmod.o)
                              c:/intelfpga_lite/23.1std/nios2eds/bin/gnu/h-x86_64-mingw32/bin/../lib/gcc/nios2-elf/12.3.1/../../../../../H-x86_64-mingw32/nios2-elf/lib/mno-hw-mul\libsmallc.a(libc_a-vfprintf.o) (__udivsi3)
c:/intelfpga_lite/23.1std/nios2eds/bin/gnu/h-x86_64-mingw32/bin/../lib/gcc/nios2-elf/12.3.1/mno-hw-mul\libgcc.a(lib2-mul.o)
                              c:/intelfpga_lite/23.1std/nios2eds/bin/gnu/h-x86_64-mingw32/bin/../lib/gcc/nios2-elf/12.3.1/../../../../../H-x86_64-mingw32/nios2-elf/lib/mno-hw-mul\libsmallc.a(libc_a-vfprintf.o) (__mulsi3)
c:/Users/guan-ming.dennis-won/Documents/Code/FPGA_EPCQ_Programmer/software/NIOS_bsp/\libhal_bsp.a(alt_busy_sleep.o)
                              obj/default/hello_world_small.o (alt_busy_sleep)
c:/Users/guan-ming.dennis-won/Documents/Code/FPGA_EPCQ_Programmer/software/NIOS_bsp/\libhal_bsp.a(alt_load.o)
                              c:/Users/guan-ming.dennis-won/Documents/Code/FPGA_EPCQ_Programmer/software/NIOS_bsp//obj/HAL/src/crt0.o (alt_load)
c:/Users/guan-ming.dennis-won/Documents/Code/FPGA_EPCQ_Programmer/software/NIOS_bsp/\libhal_bsp.a(alt_main.o)
[...]
Memory Configuration

Name             Origin             Length             Attributes
EPCQ_avl_mem     0x00000000         0x01000000
reset            0x01010000         0x00000020
RAM              0x01010020         0x00009fe0
*default*        0x00000000         0xffffffff

Linker script and memory map

LOAD c:/Users/guan-ming.dennis-won/Documents/Code/FPGA_EPCQ_Programmer/software/NIOS_bsp//obj/HAL/src/crt0.o
LOAD obj/default/hello_world_small.o
LOAD obj/default/peripheral/peripheral_linker.o
LOAD c:/intelfpga_lite/23.1std/nios2eds/bin/gnu/h-x86_64-mingw32/bin/../lib/gcc/nios2-elf/12.3.1/../../../../../H-x86_64-mingw32/nios2-elf/lib/mno-hw-mul\libstdc++.a
LOAD c:/intelfpga_lite/23.1std/nios2eds/bin/gnu/h-x86_64-mingw32/bin/../lib/gcc/nios2-elf/12.3.1/../../../../../H-x86_64-mingw32/nios2-elf/lib/mno-hw-mul\libm.a
LOAD c:/intelfpga_lite/23.1std/nios2eds/bin/gnu/h-x86_64-mingw32/bin/../lib/gcc/nios2-elf/12.3.1/mno-hw-mul\libgcc.a
START GROUP
LOAD c:/intelfpga_lite/23.1std/nios2eds/bin/gnu/h-x86_64-mingw32/bin/../lib/gcc/nios2-elf/12.3.1/../../../../../H-x86_64-mingw32/nios2-elf/lib/mno-hw-mul\libsmallc.a
LOAD c:/intelfpga_lite/23.1std/nios2eds/bin/gnu/h-x86_64-mingw32/bin/../lib/gcc/nios2-elf/12.3.1/mno-hw-mul\libgcc.a
LOAD c:/Users/guan-ming.dennis-won/Documents/Code/FPGA_EPCQ_Programmer/software/NIOS_bsp/\libhal_bsp.a
LOAD c:/intelfpga_lite/23.1std/nios2eds/bin/gnu/h-x86_64-mingw32/bin/../lib/gcc/nios2-elf/12.3.1/../../../../../H-x86_64-mingw32/nios2-elf/lib/mno-hw-mul\libm.a
END GROUP
LOAD c:/intelfpga_lite/23.1std/nios2eds/bin/gnu/h-x86_64-mingw32/bin/../lib/gcc/nios2-elf/12.3.1/mno-hw-mul\libgcc.a
                0x00000000                        __alt_mem_EPCQ_avl_mem = 0x0
                0x01010000                        __alt_mem_RAM = 0x1010000

.entry          0x01010000       0x20
 *(.entry)
 .entry         0x01010000       0x20 c:/Users/guan-ming.dennis-won/Documents/Code/FPGA_EPCQ_Programmer/software/NIOS_bsp//obj/HAL/src/crt0.o
                0x01010000                __reset
                0x0101000c                _exit

.exceptions     0x01010020        0x0
                0x01010020                        PROVIDE (__ram_exceptions_start = ABSOLUTE (.))
                0x01010020                        . = ALIGN (0x20)
 *(.irq)
 *(.exceptions.entry.label)
 *(.exceptions.entry.user)
 *(.exceptions.entry.ecc_fatal)
 *(.exceptions.entry)
 *(.exceptions.irqtest.user)
 *(.exceptions.irqtest)
 *(.exceptions.irqhandler.user)
 *(.exceptions.irqhandler)
 *(.exceptions.irqreturn.user)
 *(.exceptions.irqreturn)
 *(.exceptions.notirq.label)
 *(.exceptions.notirq.user)
 *(.exceptions.notirq)
 *(.exceptions.soft.user)
 *(.exceptions.soft)
 *(.exceptions.unknown.user)
 *(.exceptions.unknown)
 *(.exceptions.exit.label)
 *(.exceptions.exit.user)
 *(.exceptions.exit)
 *(.exceptions)
                0x01010020                        PROVIDE (__ram_exceptions_end = ABSOLUTE (.))
                0x01010020                        PROVIDE (__flash_exceptions_start = LOADADDR (.exceptions))

.text           0x01010020     0x1774
                [!provide]                        PROVIDE (stext = ABSOLUTE (.))
 *(.interp)
 *(.hash)
 *(.dynsym)
 *(.dynstr)
 *(.gnu.version)
 *(.gnu.version_d)
 *(.gnu.version_r)
 *(.rel.init)
 *(.rela.init)
 *(.rel.text .rel.text.* .rel.gnu.linkonce.t.*)
 *(.rela.text .rela.text.* .rela.gnu.linkonce.t.*)
 *(.rel.fini)
 *(.rela.fini)
 *(.rel.rodata .rel.rodata.* .rel.gnu.linkonce.r.*)
 *(.rela.rodata .rela.rodata.* .rela.gnu.linkonce.r.*)
 *(.rel.data .rel.data.* .rel.gnu.linkonce.d.*)
 *(.rela.data .rela.data.* .rela.gnu.linkonce.d.*)
 *(.rel.tdata .rel.tdata.* .rel.gnu.linkonce.td.*)
 *(.rela.tdata .rela.tdata.* .rela.gnu.linkonce.td.*)
 *(.rel.tbss .rel.tbss.* .rel.gnu.linkonce.tb.*)
 *(.rela.tbss .rela.tbss.* .rela.gnu.linkonce.tb.*)
 *(.rel.ctors)
 *(.rela.ctors)
 *(.rel.dtors)
 *(.rela.dtors)
 *(.rel.got)
 *(.rela.got)
 *(.rel.sdata .rel.sdata.* .rel.gnu.linkonce.s.*)
 *(.rela.sdata .rela.sdata.* .rela.gnu.linkonce.s.*)
 *(.rel.sbss .rel.sbss.* .rel.gnu.linkonce.sb.*)
 *(.rela.sbss .rela.sbss.* .rela.gnu.linkonce.sb.*)
 *(.rel.sdata2 .rel.sdata2.* .rel.gnu.linkonce.s2.*)
 *(.rela.sdata2 .rela.sdata2.* .rela.gnu.linkonce.s2.*)
 *(.rel.sbss2 .rel.sbss2.* .rel.gnu.linkonce.sb2.*)
 *(.rela.sbss2 .rela.sbss2.* .rela.gnu.linkonce.sb2.*)
 *(.rel.bss .rel.bss.* .rel.gnu.linkonce.b.*)
 *(.rela.bss .rela.bss.* .rela.gnu.linkonce.b.*)
 *(.rel.plt)
 *(.rela.plt)
 *(.rel.dyn)
 *(.init)
 *(.plt)
 *(.text .stub .text.* .gnu.linkonce.t.*)
 .text          0x01010020       0x3c c:/Users/guan-ming.dennis-won/Documents/Code/FPGA_EPCQ_Programmer/software/NIOS_bsp//obj/HAL/src/crt0.o
                0x01010020                _start
 .text          0x0101005c        0x0 obj/default/hello_world_small.o
 .text.startup  0x0101005c       0xf0 obj/default/hello_world_small.o
                0x0101005c                main
 .text          0x0101014c      0x28c obj/default/peripheral/peripheral_linker.o
                0x0101014c                print_read_epcq_mem
                0x010101c0                erase_epcq_sector
                0x010101e8                erase_epcq_all_sector
                0x01010254                epcq_controller_sanity_check
 .text          0x010103d8        0x0 c:/intelfpga_lite/23.1std/nios2eds/bin/gnu/h-x86_64-mingw32/bin/../lib/gcc/nios2-elf/12.3.1/../../../../../H-x86_64-mingw32/nios2-elf/lib/mno-hw-mul\libsmallc.a(libc_a-printf.o)
 .text._printf_r
                0x010103d8       0x3c c:/intelfpga_lite/23.1std/nios2eds/bin/gnu/h-x86_64-mingw32/bin/../lib/gcc/nios2-elf/12.3.1/../../../../../H-x86_64-mingw32/nios2-elf/lib/mno-hw-mul\libsmallc.a(libc_a-printf.o)
                0x010103d8                _printf_r
 .text.printf   0x01010414       0x48 c:/intelfpga_lite/23.1std/nios2eds/bin/gnu/h-x86_64-mingw32/bin/../lib/gcc/nios2-elf/12.3.1/../../../../../H-x86_64-mingw32/nios2-elf/lib/mno-hw-mul\libsmallc.a(libc_a-printf.o)
                0x01010414                printf
 .text          0x0101045c        0x0 c:/intelfpga_lite/23.1std/nios2eds/bin/gnu/h-x86_64-mingw32/bin/../lib/gcc/nios2-elf/12.3.1/../../../../../H-x86_64-mingw32/nios2-elf/lib/mno-hw-mul\libsmallc.a(libc_a-putchar.o)
 .text._putchar_r
                0x0101045c        0x8 c:/intelfpga_lite/23.1std/nios2eds/bin/gnu/h-x86_64-mingw32/bin/../lib/gcc/nios2-elf/12.3.1/../../../../../H-x86_64-mingw32/nios2-elf/lib/mno-hw-mul\libsmallc.a(libc_a-putchar.o)
                0x0101045c                _putchar_r
 .text.putchar  0x01010464       0x18 c:/intelfpga_lite/23.1std/nios2eds/bin/gnu/h-x86_64-mingw32/bin/../lib/gcc/nios2-elf/12.3.1/../../../../../H-x86_64-mingw32/nios2-elf/lib/mno-hw-mul\libsmallc.a(libc_a-putchar.o)
                0x01010464                putchar
 .text          0x0101047c        0x0 c:/intelfpga_lite/23.1std/nios2eds/bin/gnu/h-x86_64-mingw32/bin/../lib/gcc/nios2-elf/12.3.1/../../../../../H-x86_64-mingw32/nios2-elf/lib/mno-hw-mul\libsmallc.a(libc_a-puts.o)
 .text._puts_r  0x0101047c       0x80 c:/intelfpga_lite/23.1std/nios2eds/bin/gnu/h-x86_64-mingw32/bin/../lib/gcc/nios2-elf/12.3.1/../../../../../H-x86_64-mingw32/nios2-elf/lib/mno-hw-mul\libsmallc.a(libc_a-puts.o)
                0x0101047c                _puts_r
 .text.puts     0x010104fc       0x10 c:/intelfpga_lite/23.1std/nios2eds/bin/gnu/h-x86_64-mingw32/bin/../lib/gcc/nios2-elf/12.3.1/../../../../../H-x86_64-mingw32/nios2-elf/lib/mno-hw-mul\libsmallc.a(libc_a-puts.o)
                0x010104fc                puts
 .text          0x0101050c        0x0 c:/intelfpga_lite/23.1std/nios2eds/bin/gnu/h-x86_64-mingw32/bin/../lib/gcc/nios2-elf/12.3.1/../../../../../H-x86_64-mingw32/nios2-elf/lib/mno-hw-mul\libsmallc.a(libc_a-strlen.o)
 .text.strlen   0x0101050c       0x1c c:/intelfpga_lite/23.1std/nios2eds/bin/gnu/h-x86_64-mingw32/bin/../lib/gcc/nios2-elf/12.3.1/../../../../../H-x86_64-mingw32/nios2-elf/lib/mno-hw-mul\libsmallc.a(libc_a-strlen.o)
                0x0101050c                strlen
 .text          0x01010528        0x0 c:/intelfpga_lite/23.1std/nios2eds/bin/gnu/h-x86_64-mingw32/bin/../lib/gcc/nios2-elf/12.3.1/../../../../../H-x86_64-mingw32/nios2-elf/lib/mno-hw-mul\libsmallc.a(libc_a-impure.o)
 .text          0x01010528        0x0 c:/intelfpga_lite/23.1std/nios2eds/bin/gnu/h-x86_64-mingw32/bin/../lib/gcc/nios2-elf/12.3.1/../../../../../H-x86_64-mingw32/nios2-elf/lib/mno-hw-mul\libsmallc.a(libc_a-vfprintf.o)
 .text.print_repeat
                0x01010528       0x6c c:/intelfpga_lite/23.1std/nios2eds/bin/gnu/h-x86_64-mingw32/bin/../lib/gcc/nios2-elf/12.3.1/../../../../../H-x86_64-mingw32/nios2-elf/lib/mno-hw-mul\libsmallc.a(libc_a-vfprintf.o)
 .text.___vfprintf_internal_r
                0x01010594      0x51c c:/intelfpga_lite/23.1std/nios2eds/bin/gnu/h-x86_64-mingw32/bin/../lib/gcc/nios2-elf/12.3.1/../../../../../H-x86_64-mingw32/nios2-elf/lib/mno-hw-mul\libsmallc.a(libc_a-vfprintf.o)
                0x01010594                ___vfprintf_internal_r
 .text.__vfprintf_internal
                0x01010ab0       0x18 c:/intelfpga_lite/23.1std/nios2eds/bin/gnu/h-x86_64-mingw32/bin/../lib/gcc/nios2-elf/12.3.1/../../../../../H-x86_64-mingw32/nios2-elf/lib/mno-hw-mul\libsmallc.a(libc_a-vfprintf.o)
                0x01010ab0                __vfprintf_internal
 .text          0x01010ac8        0x0 c:/intelfpga_lite/23.1std/nios2eds/bin/gnu/h-x86_64-mingw32/bin/../lib/gcc/nios2-elf/12.3.1/../../../../../H-x86_64-mingw32/nios2-elf/lib/mno-hw-mul\libsmallc.a(libc_a-fvwrite_small_dev.o)
 .text.__sfvwrite_small_dev
                0x01010ac8       0xa8 c:/intelfpga_lite/23.1std/nios2eds/bin/gnu/h-x86_64-mingw32/bin/../lib/gcc/nios2-elf/12.3.1/../../../../../H-x86_64-mingw32/nios2-elf/lib/mno-hw-mul\libsmallc.a(libc_a-fvwrite_small_dev.o)
                0x01010ac8                __sfvwrite_small_dev
 .text          0x01010b70        0x0 c:/intelfpga_lite/23.1std/nios2eds/bin/gnu/h-x86_64-mingw32/bin/../lib/gcc/nios2-elf/12.3.1/../../../../../H-x86_64-mingw32/nios2-elf/lib/mno-hw-mul\libsmallc.a(libc_a-putc.o)
 .text.putc     0x01010b70       0x54 c:/intelfpga_lite/23.1std/nios2eds/bin/gnu/h-x86_64-mingw32/bin/../lib/gcc/nios2-elf/12.3.1/../../../../../H-x86_64-mingw32/nios2-elf/lib/mno-hw-mul\libsmallc.a(libc_a-putc.o)
                0x01010b70                putc
 .text._putc_r  0x01010bc4       0x58 c:/intelfpga_lite/23.1std/nios2eds/bin/gnu/h-x86_64-mingw32/bin/../lib/gcc/nios2-elf/12.3.1/../../../../../H-x86_64-mingw32/nios2-elf/lib/mno-hw-mul\libsmallc.a(libc_a-putc.o)
                0x01010bc4                _putc_r
 .text          0x01010c1c        0x0 c:/intelfpga_lite/23.1std/nios2eds/bin/gnu/h-x86_64-mingw32/bin/../lib/gcc/nios2-elf/12.3.1/../../../../../H-x86_64-mingw32/nios2-elf/lib/mno-hw-mul\libsmallc.a(libc_a-writer.o)
 .text._write_r
                0x01010c1c       0x50 c:/intelfpga_lite/23.1std/nios2eds/bin/gnu/h-x86_64-mingw32/bin/../lib/gcc/nios2-elf/12.3.1/../../../../../H-x86_64-mingw32/nios2-elf/lib/mno-hw-mul\libsmallc.a(libc_a-writer.o)
                0x01010c1c                _write_r
 .text          0x01010c6c        0x0 c:/intelfpga_lite/23.1std/nios2eds/bin/gnu/h-x86_64-mingw32/bin/../lib/gcc/nios2-elf/12.3.1/../../../../../H-x86_64-mingw32/nios2-elf/lib/mno-hw-mul\libsmallc.a(libc_a-int_errno.o)
 .text          0x01010c6c      0x1b4 c:/intelfpga_lite/23.1std/nios2eds/bin/gnu/h-x86_64-mingw32/bin/../lib/gcc/nios2-elf/12.3.1/mno-hw-mul\libgcc.a(lib2-divmod.o)
                0x01010c6c                __divsi3
                0x01010cec                __modsi3
                0x01010d60                __udivsi3
                0x01010dc4                __umodsi3
 .text          0x01010e20       0x28 c:/intelfpga_lite/23.1std/nios2eds/bin/gnu/h-x86_64-mingw32/bin/../lib/gcc/nios2-elf/12.3.1/mno-hw-mul\libgcc.a(lib2-mul.o)
                0x01010e20                __mulsi3
 .text          0x01010e48       0x90 c:/Users/guan-ming.dennis-won/Documents/Code/FPGA_EPCQ_Programmer/software/NIOS_bsp/\libhal_bsp.a(alt_busy_sleep.o)
                0x01010e48                alt_busy_sleep
 .text          0x01010ed8       0x84 c:/Users/guan-ming.dennis-won/Documents/Code/FPGA_EPCQ_Programmer/software/NIOS_bsp/\libhal_bsp.a(alt_load.o)
                0x01010ed8                alt_load
 .text          0x01010f5c       0x2c c:/Users/guan-ming.dennis-won/Documents/Code/FPGA_EPCQ_Programmer/software/NIOS_bsp/\libhal_bsp.a(alt_main.o)
                0x01010f5c                alt_main
 .text          0x01010f88       0x38 c:/Users/guan-ming.dennis-won/Documents/Code/FPGA_EPCQ_Programmer/software/NIOS_bsp/\libhal_bsp.a(alt_putstr.o)
                0x01010f88                alt_putstr
 .text          0x01010fc0       0x5c c:/Users/guan-ming.dennis-won/Documents/Code/FPGA_EPCQ_Programmer/software/NIOS_bsp/\libhal_bsp.a(alt_write.o)
                0x01010fc0                write
 .text          0x0101101c       0x2c c:/Users/guan-ming.dennis-won/Documents/Code/FPGA_EPCQ_Programmer/software/NIOS_bsp/\libhal_bsp.a(alt_sys_init.o)
                0x0101101c                alt_irq_init
                0x0101103c                alt_sys_init
 .text          0x01011048       0x30 c:/Users/guan-ming.dennis-won/Documents/Code/FPGA_EPCQ_Programmer/software/NIOS_bsp/\libhal_bsp.a(altera_avalon_jtag_uart_write.o)
                0x01011048                altera_avalon_jtag_uart_write
 .text          0x01011078      0x57c c:/Users/guan-ming.dennis-won/Documents/Code/FPGA_EPCQ_Programmer/software/NIOS_bsp/\libhal_bsp.a(altera_epcq_controller2.o)
                0x01011078                alt_epcq_controller2_lock
                0x010110d4                alt_epcq_controller2_get_info
                0x0101110c                alt_epcq_controller2_erase_block
                0x010111a0                alt_epcq_controller2_write_block
                0x010112ec                alt_epcq_controller2_write
                0x01011418                alt_epcq_controller2_read
                0x01011468                altera_epcq_controller2_init
 .text          0x010115f4        0x4 c:/Users/guan-ming.dennis-won/Documents/Code/FPGA_EPCQ_Programmer/software/NIOS_bsp/\libhal_bsp.a(alt_dcache_flush_all.o)
                0x010115f4                alt_dcache_flush_all
 .text          0x010115f8       0x68 c:/Users/guan-ming.dennis-won/Documents/Code/FPGA_EPCQ_Programmer/software/NIOS_bsp/\libhal_bsp.a(alt_dev_llist_insert.o)
                0x010115f8                alt_dev_llist_insert
 .text          0x01011660        0x0 c:/Users/guan-ming.dennis-won/Documents/Code/FPGA_EPCQ_Programmer/software/NIOS_bsp/\libhal_bsp.a(alt_errno.o)
 .text          0x01011660       0x60 c:/Users/guan-ming.dennis-won/Documents/Code/FPGA_EPCQ_Programmer/software/NIOS_bsp/\libhal_bsp.a(alt_flash_dev.o)
                0x01011660                alt_flash_open_dev
                0x010116ac                alt_flash_close_dev
 .text          0x010116c0        0x4 c:/Users/guan-ming.dennis-won/Documents/Code/FPGA_EPCQ_Programmer/software/NIOS_bsp/\libhal_bsp.a(alt_icache_flush_all.o)
                0x010116c0                alt_icache_flush_all
 .text          0x010116c4        0x8 c:/Users/guan-ming.dennis-won/Documents/Code/FPGA_EPCQ_Programmer/software/NIOS_bsp/\libhal_bsp.a(altera_nios2_gen2_irq.o)
                0x010116c4                altera_nios2_gen2_irq_init
 .text          0x010116cc       0x70 c:/Users/guan-ming.dennis-won/Documents/Code/FPGA_EPCQ_Programmer/software/NIOS_bsp/\libhal_bsp.a(alt_find_dev.o)
                0x010116cc                alt_find_dev
 .text          0x0101173c        0x0 c:/intelfpga_lite/23.1std/nios2eds/bin/gnu/h-x86_64-mingw32/bin/../lib/gcc/nios2-elf/12.3.1/../../../../../H-x86_64-mingw32/nios2-elf/lib/mno-hw-mul\libsmallc.a(libc_a-memcmp.o)
 .text.memcmp   0x0101173c       0x30 c:/intelfpga_lite/23.1std/nios2eds/bin/gnu/h-x86_64-mingw32/bin/../lib/gcc/nios2-elf/12.3.1/../../../../../H-x86_64-mingw32/nios2-elf/lib/mno-hw-mul\libsmallc.a(libc_a-memcmp.o)
                0x0101173c                memcmp
 .text          0x0101176c        0x0 c:/intelfpga_lite/23.1std/nios2eds/bin/gnu/h-x86_64-mingw32/bin/../lib/gcc/nios2-elf/12.3.1/../../../../../H-x86_64-mingw32/nios2-elf/lib/mno-hw-mul\libsmallc.a(libc_a-memcpy.o)
 .text.memcpy   0x0101176c       0x28 c:/intelfpga_lite/23.1std/nios2eds/bin/gnu/h-x86_64-mingw32/bin/../lib/gcc/nios2-elf/12.3.1/../../../../../H-x86_64-mingw32/nios2-elf/lib/mno-hw-mul\libsmallc.a(libc_a-memcpy.o)
                0x0101176c                memcpy
 *(.gnu.warning.*)
 *(.fini)
                [!provide]                        PROVIDE (__etext = ABSOLUTE (.))
                [!provide]                        PROVIDE (_etext = ABSOLUTE (.))
                [!provide]                        PROVIDE (etext = ABSOLUTE (.))
 *(.eh_frame_hdr)
                0x01011794                        . = ALIGN (0x4)
                [!provide]                        PROVIDE (__preinit_array_start = ABSOLUTE (.))
 *(.preinit_array)
                [!provide]                        PROVIDE (__preinit_array_end = ABSOLUTE (.))
                [!provide]                        PROVIDE (__init_array_start = ABSOLUTE (.))
 *(SORT_BY_INIT_PRIORITY(.init_array.*))
 *(.init_array)
                [!provide]                        PROVIDE (__init_array_end = ABSOLUTE (.))
                [!provide]                        PROVIDE (__fini_array_start = ABSOLUTE (.))
 *(.fini_array)
                [!provide]                        PROVIDE (__fini_array_end = ABSOLUTE (.))
 *(.eh_frame)
 *(.gcc_except_table .gcc_except_table.*)
 *(.dynamic)
                [!provide]                        PROVIDE (__CTOR_LIST__ = ABSOLUTE (.))
 *(.ctors)
 *(SORT_BY_NAME(.ctors.*))
                [!provide]                        PROVIDE (__CTOR_END__ = ABSOLUTE (.))
                [!provide]                        PROVIDE (__DTOR_LIST__ = ABSOLUTE (.))
 *(.dtors)
 *(SORT_BY_NAME(.dtors.*))
                [!provide]                        PROVIDE (__DTOR_END__ = ABSOLUTE (.))
 *(.jcr)
                0x01011794                        . = ALIGN (0x4)

.rodata         0x01011794      0x154
                0x01011794                        PROVIDE (__ram_rodata_start = ABSOLUTE (.))
                0x01011794                        . = ALIGN (0x4)
 *(.rodata .rodata.* .gnu.linkonce.r.*)
 .rodata.str1.4
                0x01011794       0x93 obj/default/hello_world_small.o
 *fill*         0x01011827        0x1 
 .rodata.str1.4
                0x01011828       0xa6 obj/default/peripheral/peripheral_linker.o
 *fill*         0x010118ce        0x2 
 .rodata._puts_r.str1.4
                0x010118d0        0x2 c:/intelfpga_lite/23.1std/nios2eds/bin/gnu/h-x86_64-mingw32/bin/../lib/gcc/nios2-elf/12.3.1/../../../../../H-x86_64-mingw32/nios2-elf/lib/mno-hw-mul\libsmallc.a(libc_a-puts.o)
 *fill*         0x010118d2        0x2 
 .rodata.str1.4
                0x010118d4       0x12 c:/Users/guan-ming.dennis-won/Documents/Code/FPGA_EPCQ_Programmer/software/NIOS_bsp/\libhal_bsp.a(alt_sys_init.o)
 *(.rodata1)
                0x010118e8                        . = ALIGN (0x4)
 *fill*         0x010118e6        0x2 
                0x010118e8                        PROVIDE (__ram_rodata_end = ABSOLUTE (.))
                0x01011794                        PROVIDE (__flash_rodata_start = LOADADDR (.rodata))

.rwdata         0x010118e8      0x150 load address 0x01011a38
                0x010118e8                        PROVIDE (__ram_rwdata_start = ABSOLUTE (.))
                0x010118e8                        . = ALIGN (0x4)
 *(.got.plt)
 *(.got)
 *(.data1)
 *(.data .data.* .gnu.linkonce.d.*)
 .data          0x010118e8        0x0 c:/Users/guan-ming.dennis-won/Documents/Code/FPGA_EPCQ_Programmer/software/NIOS_bsp//obj/HAL/src/crt0.o
 .data          0x010118e8        0x0 obj/default/hello_world_small.o
 .data          0x010118e8        0x0 obj/default/peripheral/peripheral_linker.o
 .data          0x010118e8        0x0 c:/intelfpga_lite/23.1std/nios2eds/bin/gnu/h-x86_64-mingw32/bin/../lib/gcc/nios2-elf/12.3.1/../../../../../H-x86_64-mingw32/nios2-elf/lib/mno-hw-mul\libsmallc.a(libc_a-printf.o)
 .data          0x010118e8        0x0 c:/intelfpga_lite/23.1std/nios2eds/bin/gnu/h-x86_64-mingw32/bin/../lib/gcc/nios2-elf/12.3.1/../../../../../H-x86_64-mingw32/nios2-elf/lib/mno-hw-mul\libsmallc.a(libc_a-putchar.o)
 .data          0x010118e8        0x0 c:/intelfpga_lite/23.1std/nios2eds/bin/gnu/h-x86_64-mingw32/bin/../lib/gcc/nios2-elf/12.3.1/../../../../../H-x86_64-mingw32/nios2-elf/lib/mno-hw-mul\libsmallc.a(libc_a-puts.o)
 .data          0x010118e8        0x0 c:/intelfpga_lite/23.1std/nios2eds/bin/gnu/h-x86_64-mingw32/bin/../lib/gcc/nios2-elf/12.3.1/../../../../../H-x86_64-mingw32/nios2-elf/lib/mno-hw-mul\libsmallc.a(libc_a-strlen.o)
 .data          0x010118e8        0x0 c:/intelfpga_lite/23.1std/nios2eds/bin/gnu/h-x86_64-mingw32/bin/../lib/gcc/nios2-elf/12.3.1/../../../../../H-x86_64-mingw32/nios2-elf/lib/mno-hw-mul\libsmallc.a(libc_a-impure.o)
 .data._impure_data
                0x010118e8       0x54 c:/intelfpga_lite/23.1std/nios2eds/bin/gnu/h-x86_64-mingw32/bin/../lib/gcc/nios2-elf/12.3.1/../../../../../H-x86_64-mingw32/nios2-elf/lib/mno-hw-mul\libsmallc.a(libc_a-impure.o)
                0x010118e8                _impure_data
 .data          0x0101193c        0x0 c:/intelfpga_lite/23.1std/nios2eds/bin/gnu/h-x86_64-mingw32/bin/../lib/gcc/nios2-elf/12.3.1/../../../../../H-x86_64-mingw32/nios2-elf/lib/mno-hw-mul\libsmallc.a(libc_a-vfprintf.o)
 .data          0x0101193c        0x0 c:/intelfpga_lite/23.1std/nios2eds/bin/gnu/h-x86_64-mingw32/bin/../lib/gcc/nios2-elf/12.3.1/../../../../../H-x86_64-mingw32/nios2-elf/lib/mno-hw-mul\libsmallc.a(libc_a-fvwrite_small_dev.o)
 .data          0x0101193c        0x0 c:/intelfpga_lite/23.1std/nios2eds/bin/gnu/h-x86_64-mingw32/bin/../lib/gcc/nios2-elf/12.3.1/../../../../../H-x86_64-mingw32/nios2-elf/lib/mno-hw-mul\libsmallc.a(libc_a-putc.o)
 .data          0x0101193c        0x0 c:/intelfpga_lite/23.1std/nios2eds/bin/gnu/h-x86_64-mingw32/bin/../lib/gcc/nios2-elf/12.3.1/../../../../../H-x86_64-mingw32/nios2-elf/lib/mno-hw-mul\libsmallc.a(libc_a-writer.o)
 .data          0x0101193c        0x0 c:/intelfpga_lite/23.1std/nios2eds/bin/gnu/h-x86_64-mingw32/bin/../lib/gcc/nios2-elf/12.3.1/../../../../../H-x86_64-mingw32/nios2-elf/lib/mno-hw-mul\libsmallc.a(libc_a-int_errno.o)
 .data          0x0101193c        0x0 c:/intelfpga_lite/23.1std/nios2eds/bin/gnu/h-x86_64-mingw32/bin/../lib/gcc/nios2-elf/12.3.1/mno-hw-mul\libgcc.a(lib2-divmod.o)
 .data          0x0101193c        0x0 c:/intelfpga_lite/23.1std/nios2eds/bin/gnu/h-x86_64-mingw32/bin/../lib/gcc/nios2-elf/12.3.1/mno-hw-mul\libgcc.a(lib2-mul.o)
 .data          0x0101193c        0x0 c:/Users/guan-ming.dennis-won/Documents/Code/FPGA_EPCQ_Programmer/software/NIOS_bsp/\libhal_bsp.a(alt_busy_sleep.o)
 .data          0x0101193c        0x0 c:/Users/guan-ming.dennis-won/Documents/Code/FPGA_EPCQ_Programmer/software/NIOS_bsp/\libhal_bsp.a(alt_load.o)
 .data          0x0101193c        0x0 c:/Users/guan-ming.dennis-won/Documents/Code/FPGA_EPCQ_Programmer/software/NIOS_bsp/\libhal_bsp.a(alt_main.o)
 .data          0x0101193c        0x0 c:/Users/guan-ming.dennis-won/Documents/Code/FPGA_EPCQ_Programmer/software/NIOS_bsp/\libhal_bsp.a(alt_putstr.o)
 .data          0x0101193c        0x0 c:/Users/guan-ming.dennis-won/Documents/Code/FPGA_EPCQ_Programmer/software/NIOS_bsp/\libhal_bsp.a(alt_write.o)
 .data          0x0101193c       0xdc c:/Users/guan-ming.dennis-won/Documents/Code/FPGA_EPCQ_Programmer/software/NIOS_bsp/\libhal_bsp.a(alt_sys_init.o)
 .data          0x01011a18        0x0 c:/Users/guan-ming.dennis-won/Documents/Code/FPGA_EPCQ_Programmer/software/NIOS_bsp/\libhal_bsp.a(altera_avalon_jtag_uart_write.o)
 .data          0x01011a18        0x0 c:/Users/guan-ming.dennis-won/Documents/Code/FPGA_EPCQ_Programmer/software/NIOS_bsp/\libhal_bsp.a(altera_epcq_controller2.o)
 .data          0x01011a18        0x0 c:/Users/guan-ming.dennis-won/Documents/Code/FPGA_EPCQ_Programmer/software/NIOS_bsp/\libhal_bsp.a(alt_dcache_flush_all.o)
 .data          0x01011a18        0x0 c:/Users/guan-ming.dennis-won/Documents/Code/FPGA_EPCQ_Programmer/software/NIOS_bsp/\libhal_bsp.a(alt_dev_llist_insert.o)
 .data          0x01011a18        0x0 c:/Users/guan-ming.dennis-won/Documents/Code/FPGA_EPCQ_Programmer/software/NIOS_bsp/\libhal_bsp.a(alt_errno.o)
 .data          0x01011a18        0x0 c:/Users/guan-ming.dennis-won/Documents/Code/FPGA_EPCQ_Programmer/software/NIOS_bsp/\libhal_bsp.a(alt_flash_dev.o)
 .data          0x01011a18        0x0 c:/Users/guan-ming.dennis-won/Documents/Code/FPGA_EPCQ_Programmer/software/NIOS_bsp/\libhal_bsp.a(alt_icache_flush_all.o)
 .data          0x01011a18        0x0 c:/Users/guan-ming.dennis-won/Documents/Code/FPGA_EPCQ_Programmer/software/NIOS_bsp/\libhal_bsp.a(altera_nios2_gen2_irq.o)
 .data          0x01011a18        0x0 c:/Users/guan-ming.dennis-won/Documents/Code/FPGA_EPCQ_Programmer/software/NIOS_bsp/\libhal_bsp.a(alt_find_dev.o)
 .data          0x01011a18        0x0 c:/intelfpga_lite/23.1std/nios2eds/bin/gnu/h-x86_64-mingw32/bin/../lib/gcc/nios2-elf/12.3.1/../../../../../H-x86_64-mingw32/nios2-elf/lib/mno-hw-mul\libsmallc.a(libc_a-memcmp.o)
 .data          0x01011a18        0x0 c:/intelfpga_lite/23.1std/nios2eds/bin/gnu/h-x86_64-mingw32/bin/../lib/gcc/nios2-elf/12.3.1/../../../../../H-x86_64-mingw32/nios2-elf/lib/mno-hw-mul\libsmallc.a(libc_a-memcpy.o)
                0x01019a18                        _gp = ABSOLUTE ((. + 0x8000))
                [!provide]                        PROVIDE (gp = _gp)
 *(.rwdata .rwdata.*)
 *(.sdata .sdata.* .gnu.linkonce.s.*)
 .sdata         0x01011a18        0x1 obj/default/hello_world_small.o
                0x01011a18                on_off
 *fill*         0x01011a19        0x3 
 .sdata         0x01011a1c        0x4 obj/default/peripheral/peripheral_linker.o
                0x01011a1c                length
 .sdata._impure_ptr
                0x01011a20        0x4 c:/intelfpga_lite/23.1std/nios2eds/bin/gnu/h-x86_64-mingw32/bin/../lib/gcc/nios2-elf/12.3.1/../../../../../H-x86_64-mingw32/nios2-elf/lib/mno-hw-mul\libsmallc.a(libc_a-impure.o)
                0x01011a20                _impure_ptr
 .sdata         0x01011a24        0x8 c:/Users/guan-ming.dennis-won/Documents/Code/FPGA_EPCQ_Programmer/software/NIOS_bsp/\libhal_bsp.a(alt_sys_init.o)
                0x01011a24                epcq_dev_ptr
                0x01011a28                DEBUG
 .sdata         0x01011a2c        0x4 c:/Users/guan-ming.dennis-won/Documents/Code/FPGA_EPCQ_Programmer/software/NIOS_bsp/\libhal_bsp.a(alt_errno.o)
                0x01011a2c                alt_errno
 .sdata         0x01011a30        0x8 c:/Users/guan-ming.dennis-won/Documents/Code/FPGA_EPCQ_Programmer/software/NIOS_bsp/\libhal_bsp.a(alt_flash_dev.o)
                0x01011a30                alt_flash_dev_list
 *(.sdata2 .sdata2.* .gnu.linkonce.s2.*)
                0x01011a38                        . = ALIGN (0x4)
                0x01011a38                        _edata = ABSOLUTE (.)
                [!provide]                        PROVIDE (edata = ABSOLUTE (.))
                0x01011a38                        PROVIDE (__ram_rwdata_end = ABSOLUTE (.))
                0x01011a38                        PROVIDE (__flash_rwdata_start = LOADADDR (.rwdata))

.bss            0x01011b88     0x1018
                0x01011b88                        __bss_start = ABSOLUTE (.)
                [!provide]                        PROVIDE (__sbss_start = ABSOLUTE (.))
                [!provide]                        PROVIDE (___sbss_start = ABSOLUTE (.))
 *(.dynsbss)
 *(.sbss .sbss.* .gnu.linkonce.sb.*)
 .sbss          0x01011b88        0x8 obj/default/peripheral/peripheral_linker.o
                0x01011b88                erase_offset
                0x01011b8c                mem_read_offset
 .sbss.errno    0x01011b90        0x4 c:/intelfpga_lite/23.1std/nios2eds/bin/gnu/h-x86_64-mingw32/bin/../lib/gcc/nios2-elf/12.3.1/../../../../../H-x86_64-mingw32/nios2-elf/lib/mno-hw-mul\libsmallc.a(libc_a-int_errno.o)
                0x01011b90                errno
 .sbss          0x01011b94        0xc c:/Users/guan-ming.dennis-won/Documents/Code/FPGA_EPCQ_Programmer/software/NIOS_bsp/\libhal_bsp.a(alt_main.o)
                0x01011b94                alt_envp
                0x01011b98                alt_argv
                0x01011b9c                alt_argc
 *(.sbss2 .sbss2.* .gnu.linkonce.sb2.*)
 *(.scommon)
                [!provide]                        PROVIDE (__sbss_end = ABSOLUTE (.))
                [!provide]                        PROVIDE (___sbss_end = ABSOLUTE (.))
 *(.dynbss)
 *(.bss .bss.* .gnu.linkonce.b.*)
 .bss           0x01011ba0        0x0 c:/Users/guan-ming.dennis-won/Documents/Code/FPGA_EPCQ_Programmer/software/NIOS_bsp//obj/HAL/src/crt0.o
 .bss           0x01011ba0        0x0 obj/default/hello_world_small.o
 .bss           0x01011ba0     0x1000 obj/default/peripheral/peripheral_linker.o
                0x01011ba0                subsector_buffer
 .bss           0x01012ba0        0x0 c:/intelfpga_lite/23.1std/nios2eds/bin/gnu/h-x86_64-mingw32/bin/../lib/gcc/nios2-elf/12.3.1/../../../../../H-x86_64-mingw32/nios2-elf/lib/mno-hw-mul\libsmallc.a(libc_a-printf.o)
 .bss           0x01012ba0        0x0 c:/intelfpga_lite/23.1std/nios2eds/bin/gnu/h-x86_64-mingw32/bin/../lib/gcc/nios2-elf/12.3.1/../../../../../H-x86_64-mingw32/nios2-elf/lib/mno-hw-mul\libsmallc.a(libc_a-putchar.o)
 .bss           0x01012ba0        0x0 c:/intelfpga_lite/23.1std/nios2eds/bin/gnu/h-x86_64-mingw32/bin/../lib/gcc/nios2-elf/12.3.1/../../../../../H-x86_64-mingw32/nios2-elf/lib/mno-hw-mul\libsmallc.a(libc_a-puts.o)
 .bss           0x01012ba0        0x0 c:/intelfpga_lite/23.1std/nios2eds/bin/gnu/h-x86_64-mingw32/bin/../lib/gcc/nios2-elf/12.3.1/../../../../../H-x86_64-mingw32/nios2-elf/lib/mno-hw-mul\libsmallc.a(libc_a-strlen.o)
 .bss           0x01012ba0        0x0 c:/intelfpga_lite/23.1std/nios2eds/bin/gnu/h-x86_64-mingw32/bin/../lib/gcc/nios2-elf/12.3.1/../../../../../H-x86_64-mingw32/nios2-elf/lib/mno-hw-mul\libsmallc.a(libc_a-impure.o)
 .bss           0x01012ba0        0x0 c:/intelfpga_lite/23.1std/nios2eds/bin/gnu/h-x86_64-mingw32/bin/../lib/gcc/nios2-elf/12.3.1/../../../../../H-x86_64-mingw32/nios2-elf/lib/mno-hw-mul\libsmallc.a(libc_a-vfprintf.o)
 .bss           0x01012ba0        0x0 c:/intelfpga_lite/23.1std/nios2eds/bin/gnu/h-x86_64-mingw32/bin/../lib/gcc/nios2-elf/12.3.1/../../../../../H-x86_64-mingw32/nios2-elf/lib/mno-hw-mul\libsmallc.a(libc_a-fvwrite_small_dev.o)
 .bss           0x01012ba0        0x0 c:/intelfpga_lite/23.1std/nios2eds/bin/gnu/h-x86_64-mingw32/bin/../lib/gcc/nios2-elf/12.3.1/../../../../../H-x86_64-mingw32/nios2-elf/lib/mno-hw-mul\libsmallc.a(libc_a-putc.o)
 .bss           0x01012ba0        0x0 c:/intelfpga_lite/23.1std/nios2eds/bin/gnu/h-x86_64-mingw32/bin/../lib/gcc/nios2-elf/12.3.1/../../../../../H-x86_64-mingw32/nios2-elf/lib/mno-hw-mul\libsmallc.a(libc_a-writer.o)
 .bss           0x01012ba0        0x0 c:/intelfpga_lite/23.1std/nios2eds/bin/gnu/h-x86_64-mingw32/bin/../lib/gcc/nios2-elf/12.3.1/../../../../../H-x86_64-mingw32/nios2-elf/lib/mno-hw-mul\libsmallc.a(libc_a-int_errno.o)
 .bss           0x01012ba0        0x0 c:/intelfpga_lite/23.1std/nios2eds/bin/gnu/h-x86_64-mingw32/bin/../lib/gcc/nios2-elf/12.3.1/mno-hw-mul\libgcc.a(lib2-divmod.o)
 .bss           0x01012ba0        0x0 c:/intelfpga_lite/23.1std/nios2eds/bin/gnu/h-x86_64-mingw32/bin/../lib/gcc/nios2-elf/12.3.1/mno-hw-mul\libgcc.a(lib2-mul.o)
 .bss           0x01012ba0        0x0 c:/Users/guan-ming.dennis-won/Documents/Code/FPGA_EPCQ_Programmer/software/NIOS_bsp/\libhal_bsp.a(alt_busy_sleep.o)
 .bss           0x01012ba0        0x0 c:/Users/guan-ming.dennis-won/Documents/Code/FPGA_EPCQ_Programmer/software/NIOS_bsp/\libhal_bsp.a(alt_load.o)
 .bss           0x01012ba0        0x0 c:/Users/guan-ming.dennis-won/Documents/Code/FPGA_EPCQ_Programmer/software/NIOS_bsp/\libhal_bsp.a(alt_main.o)
 .bss           0x01012ba0        0x0 c:/Users/guan-ming.dennis-won/Documents/Code/FPGA_EPCQ_Programmer/software/NIOS_bsp/\libhal_bsp.a(alt_putstr.o)
 .bss           0x01012ba0        0x0 c:/Users/guan-ming.dennis-won/Documents/Code/FPGA_EPCQ_Programmer/software/NIOS_bsp/\libhal_bsp.a(alt_write.o)
 .bss           0x01012ba0        0x0 c:/Users/guan-ming.dennis-won/Documents/Code/FPGA_EPCQ_Programmer/software/NIOS_bsp/\libhal_bsp.a(alt_sys_init.o)
 .bss           0x01012ba0        0x0 c:/Users/guan-ming.dennis-won/Documents/Code/FPGA_EPCQ_Programmer/software/NIOS_bsp/\libhal_bsp.a(altera_avalon_jtag_uart_write.o)
 .bss           0x01012ba0        0x0 c:/Users/guan-ming.dennis-won/Documents/Code/FPGA_EPCQ_Programmer/software/NIOS_bsp/\libhal_bsp.a(altera_epcq_controller2.o)
 .bss           0x01012ba0        0x0 c:/Users/guan-ming.dennis-won/Documents/Code/FPGA_EPCQ_Programmer/software/NIOS_bsp/\libhal_bsp.a(alt_dcache_flush_all.o)
 .bss           0x01012ba0        0x0 c:/Users/guan-ming.dennis-won/Documents/Code/FPGA_EPCQ_Programmer/software/NIOS_bsp/\libhal_bsp.a(alt_dev_llist_insert.o)
 .bss           0x01012ba0        0x0 c:/Users/guan-ming.dennis-won/Documents/Code/FPGA_EPCQ_Programmer/software/NIOS_bsp/\libhal_bsp.a(alt_errno.o)
 .bss           0x01012ba0        0x0 c:/Users/guan-ming.dennis-won/Documents/Code/FPGA_EPCQ_Programmer/software/NIOS_bsp/\libhal_bsp.a(alt_flash_dev.o)
 .bss           0x01012ba0        0x0 c:/Users/guan-ming.dennis-won/Documents/Code/FPGA_EPCQ_Programmer/software/NIOS_bsp/\libhal_bsp.a(alt_icache_flush_all.o)
 .bss           0x01012ba0        0x0 c:/Users/guan-ming.dennis-won/Documents/Code/FPGA_EPCQ_Programmer/software/NIOS_bsp/\libhal_bsp.a(altera_nios2_gen2_irq.o)
 .bss           0x01012ba0        0x0 c:/Users/guan-ming.dennis-won/Documents/Code/FPGA_EPCQ_Programmer/software/NIOS_bsp/\libhal_bsp.a(alt_find_dev.o)
 .bss           0x01012ba0        0x0 c:/intelfpga_lite/23.1std/nios2eds/bin/gnu/h-x86_64-mingw32/bin/../lib/gcc/nios2-elf/12.3.1/../../../../../H-x86_64-mingw32/nios2-elf/lib/mno-hw-mul\libsmallc.a(libc_a-memcmp.o)
 .bss           0x01012ba0        0x0 c:/intelfpga_lite/23.1std/nios2eds/bin/gnu/h-x86_64-mingw32/bin/../lib/gcc/nios2-elf/12.3.1/../../../../../H-x86_64-mingw32/nios2-elf/lib/mno-hw-mul\libsmallc.a(libc_a-memcpy.o)
 *(COMMON)
                0x01012ba0                        . = ALIGN (0x4)
                0x01012ba0                        __bss_end = ABSOLUTE (.)

.EPCQ_avl_mem   0x00000000        0x0 load address 0x01012ba0
                [!provide]                        PROVIDE (_alt_partition_EPCQ_avl_mem_start = ABSOLUTE (.))
 *(.EPCQ_avl_mem .EPCQ_avl_mem. EPCQ_avl_mem.*)
                0x00000000                        . = ALIGN (0x4)
                [!provide]                        PROVIDE (_alt_partition_EPCQ_avl_mem_end = ABSOLUTE (.))
                [!provide]                        PROVIDE (_alt_partition_EPCQ_avl_mem_load_addr = LOADADDR (.EPCQ_avl_mem))

.RAM            0x01012ba0        0x0
                [!provide]                        PROVIDE (_alt_partition_RAM_start = ABSOLUTE (.))
 *(.RAM .RAM. RAM.*)
                0x01012ba0                        . = ALIGN (0x4)
                [!provide]                        PROVIDE (_alt_partition_RAM_end = ABSOLUTE (.))
                0x01012ba0                        _end = ABSOLUTE (.)
                0x01012ba0                        end = ABSOLUTE (.)
                0x01012ba0                        __alt_stack_base = ABSOLUTE (.)
                [!provide]                        PROVIDE (_alt_partition_RAM_load_addr = LOADADDR (.RAM))

.stab
 *(.stab)

.stabstr
 *(.stabstr)

.stab.excl
 *(.stab.excl)

.stab.exclstr
 *(.stab.exclstr)

.stab.index
 *(.stab.index)

.stab.indexstr
 *(.stab.indexstr)

.comment        0x00000000       0x2d
 *(.comment)
 .comment       0x00000000       0x2d obj/default/hello_world_small.o
                                 0x2e (size before relaxing)
 .comment       0x0000002d       0x2e obj/default/peripheral/peripheral_linker.o
 .comment       0x0000002d       0x2e c:/intelfpga_lite/23.1std/nios2eds/bin/gnu/h-x86_64-mingw32/bin/../lib/gcc/nios2-elf/12.3.1/../../../../../H-x86_64-mingw32/nios2-elf/lib/mno-hw-mul\libsmallc.a(libc_a-printf.o)
 .comment       0x0000002d       0x2e c:/intelfpga_lite/23.1std/nios2eds/bin/gnu/h-x86_64-mingw32/bin/../lib/gcc/nios2-elf/12.3.1/../../../../../H-x86_64-mingw32/nios2-elf/lib/mno-hw-mul\libsmallc.a(libc_a-putchar.o)
 .comment       0x0000002d       0x2e c:/intelfpga_lite/23.1std/nios2eds/bin/gnu/h-x86_64-mingw32/bin/../lib/gcc/nios2-elf/12.3.1/../../../../../H-x86_64-mingw32/nios2-elf/lib/mno-hw-mul\libsmallc.a(libc_a-puts.o)
 .comment       0x0000002d       0x2e c:/intelfpga_lite/23.1std/nios2eds/bin/gnu/h-x86_64-mingw32/bin/../lib/gcc/nios2-elf/12.3.1/../../../../../H-x86_64-mingw32/nios2-elf/lib/mno-hw-mul\libsmallc.a(libc_a-strlen.o)
 .comment       0x0000002d       0x2e c:/intelfpga_lite/23.1std/nios2eds/bin/gnu/h-x86_64-mingw32/bin/../lib/gcc/nios2-elf/12.3.1/../../../../../H-x86_64-mingw32/nios2-elf/lib/mno-hw-mul\libsmallc.a(libc_a-impure.o)
 .comment       0x0000002d       0x2e c:/intelfpga_lite/23.1std/nios2eds/bin/gnu/h-x86_64-mingw32/bin/../lib/gcc/nios2-elf/12.3.1/../../../../../H-x86_64-mingw32/nios2-elf/lib/mno-hw-mul\libsmallc.a(libc_a-vfprintf.o)
 .comment       0x0000002d       0x2e c:/intelfpga_lite/23.1std/nios2eds/bin/gnu/h-x86_64-mingw32/bin/../lib/gcc/nios2-elf/12.3.1/../../../../../H-x86_64-mingw32/nios2-elf/lib/mno-hw-mul\libsmallc.a(libc_a-fvwrite_small_dev.o)
 .comment       0x0000002d       0x2e c:/intelfpga_lite/23.1std/nios2eds/bin/gnu/h-x86_64-mingw32/bin/../lib/gcc/nios2-elf/12.3.1/../../../../../H-x86_64-mingw32/nios2-elf/lib/mno-hw-mul\libsmallc.a(libc_a-putc.o)
 .comment       0x0000002d       0x2e c:/intelfpga_lite/23.1std/nios2eds/bin/gnu/h-x86_64-mingw32/bin/../lib/gcc/nios2-elf/12.3.1/../../../../../H-x86_64-mingw32/nios2-elf/lib/mno-hw-mul\libsmallc.a(libc_a-writer.o)
 .comment       0x0000002d       0x2e c:/intelfpga_lite/23.1std/nios2eds/bin/gnu/h-x86_64-mingw32/bin/../lib/gcc/nios2-elf/12.3.1/../../../../../H-x86_64-mingw32/nios2-elf/lib/mno-hw-mul\libsmallc.a(libc_a-int_errno.o)
 .comment       0x0000002d       0x2e c:/intelfpga_lite/23.1std/nios2eds/bin/gnu/h-x86_64-mingw32/bin/../lib/gcc/nios2-elf/12.3.1/mno-hw-mul\libgcc.a(lib2-divmod.o)
 .comment       0x0000002d       0x2e c:/intelfpga_lite/23.1std/nios2eds/bin/gnu/h-x86_64-mingw32/bin/../lib/gcc/nios2-elf/12.3.1/mno-hw-mul\libgcc.a(lib2-mul.o)
 .comment       0x0000002d       0x2e c:/Users/guan-ming.dennis-won/Documents/Code/FPGA_EPCQ_Programmer/software/NIOS_bsp/\libhal_bsp.a(alt_busy_sleep.o)
 .comment       0x0000002d       0x2e c:/Users/guan-ming.dennis-won/Documents/Code/FPGA_EPCQ_Programmer/software/NIOS_bsp/\libhal_bsp.a(alt_load.o)
 .comment       0x0000002d       0x2e c:/Users/guan-ming.dennis-won/Documents/Code/FPGA_EPCQ_Programmer/software/NIOS_bsp/\libhal_bsp.a(alt_main.o)
 .comment       0x0000002d       0x2e c:/Users/guan-ming.dennis-won/Documents/Code/FPGA_EPCQ_Programmer/software/NIOS_bsp/\libhal_bsp.a(alt_putstr.o)
 .comment       0x0000002d       0x2e c:/Users/guan-ming.dennis-won/Documents/Code/FPGA_EPCQ_Programmer/software/NIOS_bsp/\libhal_bsp.a(alt_write.o)
 .comment       0x0000002d       0x2e c:/Users/guan-ming.dennis-won/Documents/Code/FPGA_EPCQ_Programmer/software/NIOS_bsp/\libhal_bsp.a(alt_sys_init.o)
 .comment       0x0000002d       0x2e c:/Users/guan-ming.dennis-won/Documents/Code/FPGA_EPCQ_Programmer/software/NIOS_bsp/\libhal_bsp.a(altera_avalon_jtag_uart_write.o)
 .comment       0x0000002d       0x2e c:/Users/guan-ming.dennis-won/Documents/Code/FPGA_EPCQ_Programmer/software/NIOS_bsp/\libhal_bsp.a(altera_epcq_controller2.o)
 .comment       0x0000002d       0x2e c:/Users/guan-ming.dennis-won/Documents/Code/FPGA_EPCQ_Programmer/software/NIOS_bsp/\libhal_bsp.a(alt_dcache_flush_all.o)
 .comment       0x0000002d       0x2e c:/Users/guan-ming.dennis-won/Documents/Code/FPGA_EPCQ_Programmer/software/NIOS_bsp/\libhal_bsp.a(alt_dev_llist_insert.o)
 .comment       0x0000002d       0x2e c:/Users/guan-ming.dennis-won/Documents/Code/FPGA_EPCQ_Programmer/software/NIOS_bsp/\libhal_bsp.a(alt_errno.o)
 .comment       0x0000002d       0x2e c:/Users/guan-ming.dennis-won/Documents/Code/FPGA_EPCQ_Programmer/software/NIOS_bsp/\libhal_bsp.a(alt_flash_dev.o)
 .comment       0x0000002d       0x2e c:/Users/guan-ming.dennis-won/Documents/Code/FPGA_EPCQ_Programmer/software/NIOS_bsp/\libhal_bsp.a(alt_icache_flush_all.o)
 .comment       0x0000002d       0x2e c:/Users/guan-ming.dennis-won/Documents/Code/FPGA_EPCQ_Programmer/software/NIOS_bsp/\libhal_bsp.a(altera_nios2_gen2_irq.o)
 .comment       0x0000002d       0x2e c:/Users/guan-ming.dennis-won/Documents/Code/FPGA_EPCQ_Programmer/software/NIOS_bsp/\libhal_bsp.a(alt_find_dev.o)
 .comment       0x0000002d       0x2e c:/intelfpga_lite/23.1std/nios2eds/bin/gnu/h-x86_64-mingw32/bin/../lib/gcc/nios2-elf/12.3.1/../../../../../H-x86_64-mingw32/nios2-elf/lib/mno-hw-mul\libsmallc.a(libc_a-memcmp.o)
 .comment       0x0000002d       0x2e c:/intelfpga_lite/23.1std/nios2eds/bin/gnu/h-x86_64-mingw32/bin/../lib/gcc/nios2-elf/12.3.1/../../../../../H-x86_64-mingw32/nios2-elf/lib/mno-hw-mul\libsmallc.a(libc_a-memcpy.o)

.debug
 *(.debug)

.line
 *(.line)

.debug_srcinfo
 *(.debug_srcinfo)

.debug_sfnames
 *(.debug_sfnames)

.debug_aranges  0x00000000      0x420
 *(.debug_aranges)
 .debug_aranges
                0x00000000       0x28 c:/Users/guan-ming.dennis-won/Documents/Code/FPGA_EPCQ_Programmer/software/NIOS_bsp//obj/HAL/src/crt0.o
 .debug_aranges
                0x00000028       0x20 obj/default/hello_world_small.o
 .debug_aranges
                0x00000048       0x20 obj/default/peripheral/peripheral_linker.o
 .debug_aranges
                0x00000068       0x28 c:/intelfpga_lite/23.1std/nios2eds/bin/gnu/h-x86_64-mingw32/bin/../lib/gcc/nios2-elf/12.3.1/../../../../../H-x86_64-mingw32/nios2-elf/lib/mno-hw-mul\libsmallc.a(libc_a-printf.o)
 .debug_aranges
                0x00000090       0x28 c:/intelfpga_lite/23.1std/nios2eds/bin/gnu/h-x86_64-mingw32/bin/../lib/gcc/nios2-elf/12.3.1/../../../../../H-x86_64-mingw32/nios2-elf/lib/mno-hw-mul\libsmallc.a(libc_a-putchar.o)
 .debug_aranges
                0x000000b8       0x28 c:/intelfpga_lite/23.1std/nios2eds/bin/gnu/h-x86_64-mingw32/bin/../lib/gcc/nios2-elf/12.3.1/../../../../../H-x86_64-mingw32/nios2-elf/lib/mno-hw-mul\libsmallc.a(libc_a-puts.o)
 .debug_aranges
                0x000000e0       0x20 c:/intelfpga_lite/23.1std/nios2eds/bin/gnu/h-x86_64-mingw32/bin/../lib/gcc/nios2-elf/12.3.1/../../../../../H-x86_64-mingw32/nios2-elf/lib/mno-hw-mul\libsmallc.a(libc_a-strlen.o)
 .debug_aranges
                0x00000100       0x18 c:/intelfpga_lite/23.1std/nios2eds/bin/gnu/h-x86_64-mingw32/bin/../lib/gcc/nios2-elf/12.3.1/../../../../../H-x86_64-mingw32/nios2-elf/lib/mno-hw-mul\libsmallc.a(libc_a-impure.o)
 .debug_aranges
                0x00000118       0x30 c:/intelfpga_lite/23.1std/nios2eds/bin/gnu/h-x86_64-mingw32/bin/../lib/gcc/nios2-elf/12.3.1/../../../../../H-x86_64-mingw32/nios2-elf/lib/mno-hw-mul\libsmallc.a(libc_a-vfprintf.o)
 .debug_aranges
                0x00000148       0x20 c:/intelfpga_lite/23.1std/nios2eds/bin/gnu/h-x86_64-mingw32/bin/../lib/gcc/nios2-elf/12.3.1/../../../../../H-x86_64-mingw32/nios2-elf/lib/mno-hw-mul\libsmallc.a(libc_a-fvwrite_small_dev.o)
 .debug_aranges
                0x00000168       0x28 c:/intelfpga_lite/23.1std/nios2eds/bin/gnu/h-x86_64-mingw32/bin/../lib/gcc/nios2-elf/12.3.1/../../../../../H-x86_64-mingw32/nios2-elf/lib/mno-hw-mul\libsmallc.a(libc_a-putc.o)
 .debug_aranges
                0x00000190       0x20 c:/intelfpga_lite/23.1std/nios2eds/bin/gnu/h-x86_64-mingw32/bin/../lib/gcc/nios2-elf/12.3.1/../../../../../H-x86_64-mingw32/nios2-elf/lib/mno-hw-mul\libsmallc.a(libc_a-writer.o)
 .debug_aranges
                0x000001b0       0x18 c:/intelfpga_lite/23.1std/nios2eds/bin/gnu/h-x86_64-mingw32/bin/../lib/gcc/nios2-elf/12.3.1/../../../../../H-x86_64-mingw32/nios2-elf/lib/mno-hw-mul\libsmallc.a(libc_a-int_errno.o)
 .debug_aranges
                0x000001c8       0x20 c:/intelfpga_lite/23.1std/nios2eds/bin/gnu/h-x86_64-mingw32/bin/../lib/gcc/nios2-elf/12.3.1/mno-hw-mul\libgcc.a(lib2-divmod.o)
 .debug_aranges
                0x000001e8       0x20 c:/intelfpga_lite/23.1std/nios2eds/bin/gnu/h-x86_64-mingw32/bin/../lib/gcc/nios2-elf/12.3.1/mno-hw-mul\libgcc.a(lib2-mul.o)
 .debug_aranges
                0x00000208       0x20 c:/Users/guan-ming.dennis-won/Documents/Code/FPGA_EPCQ_Programmer/software/NIOS_bsp/\libhal_bsp.a(alt_busy_sleep.o)
 .debug_aranges
                0x00000228       0x20 c:/Users/guan-ming.dennis-won/Documents/Code/FPGA_EPCQ_Programmer/software/NIOS_bsp/\libhal_bsp.a(alt_load.o)
 .debug_aranges
                0x00000248       0x20 c:/Users/guan-ming.dennis-won/Documents/Code/FPGA_EPCQ_Programmer/software/NIOS_bsp/\libhal_bsp.a(alt_main.o)
 .debug_aranges
                0x00000268       0x20 c:/Users/guan-ming.dennis-won/Documents/Code/FPGA_EPCQ_Programmer/software/NIOS_bsp/\libhal_bsp.a(alt_putstr.o)
 .debug_aranges
                0x00000288       0x20 c:/Users/guan-ming.dennis-won/Documents/Code/FPGA_EPCQ_Programmer/software/NIOS_bsp/\libhal_bsp.a(alt_write.o)
 .debug_aranges
                0x000002a8       0x20 c:/Users/guan-ming.dennis-won/Documents/Code/FPGA_EPCQ_Programmer/software/NIOS_bsp/\libhal_bsp.a(alt_sys_init.o)
 .debug_aranges
                0x000002c8       0x20 c:/Users/guan-ming.dennis-won/Documents/Code/FPGA_EPCQ_Programmer/software/NIOS_bsp/\libhal_bsp.a(altera_avalon_jtag_uart_write.o)
 .debug_aranges
                0x000002e8       0x20 c:/Users/guan-ming.dennis-won/Documents/Code/FPGA_EPCQ_Programmer/software/NIOS_bsp/\libhal_bsp.a(altera_epcq_controller2.o)
 .debug_aranges
                0x00000308       0x20 c:/Users/guan-ming.dennis-won/Documents/Code/FPGA_EPCQ_Programmer/software/NIOS_bsp/\libhal_bsp.a(alt_dcache_flush_all.o)
 .debug_aranges
                0x00000328       0x20 c:/Users/guan-ming.dennis-won/Documents/Code/FPGA_EPCQ_Programmer/software/NIOS_bsp/\libhal_bsp.a(alt_dev_llist_insert.o)
 .debug_aranges
                0x00000348       0x18 c:/Users/guan-ming.dennis-won/Documents/Code/FPGA_EPCQ_Programmer/software/NIOS_bsp/\libhal_bsp.a(alt_errno.o)
 .debug_aranges
                0x00000360       0x20 c:/Users/guan-ming.dennis-won/Documents/Code/FPGA_EPCQ_Programmer/software/NIOS_bsp/\libhal_bsp.a(alt_flash_dev.o)
 .debug_aranges
                0x00000380       0x20 c:/Users/guan-ming.dennis-won/Documents/Code/FPGA_EPCQ_Programmer/software/NIOS_bsp/\libhal_bsp.a(alt_icache_flush_all.o)
 .debug_aranges
                0x000003a0       0x20 c:/Users/guan-ming.dennis-won/Documents/Code/FPGA_EPCQ_Programmer/software/NIOS_bsp/\libhal_bsp.a(altera_nios2_gen2_irq.o)
 .debug_aranges
                0x000003c0       0x20 c:/Users/guan-ming.dennis-won/Documents/Code/FPGA_EPCQ_Programmer/software/NIOS_bsp/\libhal_bsp.a(alt_find_dev.o)
 .debug_aranges
                0x000003e0       0x20 c:/intelfpga_lite/23.1std/nios2eds/bin/gnu/h-x86_64-mingw32/bin/../lib/gcc/nios2-elf/12.3.1/../../../../../H-x86_64-mingw32/nios2-elf/lib/mno-hw-mul\libsmallc.a(libc_a-memcmp.o)
 .debug_aranges
                0x00000400       0x20 c:/intelfpga_lite/23.1std/nios2eds/bin/gnu/h-x86_64-mingw32/bin/../lib/gcc/nios2-elf/12.3.1/../../../../../H-x86_64-mingw32/nios2-elf/lib/mno-hw-mul\libsmallc.a(libc_a-memcpy.o)

.debug_pubnames
 *(.debug_pubnames)

.debug_info     0x00000000     0x7428
 *(.debug_info .gnu.linkonce.wi.*)
 .debug_info    0x00000000       0x3f c:/Users/guan-ming.dennis-won/Documents/Code/FPGA_EPCQ_Programmer/software/NIOS_bsp//obj/HAL/src/crt0.o
 .debug_info    0x0000003f      0x617 obj/default/hello_world_small.o
 .debug_info    0x00000656      0x868 obj/default/peripheral/peripheral_linker.o
 .debug_info    0x00000ebe      0x666 c:/intelfpga_lite/23.1std/nios2eds/bin/gnu/h-x86_64-mingw32/bin/../lib/gcc/nios2-elf/12.3.1/../../../../../H-x86_64-mingw32/nios2-elf/lib/mno-hw-mul\libsmallc.a(libc_a-printf.o)
 .debug_info    0x00001524      0x5a9 c:/intelfpga_lite/23.1std/nios2eds/bin/gnu/h-x86_64-mingw32/bin/../lib/gcc/nios2-elf/12.3.1/../../../../../H-x86_64-mingw32/nios2-elf/lib/mno-hw-mul\libsmallc.a(libc_a-putchar.o)
 .debug_info    0x00001acd      0x5ec c:/intelfpga_lite/23.1std/nios2eds/bin/gnu/h-x86_64-mingw32/bin/../lib/gcc/nios2-elf/12.3.1/../../../../../H-x86_64-mingw32/nios2-elf/lib/mno-hw-mul\libsmallc.a(libc_a-puts.o)
 .debug_info    0x000020b9       0xd1 c:/intelfpga_lite/23.1std/nios2eds/bin/gnu/h-x86_64-mingw32/bin/../lib/gcc/nios2-elf/12.3.1/../../../../../H-x86_64-mingw32/nios2-elf/lib/mno-hw-mul\libsmallc.a(libc_a-strlen.o)
 .debug_info    0x0000218a      0x4eb c:/intelfpga_lite/23.1std/nios2eds/bin/gnu/h-x86_64-mingw32/bin/../lib/gcc/nios2-elf/12.3.1/../../../../../H-x86_64-mingw32/nios2-elf/lib/mno-hw-mul\libsmallc.a(libc_a-impure.o)
 .debug_info    0x00002675      0xd7f c:/intelfpga_lite/23.1std/nios2eds/bin/gnu/h-x86_64-mingw32/bin/../lib/gcc/nios2-elf/12.3.1/../../../../../H-x86_64-mingw32/nios2-elf/lib/mno-hw-mul\libsmallc.a(libc_a-vfprintf.o)
 .debug_info    0x000033f4      0x5c4 c:/intelfpga_lite/23.1std/nios2eds/bin/gnu/h-x86_64-mingw32/bin/../lib/gcc/nios2-elf/12.3.1/../../../../../H-x86_64-mingw32/nios2-elf/lib/mno-hw-mul\libsmallc.a(libc_a-fvwrite_small_dev.o)
 .debug_info    0x000039b8      0x5e6 c:/intelfpga_lite/23.1std/nios2eds/bin/gnu/h-x86_64-mingw32/bin/../lib/gcc/nios2-elf/12.3.1/../../../../../H-x86_64-mingw32/nios2-elf/lib/mno-hw-mul\libsmallc.a(libc_a-putc.o)
 .debug_info    0x00003f9e      0x5a4 c:/intelfpga_lite/23.1std/nios2eds/bin/gnu/h-x86_64-mingw32/bin/../lib/gcc/nios2-elf/12.3.1/../../../../../H-x86_64-mingw32/nios2-elf/lib/mno-hw-mul\libsmallc.a(libc_a-writer.o)
 .debug_info    0x00004542       0x85 c:/intelfpga_lite/23.1std/nios2eds/bin/gnu/h-x86_64-mingw32/bin/../lib/gcc/nios2-elf/12.3.1/../../../../../H-x86_64-mingw32/nios2-elf/lib/mno-hw-mul\libsmallc.a(libc_a-int_errno.o)
 .debug_info    0x000045c7      0x347 c:/intelfpga_lite/23.1std/nios2eds/bin/gnu/h-x86_64-mingw32/bin/../lib/gcc/nios2-elf/12.3.1/mno-hw-mul\libgcc.a(lib2-divmod.o)
 .debug_info    0x0000490e       0xc4 c:/intelfpga_lite/23.1std/nios2eds/bin/gnu/h-x86_64-mingw32/bin/../lib/gcc/nios2-elf/12.3.1/mno-hw-mul\libgcc.a(lib2-mul.o)
 .debug_info    0x000049d2      0x10c c:/Users/guan-ming.dennis-won/Documents/Code/FPGA_EPCQ_Programmer/software/NIOS_bsp/\libhal_bsp.a(alt_busy_sleep.o)
 .debug_info    0x00004ade      0x239 c:/Users/guan-ming.dennis-won/Documents/Code/FPGA_EPCQ_Programmer/software/NIOS_bsp/\libhal_bsp.a(alt_load.o)
 .debug_info    0x00004d17      0x13e c:/Users/guan-ming.dennis-won/Documents/Code/FPGA_EPCQ_Programmer/software/NIOS_bsp/\libhal_bsp.a(alt_main.o)
 .debug_info    0x00004e55      0x15c c:/Users/guan-ming.dennis-won/Documents/Code/FPGA_EPCQ_Programmer/software/NIOS_bsp/\libhal_bsp.a(alt_putstr.o)
 .debug_info    0x00004fb1      0x1a8 c:/Users/guan-ming.dennis-won/Documents/Code/FPGA_EPCQ_Programmer/software/NIOS_bsp/\libhal_bsp.a(alt_write.o)
 .debug_info    0x00005159      0x5d1 c:/Users/guan-ming.dennis-won/Documents/Code/FPGA_EPCQ_Programmer/software/NIOS_bsp/\libhal_bsp.a(alt_sys_init.o)
 .debug_info    0x0000572a      0x149 c:/Users/guan-ming.dennis-won/Documents/Code/FPGA_EPCQ_Programmer/software/NIOS_bsp/\libhal_bsp.a(altera_avalon_jtag_uart_write.o)
 .debug_info    0x00005873      0xc23 c:/Users/guan-ming.dennis-won/Documents/Code/FPGA_EPCQ_Programmer/software/NIOS_bsp/\libhal_bsp.a(altera_epcq_controller2.o)
 .debug_info    0x00006496       0x8d c:/Users/guan-ming.dennis-won/Documents/Code/FPGA_EPCQ_Programmer/software/NIOS_bsp/\libhal_bsp.a(alt_dcache_flush_all.o)
 .debug_info    0x00006523      0x1c9 c:/Users/guan-ming.dennis-won/Documents/Code/FPGA_EPCQ_Programmer/software/NIOS_bsp/\libhal_bsp.a(alt_dev_llist_insert.o)
 .debug_info    0x000066ec       0xa8 c:/Users/guan-ming.dennis-won/Documents/Code/FPGA_EPCQ_Programmer/software/NIOS_bsp/\libhal_bsp.a(alt_errno.o)
 .debug_info    0x00006794      0x5ff c:/Users/guan-ming.dennis-won/Documents/Code/FPGA_EPCQ_Programmer/software/NIOS_bsp/\libhal_bsp.a(alt_flash_dev.o)
 .debug_info    0x00006d93       0x8d c:/Users/guan-ming.dennis-won/Documents/Code/FPGA_EPCQ_Programmer/software/NIOS_bsp/\libhal_bsp.a(alt_icache_flush_all.o)
 .debug_info    0x00006e20       0x8d c:/Users/guan-ming.dennis-won/Documents/Code/FPGA_EPCQ_Programmer/software/NIOS_bsp/\libhal_bsp.a(altera_nios2_gen2_irq.o)
 .debug_info    0x00006ead      0x361 c:/Users/guan-ming.dennis-won/Documents/Code/FPGA_EPCQ_Programmer/software/NIOS_bsp/\libhal_bsp.a(alt_find_dev.o)
 .debug_info    0x0000720e       0xf9 c:/intelfpga_lite/23.1std/nios2eds/bin/gnu/h-x86_64-mingw32/bin/../lib/gcc/nios2-elf/12.3.1/../../../../../H-x86_64-mingw32/nios2-elf/lib/mno-hw-mul\libsmallc.a(libc_a-memcmp.o)
 .debug_info    0x00007307      0x121 c:/intelfpga_lite/23.1std/nios2eds/bin/gnu/h-x86_64-mingw32/bin/../lib/gcc/nios2-elf/12.3.1/../../../../../H-x86_64-mingw32/nios2-elf/lib/mno-hw-mul\libsmallc.a(libc_a-memcpy.o)

.debug_abbrev   0x00000000     0x255f
 *(.debug_abbrev)
 .debug_abbrev  0x00000000       0x1f c:/Users/guan-ming.dennis-won/Documents/Code/FPGA_EPCQ_Programmer/software/NIOS_bsp//obj/HAL/src/crt0.o
 .debug_abbrev  0x0000001f      0x1a9 obj/default/hello_world_small.o
 .debug_abbrev  0x000001c8      0x1fe obj/default/peripheral/peripheral_linker.o
 .debug_abbrev  0x000003c6      0x1ec c:/intelfpga_lite/23.1std/nios2eds/bin/gnu/h-x86_64-mingw32/bin/../lib/gcc/nios2-elf/12.3.1/../../../../../H-x86_64-mingw32/nios2-elf/lib/mno-hw-mul\libsmallc.a(libc_a-printf.o)
 .debug_abbrev  0x000005b2      0x1c9 c:/intelfpga_lite/23.1std/nios2eds/bin/gnu/h-x86_64-mingw32/bin/../lib/gcc/nios2-elf/12.3.1/../../../../../H-x86_64-mingw32/nios2-elf/lib/mno-hw-mul\libsmallc.a(libc_a-putchar.o)
 .debug_abbrev  0x0000077b      0x1db c:/intelfpga_lite/23.1std/nios2eds/bin/gnu/h-x86_64-mingw32/bin/../lib/gcc/nios2-elf/12.3.1/../../../../../H-x86_64-mingw32/nios2-elf/lib/mno-hw-mul\libsmallc.a(libc_a-puts.o)
 .debug_abbrev  0x00000956       0x8c c:/intelfpga_lite/23.1std/nios2eds/bin/gnu/h-x86_64-mingw32/bin/../lib/gcc/nios2-elf/12.3.1/../../../../../H-x86_64-mingw32/nios2-elf/lib/mno-hw-mul\libsmallc.a(libc_a-strlen.o)
 .debug_abbrev  0x000009e2      0x142 c:/intelfpga_lite/23.1std/nios2eds/bin/gnu/h-x86_64-mingw32/bin/../lib/gcc/nios2-elf/12.3.1/../../../../../H-x86_64-mingw32/nios2-elf/lib/mno-hw-mul\libsmallc.a(libc_a-impure.o)
 .debug_abbrev  0x00000b24      0x2d9 c:/intelfpga_lite/23.1std/nios2eds/bin/gnu/h-x86_64-mingw32/bin/../lib/gcc/nios2-elf/12.3.1/../../../../../H-x86_64-mingw32/nios2-elf/lib/mno-hw-mul\libsmallc.a(libc_a-vfprintf.o)
 .debug_abbrev  0x00000dfd      0x1c9 c:/intelfpga_lite/23.1std/nios2eds/bin/gnu/h-x86_64-mingw32/bin/../lib/gcc/nios2-elf/12.3.1/../../../../../H-x86_64-mingw32/nios2-elf/lib/mno-hw-mul\libsmallc.a(libc_a-fvwrite_small_dev.o)
 .debug_abbrev  0x00000fc6      0x1c5 c:/intelfpga_lite/23.1std/nios2eds/bin/gnu/h-x86_64-mingw32/bin/../lib/gcc/nios2-elf/12.3.1/../../../../../H-x86_64-mingw32/nios2-elf/lib/mno-hw-mul\libsmallc.a(libc_a-putc.o)
 .debug_abbrev  0x0000118b      0x1ae c:/intelfpga_lite/23.1std/nios2eds/bin/gnu/h-x86_64-mingw32/bin/../lib/gcc/nios2-elf/12.3.1/../../../../../H-x86_64-mingw32/nios2-elf/lib/mno-hw-mul\libsmallc.a(libc_a-writer.o)
 .debug_abbrev  0x00001339       0x39 c:/intelfpga_lite/23.1std/nios2eds/bin/gnu/h-x86_64-mingw32/bin/../lib/gcc/nios2-elf/12.3.1/../../../../../H-x86_64-mingw32/nios2-elf/lib/mno-hw-mul\libsmallc.a(libc_a-int_errno.o)
 .debug_abbrev  0x00001372      0x10c c:/intelfpga_lite/23.1std/nios2eds/bin/gnu/h-x86_64-mingw32/bin/../lib/gcc/nios2-elf/12.3.1/mno-hw-mul\libgcc.a(lib2-divmod.o)
 .debug_abbrev  0x0000147e       0x80 c:/intelfpga_lite/23.1std/nios2eds/bin/gnu/h-x86_64-mingw32/bin/../lib/gcc/nios2-elf/12.3.1/mno-hw-mul\libgcc.a(lib2-mul.o)
 .debug_abbrev  0x000014fe       0xb9 c:/Users/guan-ming.dennis-won/Documents/Code/FPGA_EPCQ_Programmer/software/NIOS_bsp/\libhal_bsp.a(alt_busy_sleep.o)
 .debug_abbrev  0x000015b7      0x12c c:/Users/guan-ming.dennis-won/Documents/Code/FPGA_EPCQ_Programmer/software/NIOS_bsp/\libhal_bsp.a(alt_load.o)
 .debug_abbrev  0x000016e3       0xeb c:/Users/guan-ming.dennis-won/Documents/Code/FPGA_EPCQ_Programmer/software/NIOS_bsp/\libhal_bsp.a(alt_main.o)
 .debug_abbrev  0x000017ce       0xd3 c:/Users/guan-ming.dennis-won/Documents/Code/FPGA_EPCQ_Programmer/software/NIOS_bsp/\libhal_bsp.a(alt_putstr.o)
 .debug_abbrev  0x000018a1      0x117 c:/Users/guan-ming.dennis-won/Documents/Code/FPGA_EPCQ_Programmer/software/NIOS_bsp/\libhal_bsp.a(alt_write.o)
 .debug_abbrev  0x000019b8      0x173 c:/Users/guan-ming.dennis-won/Documents/Code/FPGA_EPCQ_Programmer/software/NIOS_bsp/\libhal_bsp.a(alt_sys_init.o)
 .debug_abbrev  0x00001b2b       0xdc c:/Users/guan-ming.dennis-won/Documents/Code/FPGA_EPCQ_Programmer/software/NIOS_bsp/\libhal_bsp.a(altera_avalon_jtag_uart_write.o)
 .debug_abbrev  0x00001c07      0x2d4 c:/Users/guan-ming.dennis-won/Documents/Code/FPGA_EPCQ_Programmer/software/NIOS_bsp/\libhal_bsp.a(altera_epcq_controller2.o)
 .debug_abbrev  0x00001edb       0x43 c:/Users/guan-ming.dennis-won/Documents/Code/FPGA_EPCQ_Programmer/software/NIOS_bsp/\libhal_bsp.a(alt_dcache_flush_all.o)
 .debug_abbrev  0x00001f1e      0x147 c:/Users/guan-ming.dennis-won/Documents/Code/FPGA_EPCQ_Programmer/software/NIOS_bsp/\libhal_bsp.a(alt_dev_llist_insert.o)
 .debug_abbrev  0x00002065       0x70 c:/Users/guan-ming.dennis-won/Documents/Code/FPGA_EPCQ_Programmer/software/NIOS_bsp/\libhal_bsp.a(alt_errno.o)
 .debug_abbrev  0x000020d5      0x170 c:/Users/guan-ming.dennis-won/Documents/Code/FPGA_EPCQ_Programmer/software/NIOS_bsp/\libhal_bsp.a(alt_flash_dev.o)
 .debug_abbrev  0x00002245       0x43 c:/Users/guan-ming.dennis-won/Documents/Code/FPGA_EPCQ_Programmer/software/NIOS_bsp/\libhal_bsp.a(alt_icache_flush_all.o)
 .debug_abbrev  0x00002288       0x43 c:/Users/guan-ming.dennis-won/Documents/Code/FPGA_EPCQ_Programmer/software/NIOS_bsp/\libhal_bsp.a(altera_nios2_gen2_irq.o)
 .debug_abbrev  0x000022cb      0x132 c:/Users/guan-ming.dennis-won/Documents/Code/FPGA_EPCQ_Programmer/software/NIOS_bsp/\libhal_bsp.a(alt_find_dev.o)
 .debug_abbrev  0x000023fd       0xa1 c:/intelfpga_lite/23.1std/nios2eds/bin/gnu/h-x86_64-mingw32/bin/../lib/gcc/nios2-elf/12.3.1/../../../../../H-x86_64-mingw32/nios2-elf/lib/mno-hw-mul\libsmallc.a(libc_a-memcmp.o)
 .debug_abbrev  0x0000249e       0xc1 c:/intelfpga_lite/23.1std/nios2eds/bin/gnu/h-x86_64-mingw32/bin/../lib/gcc/nios2-elf/12.3.1/../../../../../H-x86_64-mingw32/nios2-elf/lib/mno-hw-mul\libsmallc.a(libc_a-memcpy.o)

.debug_line     0x00000000     0x2183
 *(.debug_line)
 .debug_line    0x00000000       0x66 c:/Users/guan-ming.dennis-won/Documents/Code/FPGA_EPCQ_Programmer/software/NIOS_bsp//obj/HAL/src/crt0.o
 .debug_line    0x00000066      0x120 obj/default/hello_world_small.o
 .debug_line    0x00000186      0x1e0 obj/default/peripheral/peripheral_linker.o
 .debug_line    0x00000366       0xd4 c:/intelfpga_lite/23.1std/nios2eds/bin/gnu/h-x86_64-mingw32/bin/../lib/gcc/nios2-elf/12.3.1/../../../../../H-x86_64-mingw32/nios2-elf/lib/mno-hw-mul\libsmallc.a(libc_a-printf.o)
 .debug_line    0x0000043a       0xa4 c:/intelfpga_lite/23.1std/nios2eds/bin/gnu/h-x86_64-mingw32/bin/../lib/gcc/nios2-elf/12.3.1/../../../../../H-x86_64-mingw32/nios2-elf/lib/mno-hw-mul\libsmallc.a(libc_a-putchar.o)
 .debug_line    0x000004de       0xc2 c:/intelfpga_lite/23.1std/nios2eds/bin/gnu/h-x86_64-mingw32/bin/../lib/gcc/nios2-elf/12.3.1/../../../../../H-x86_64-mingw32/nios2-elf/lib/mno-hw-mul\libsmallc.a(libc_a-puts.o)
 .debug_line    0x000005a0       0x7c c:/intelfpga_lite/23.1std/nios2eds/bin/gnu/h-x86_64-mingw32/bin/../lib/gcc/nios2-elf/12.3.1/../../../../../H-x86_64-mingw32/nios2-elf/lib/mno-hw-mul\libsmallc.a(libc_a-strlen.o)
 .debug_line    0x0000061c       0x4c c:/intelfpga_lite/23.1std/nios2eds/bin/gnu/h-x86_64-mingw32/bin/../lib/gcc/nios2-elf/12.3.1/../../../../../H-x86_64-mingw32/nios2-elf/lib/mno-hw-mul\libsmallc.a(libc_a-impure.o)
 .debug_line    0x00000668      0x581 c:/intelfpga_lite/23.1std/nios2eds/bin/gnu/h-x86_64-mingw32/bin/../lib/gcc/nios2-elf/12.3.1/../../../../../H-x86_64-mingw32/nios2-elf/lib/mno-hw-mul\libsmallc.a(libc_a-vfprintf.o)
 .debug_line    0x00000be9       0xd7 c:/intelfpga_lite/23.1std/nios2eds/bin/gnu/h-x86_64-mingw32/bin/../lib/gcc/nios2-elf/12.3.1/../../../../../H-x86_64-mingw32/nios2-elf/lib/mno-hw-mul\libsmallc.a(libc_a-fvwrite_small_dev.o)
 .debug_line    0x00000cc0       0xe3 c:/intelfpga_lite/23.1std/nios2eds/bin/gnu/h-x86_64-mingw32/bin/../lib/gcc/nios2-elf/12.3.1/../../../../../H-x86_64-mingw32/nios2-elf/lib/mno-hw-mul\libsmallc.a(libc_a-putc.o)
 .debug_line    0x00000da3       0xae c:/intelfpga_lite/23.1std/nios2eds/bin/gnu/h-x86_64-mingw32/bin/../lib/gcc/nios2-elf/12.3.1/../../../../../H-x86_64-mingw32/nios2-elf/lib/mno-hw-mul\libsmallc.a(libc_a-writer.o)
 .debug_line    0x00000e51       0x3a c:/intelfpga_lite/23.1std/nios2eds/bin/gnu/h-x86_64-mingw32/bin/../lib/gcc/nios2-elf/12.3.1/../../../../../H-x86_64-mingw32/nios2-elf/lib/mno-hw-mul\libsmallc.a(libc_a-int_errno.o)
 .debug_line    0x00000e8b      0x2e3 c:/intelfpga_lite/23.1std/nios2eds/bin/gnu/h-x86_64-mingw32/bin/../lib/gcc/nios2-elf/12.3.1/mno-hw-mul\libgcc.a(lib2-divmod.o)
 .debug_line    0x0000116e       0x88 c:/intelfpga_lite/23.1std/nios2eds/bin/gnu/h-x86_64-mingw32/bin/../lib/gcc/nios2-elf/12.3.1/mno-hw-mul\libgcc.a(lib2-mul.o)
 .debug_line    0x000011f6       0xe2 c:/Users/guan-ming.dennis-won/Documents/Code/FPGA_EPCQ_Programmer/software/NIOS_bsp/\libhal_bsp.a(alt_busy_sleep.o)
 .debug_line    0x000012d8       0xd2 c:/Users/guan-ming.dennis-won/Documents/Code/FPGA_EPCQ_Programmer/software/NIOS_bsp/\libhal_bsp.a(alt_load.o)
 .debug_line    0x000013aa       0xa2 c:/Users/guan-ming.dennis-won/Documents/Code/FPGA_EPCQ_Programmer/software/NIOS_bsp/\libhal_bsp.a(alt_main.o)
 .debug_line    0x0000144c       0x79 c:/Users/guan-ming.dennis-won/Documents/Code/FPGA_EPCQ_Programmer/software/NIOS_bsp/\libhal_bsp.a(alt_putstr.o)
 .debug_line    0x000014c5       0xc5 c:/Users/guan-ming.dennis-won/Documents/Code/FPGA_EPCQ_Programmer/software/NIOS_bsp/\libhal_bsp.a(alt_write.o)
 .debug_line    0x0000158a       0xad c:/Users/guan-ming.dennis-won/Documents/Code/FPGA_EPCQ_Programmer/software/NIOS_bsp/\libhal_bsp.a(alt_sys_init.o)
 .debug_line    0x00001637       0x93 c:/Users/guan-ming.dennis-won/Documents/Code/FPGA_EPCQ_Programmer/software/NIOS_bsp/\libhal_bsp.a(altera_avalon_jtag_uart_write.o)
 .debug_line    0x000016ca      0x5dc c:/Users/guan-ming.dennis-won/Documents/Code/FPGA_EPCQ_Programmer/software/NIOS_bsp/\libhal_bsp.a(altera_epcq_controller2.o)
 .debug_line    0x00001ca6       0x4e c:/Users/guan-ming.dennis-won/Documents/Code/FPGA_EPCQ_Programmer/software/NIOS_bsp/\libhal_bsp.a(alt_dcache_flush_all.o)
 .debug_line    0x00001cf4       0xfd c:/Users/guan-ming.dennis-won/Documents/Code/FPGA_EPCQ_Programmer/software/NIOS_bsp/\libhal_bsp.a(alt_dev_llist_insert.o)
 .debug_line    0x00001df1       0x4c c:/Users/guan-ming.dennis-won/Documents/Code/FPGA_EPCQ_Programmer/software/NIOS_bsp/\libhal_bsp.a(alt_errno.o)
 .debug_line    0x00001e3d       0xd4 c:/Users/guan-ming.dennis-won/Documents/Code/FPGA_EPCQ_Programmer/software/NIOS_bsp/\libhal_bsp.a(alt_flash_dev.o)
 .debug_line    0x00001f11       0x4c c:/Users/guan-ming.dennis-won/Documents/Code/FPGA_EPCQ_Programmer/software/NIOS_bsp/\libhal_bsp.a(alt_icache_flush_all.o)
 .debug_line    0x00001f5d       0x54 c:/Users/guan-ming.dennis-won/Documents/Code/FPGA_EPCQ_Programmer/software/NIOS_bsp/\libhal_bsp.a(altera_nios2_gen2_irq.o)
 .debug_line    0x00001fb1       0xb7 c:/Users/guan-ming.dennis-won/Documents/Code/FPGA_EPCQ_Programmer/software/NIOS_bsp/\libhal_bsp.a(alt_find_dev.o)
 .debug_line    0x00002068       0x8f c:/intelfpga_lite/23.1std/nios2eds/bin/gnu/h-x86_64-mingw32/bin/../lib/gcc/nios2-elf/12.3.1/../../../../../H-x86_64-mingw32/nios2-elf/lib/mno-hw-mul\libsmallc.a(libc_a-memcmp.o)
 .debug_line    0x000020f7       0x8c c:/intelfpga_lite/23.1std/nios2eds/bin/gnu/h-x86_64-mingw32/bin/../lib/gcc/nios2-elf/12.3.1/../../../../../H-x86_64-mingw32/nios2-elf/lib/mno-hw-mul\libsmallc.a(libc_a-memcpy.o)

.debug_frame    0x00000000      0x76c
 *(.debug_frame)
 .debug_frame   0x00000000       0x28 obj/default/hello_world_small.o
 .debug_frame   0x00000028       0xa8 obj/default/peripheral/peripheral_linker.o
 .debug_frame   0x000000d0       0x48 c:/intelfpga_lite/23.1std/nios2eds/bin/gnu/h-x86_64-mingw32/bin/../lib/gcc/nios2-elf/12.3.1/../../../../../H-x86_64-mingw32/nios2-elf/lib/mno-hw-mul\libsmallc.a(libc_a-printf.o)
 .debug_frame   0x00000118       0x30 c:/intelfpga_lite/23.1std/nios2eds/bin/gnu/h-x86_64-mingw32/bin/../lib/gcc/nios2-elf/12.3.1/../../../../../H-x86_64-mingw32/nios2-elf/lib/mno-hw-mul\libsmallc.a(libc_a-putchar.o)
 .debug_frame   0x00000148       0x48 c:/intelfpga_lite/23.1std/nios2eds/bin/gnu/h-x86_64-mingw32/bin/../lib/gcc/nios2-elf/12.3.1/../../../../../H-x86_64-mingw32/nios2-elf/lib/mno-hw-mul\libsmallc.a(libc_a-puts.o)
 .debug_frame   0x00000190       0x20 c:/intelfpga_lite/23.1std/nios2eds/bin/gnu/h-x86_64-mingw32/bin/../lib/gcc/nios2-elf/12.3.1/../../../../../H-x86_64-mingw32/nios2-elf/lib/mno-hw-mul\libsmallc.a(libc_a-strlen.o)
 .debug_frame   0x000001b0       0x90 c:/intelfpga_lite/23.1std/nios2eds/bin/gnu/h-x86_64-mingw32/bin/../lib/gcc/nios2-elf/12.3.1/../../../../../H-x86_64-mingw32/nios2-elf/lib/mno-hw-mul\libsmallc.a(libc_a-vfprintf.o)
 .debug_frame   0x00000240       0x3c c:/intelfpga_lite/23.1std/nios2eds/bin/gnu/h-x86_64-mingw32/bin/../lib/gcc/nios2-elf/12.3.1/../../../../../H-x86_64-mingw32/nios2-elf/lib/mno-hw-mul\libsmallc.a(libc_a-fvwrite_small_dev.o)
 .debug_frame   0x0000027c       0x50 c:/intelfpga_lite/23.1std/nios2eds/bin/gnu/h-x86_64-mingw32/bin/../lib/gcc/nios2-elf/12.3.1/../../../../../H-x86_64-mingw32/nios2-elf/lib/mno-hw-mul\libsmallc.a(libc_a-putc.o)
 .debug_frame   0x000002cc       0x30 c:/intelfpga_lite/23.1std/nios2eds/bin/gnu/h-x86_64-mingw32/bin/../lib/gcc/nios2-elf/12.3.1/../../../../../H-x86_64-mingw32/nios2-elf/lib/mno-hw-mul\libsmallc.a(libc_a-writer.o)
 .debug_frame   0x000002fc       0x50 c:/intelfpga_lite/23.1std/nios2eds/bin/gnu/h-x86_64-mingw32/bin/../lib/gcc/nios2-elf/12.3.1/mno-hw-mul\libgcc.a(lib2-divmod.o)
 .debug_frame   0x0000034c       0x20 c:/intelfpga_lite/23.1std/nios2eds/bin/gnu/h-x86_64-mingw32/bin/../lib/gcc/nios2-elf/12.3.1/mno-hw-mul\libgcc.a(lib2-mul.o)
 .debug_frame   0x0000036c       0x34 c:/Users/guan-ming.dennis-won/Documents/Code/FPGA_EPCQ_Programmer/software/NIOS_bsp/\libhal_bsp.a(alt_busy_sleep.o)
 .debug_frame   0x000003a0       0x2c c:/Users/guan-ming.dennis-won/Documents/Code/FPGA_EPCQ_Programmer/software/NIOS_bsp/\libhal_bsp.a(alt_load.o)
 .debug_frame   0x000003cc       0x2c c:/Users/guan-ming.dennis-won/Documents/Code/FPGA_EPCQ_Programmer/software/NIOS_bsp/\libhal_bsp.a(alt_main.o)
 .debug_frame   0x000003f8       0x30 c:/Users/guan-ming.dennis-won/Documents/Code/FPGA_EPCQ_Programmer/software/NIOS_bsp/\libhal_bsp.a(alt_putstr.o)
 .debug_frame   0x00000428       0x2c c:/Users/guan-ming.dennis-won/Documents/Code/FPGA_EPCQ_Programmer/software/NIOS_bsp/\libhal_bsp.a(alt_write.o)
 .debug_frame   0x00000454       0x3c c:/Users/guan-ming.dennis-won/Documents/Code/FPGA_EPCQ_Programmer/software/NIOS_bsp/\libhal_bsp.a(alt_sys_init.o)
 .debug_frame   0x00000490       0x20 c:/Users/guan-ming.dennis-won/Documents/Code/FPGA_EPCQ_Programmer/software/NIOS_bsp/\libhal_bsp.a(altera_avalon_jtag_uart_write.o)
 .debug_frame   0x000004b0      0x164 c:/Users/guan-ming.dennis-won/Documents/Code/FPGA_EPCQ_Programmer/software/NIOS_bsp/\libhal_bsp.a(altera_epcq_controller2.o)
 .debug_frame   0x00000614       0x20 c:/Users/guan-ming.dennis-won/Documents/Code/FPGA_EPCQ_Programmer/software/NIOS_bsp/\libhal_bsp.a(alt_dcache_flush_all.o)
 .debug_frame   0x00000634       0x2c c:/Users/guan-ming.dennis-won/Documents/Code/FPGA_EPCQ_Programmer/software/NIOS_bsp/\libhal_bsp.a(alt_dev_llist_insert.o)
 .debug_frame   0x00000660       0x4c c:/Users/guan-ming.dennis-won/Documents/Code/FPGA_EPCQ_Programmer/software/NIOS_bsp/\libhal_bsp.a(alt_flash_dev.o)
 .debug_frame   0x000006ac       0x20 c:/Users/guan-ming.dennis-won/Documents/Code/FPGA_EPCQ_Programmer/software/NIOS_bsp/\libhal_bsp.a(alt_icache_flush_all.o)
 .debug_frame   0x000006cc       0x20 c:/Users/guan-ming.dennis-won/Documents/Code/FPGA_EPCQ_Programmer/software/NIOS_bsp/\libhal_bsp.a(altera_nios2_gen2_irq.o)
 .debug_frame   0x000006ec       0x40 c:/Users/guan-ming.dennis-won/Documents/Code/FPGA_EPCQ_Programmer/software/NIOS_bsp/\libhal_bsp.a(alt_find_dev.o)
 .debug_frame   0x0000072c       0x20 c:/intelfpga_lite/23.1std/nios2eds/bin/gnu/h-x86_64-mingw32/bin/../lib/gcc/nios2-elf/12.3.1/../../../../../H-x86_64-mingw32/nios2-elf/lib/mno-hw-mul\libsmallc.a(libc_a-memcmp.o)
 .debug_frame   0x0000074c       0x20 c:/intelfpga_lite/23.1std/nios2eds/bin/gnu/h-x86_64-mingw32/bin/../lib/gcc/nios2-elf/12.3.1/../../../../../H-x86_64-mingw32/nios2-elf/lib/mno-hw-mul\libsmallc.a(libc_a-memcpy.o)

.debug_str      0x00000000     0x107e
 *(.debug_str)
 .debug_str     0x00000000       0x7a c:/Users/guan-ming.dennis-won/Documents/Code/FPGA_EPCQ_Programmer/software/NIOS_bsp//obj/HAL/src/crt0.o
                                 0x81 (size before relaxing)
 .debug_str     0x0000007a      0x33b obj/default/hello_world_small.o
                                0x3e4 (size before relaxing)
 .debug_str     0x000003b5       0x9a obj/default/peripheral/peripheral_linker.o
                                0x447 (size before relaxing)
 .debug_str     0x0000044f      0x332 c:/intelfpga_lite/23.1std/nios2eds/bin/gnu/h-x86_64-mingw32/bin/../lib/gcc/nios2-elf/12.3.1/../../../../../H-x86_64-mingw32/nios2-elf/lib/mno-hw-mul\libsmallc.a(libc_a-printf.o)
                                0x402 (size before relaxing)
 .debug_str     0x00000781       0x13 c:/intelfpga_lite/23.1std/nios2eds/bin/gnu/h-x86_64-mingw32/bin/../lib/gcc/nios2-elf/12.3.1/../../../../../H-x86_64-mingw32/nios2-elf/lib/mno-hw-mul\libsmallc.a(libc_a-putchar.o)
                                0x3a9 (size before relaxing)
 .debug_str     0x00000794        0xf c:/intelfpga_lite/23.1std/nios2eds/bin/gnu/h-x86_64-mingw32/bin/../lib/gcc/nios2-elf/12.3.1/../../../../../H-x86_64-mingw32/nios2-elf/lib/mno-hw-mul\libsmallc.a(libc_a-puts.o)
                                0x3b3 (size before relaxing)
 .debug_str     0x000007a3        0xf c:/intelfpga_lite/23.1std/nios2eds/bin/gnu/h-x86_64-mingw32/bin/../lib/gcc/nios2-elf/12.3.1/../../../../../H-x86_64-mingw32/nios2-elf/lib/mno-hw-mul\libsmallc.a(libc_a-strlen.o)
                                0x114 (size before relaxing)
 .debug_str     0x000007a3        0xd c:/intelfpga_lite/23.1std/nios2eds/bin/gnu/h-x86_64-mingw32/bin/../lib/gcc/nios2-elf/12.3.1/../../../../../H-x86_64-mingw32/nios2-elf/lib/mno-hw-mul\libsmallc.a(libc_a-impure.o)
                                0x390 (size before relaxing)
 .debug_str     0x000007b0      0x2a1 c:/intelfpga_lite/23.1std/nios2eds/bin/gnu/h-x86_64-mingw32/bin/../lib/gcc/nios2-elf/12.3.1/../../../../../H-x86_64-mingw32/nios2-elf/lib/mno-hw-mul\libsmallc.a(libc_a-vfprintf.o)
                                0x749 (size before relaxing)
 .debug_str     0x00000a51       0x25 c:/intelfpga_lite/23.1std/nios2eds/bin/gnu/h-x86_64-mingw32/bin/../lib/gcc/nios2-elf/12.3.1/../../../../../H-x86_64-mingw32/nios2-elf/lib/mno-hw-mul\libsmallc.a(libc_a-fvwrite_small_dev.o)
                                0x3bd (size before relaxing)
 .debug_str     0x00000a76        0xc c:/intelfpga_lite/23.1std/nios2eds/bin/gnu/h-x86_64-mingw32/bin/../lib/gcc/nios2-elf/12.3.1/../../../../../H-x86_64-mingw32/nios2-elf/lib/mno-hw-mul\libsmallc.a(libc_a-putc.o)
                                0x3b1 (size before relaxing)
 .debug_str     0x00000a82        0xc c:/intelfpga_lite/23.1std/nios2eds/bin/gnu/h-x86_64-mingw32/bin/../lib/gcc/nios2-elf/12.3.1/../../../../../H-x86_64-mingw32/nios2-elf/lib/mno-hw-mul\libsmallc.a(libc_a-writer.o)
                                0x39c (size before relaxing)
 .debug_str     0x00000a82      0x106 c:/intelfpga_lite/23.1std/nios2eds/bin/gnu/h-x86_64-mingw32/bin/../lib/gcc/nios2-elf/12.3.1/../../../../../H-x86_64-mingw32/nios2-elf/lib/mno-hw-mul\libsmallc.a(libc_a-int_errno.o)
 .debug_str     0x00000a82       0xcd c:/intelfpga_lite/23.1std/nios2eds/bin/gnu/h-x86_64-mingw32/bin/../lib/gcc/nios2-elf/12.3.1/mno-hw-mul\libgcc.a(lib2-divmod.o)
                                0x122 (size before relaxing)
 .debug_str     0x00000b4f       0xe6 c:/intelfpga_lite/23.1std/nios2eds/bin/gnu/h-x86_64-mingw32/bin/../lib/gcc/nios2-elf/12.3.1/mno-hw-mul\libgcc.a(lib2-mul.o)
 .debug_str     0x00000b4f       0x1a c:/Users/guan-ming.dennis-won/Documents/Code/FPGA_EPCQ_Programmer/software/NIOS_bsp/\libhal_bsp.a(alt_busy_sleep.o)
                                0x12c (size before relaxing)
 .debug_str     0x00000b69      0x111 c:/Users/guan-ming.dennis-won/Documents/Code/FPGA_EPCQ_Programmer/software/NIOS_bsp/\libhal_bsp.a(alt_load.o)
                                0x208 (size before relaxing)
 .debug_str     0x00000c7a       0x4b c:/Users/guan-ming.dennis-won/Documents/Code/FPGA_EPCQ_Programmer/software/NIOS_bsp/\libhal_bsp.a(alt_main.o)
                                0x138 (size before relaxing)
 .debug_str     0x00000cc5       0x44 c:/Users/guan-ming.dennis-won/Documents/Code/FPGA_EPCQ_Programmer/software/NIOS_bsp/\libhal_bsp.a(alt_putstr.o)
                                0x145 (size before relaxing)
 .debug_str     0x00000d09       0x18 c:/Users/guan-ming.dennis-won/Documents/Code/FPGA_EPCQ_Programmer/software/NIOS_bsp/\libhal_bsp.a(alt_write.o)
                                0x15c (size before relaxing)
 .debug_str     0x00000d21       0xe6 c:/Users/guan-ming.dennis-won/Documents/Code/FPGA_EPCQ_Programmer/software/NIOS_bsp/\libhal_bsp.a(alt_sys_init.o)
                                0x472 (size before relaxing)
 .debug_str     0x00000e07       0xe6 c:/Users/guan-ming.dennis-won/Documents/Code/FPGA_EPCQ_Programmer/software/NIOS_bsp/\libhal_bsp.a(altera_avalon_jtag_uart_write.o)
                                0x15c (size before relaxing)
 .debug_str     0x00000e07      0x1c7 c:/Users/guan-ming.dennis-won/Documents/Code/FPGA_EPCQ_Programmer/software/NIOS_bsp/\libhal_bsp.a(altera_epcq_controller2.o)
                                0x5ef (size before relaxing)
 .debug_str     0x00000fce       0xfd c:/Users/guan-ming.dennis-won/Documents/Code/FPGA_EPCQ_Programmer/software/NIOS_bsp/\libhal_bsp.a(alt_dcache_flush_all.o)
 .debug_str     0x00000fce       0x17 c:/Users/guan-ming.dennis-won/Documents/Code/FPGA_EPCQ_Programmer/software/NIOS_bsp/\libhal_bsp.a(alt_dev_llist_insert.o)
                                0x174 (size before relaxing)
 .debug_str     0x00000fe5        0x8 c:/Users/guan-ming.dennis-won/Documents/Code/FPGA_EPCQ_Programmer/software/NIOS_bsp/\libhal_bsp.a(alt_errno.o)
                                 0xfa (size before relaxing)
 .debug_str     0x00000fed       0x76 c:/Users/guan-ming.dennis-won/Documents/Code/FPGA_EPCQ_Programmer/software/NIOS_bsp/\libhal_bsp.a(alt_flash_dev.o)
                                0x308 (size before relaxing)
 .debug_str     0x00001063       0xfd c:/Users/guan-ming.dennis-won/Documents/Code/FPGA_EPCQ_Programmer/software/NIOS_bsp/\libhal_bsp.a(alt_icache_flush_all.o)
 .debug_str     0x00001063      0x103 c:/Users/guan-ming.dennis-won/Documents/Code/FPGA_EPCQ_Programmer/software/NIOS_bsp/\libhal_bsp.a(altera_nios2_gen2_irq.o)
 .debug_str     0x00001063        0x7 c:/Users/guan-ming.dennis-won/Documents/Code/FPGA_EPCQ_Programmer/software/NIOS_bsp/\libhal_bsp.a(alt_find_dev.o)
                                0x1a4 (size before relaxing)
 .debug_str     0x0000106a      0x10e c:/intelfpga_lite/23.1std/nios2eds/bin/gnu/h-x86_64-mingw32/bin/../lib/gcc/nios2-elf/12.3.1/../../../../../H-x86_64-mingw32/nios2-elf/lib/mno-hw-mul\libsmallc.a(libc_a-memcmp.o)
 .debug_str     0x0000106a       0x14 c:/intelfpga_lite/23.1std/nios2eds/bin/gnu/h-x86_64-mingw32/bin/../lib/gcc/nios2-elf/12.3.1/../../../../../H-x86_64-mingw32/nios2-elf/lib/mno-hw-mul\libsmallc.a(libc_a-memcpy.o)
                                0x122 (size before relaxing)

.debug_loc
 *(.debug_loc)

.debug_macinfo
 *(.debug_macinfo)

.debug_weaknames
 *(.debug_weaknames)

.debug_funcnames
 *(.debug_funcnames)

.debug_typenames
 *(.debug_typenames)

.debug_varnames
 *(.debug_varnames)

.debug_alt_sim_info
                0x00000000       0x40
 *(.debug_alt_sim_info)
 .debug_alt_sim_info
                0x00000000       0x10 c:/Users/guan-ming.dennis-won/Documents/Code/FPGA_EPCQ_Programmer/software/NIOS_bsp//obj/HAL/src/crt0.o
 .debug_alt_sim_info
                0x00000010       0x30 c:/Users/guan-ming.dennis-won/Documents/Code/FPGA_EPCQ_Programmer/software/NIOS_bsp/\libhal_bsp.a(alt_busy_sleep.o)
                0x0101a000                        __alt_data_end = 0x101a000
                0x0101a000                        PROVIDE (__alt_stack_pointer = __alt_data_end)
                [!provide]                        PROVIDE (__alt_stack_limit = __alt_stack_base)
                [!provide]                        PROVIDE (__alt_heap_start = end)
                [!provide]                        PROVIDE (__alt_heap_limit = 0x101a000)
OUTPUT(NIOS.elf elf32-littlenios2)
LOAD linker stubs

.debug_ranges   0x00000000       0x20
 .debug_ranges  0x00000000       0x20 c:/Users/guan-ming.dennis-won/Documents/Code/FPGA_EPCQ_Programmer/software/NIOS_bsp//obj/HAL/src/crt0.o

.debug_rnglists
                0x00000000      0x297
 .debug_rnglists
                0x00000000       0x23 obj/default/hello_world_small.o
 .debug_rnglists
                0x00000023       0x49 obj/default/peripheral/peripheral_linker.o
 .debug_rnglists
                0x0000006c       0x19 c:/intelfpga_lite/23.1std/nios2eds/bin/gnu/h-x86_64-mingw32/bin/../lib/gcc/nios2-elf/12.3.1/../../../../../H-x86_64-mingw32/nios2-elf/lib/mno-hw-mul\libsmallc.a(libc_a-printf.o)
 .debug_rnglists
                0x00000085       0x19 c:/intelfpga_lite/23.1std/nios2eds/bin/gnu/h-x86_64-mingw32/bin/../lib/gcc/nios2-elf/12.3.1/../../../../../H-x86_64-mingw32/nios2-elf/lib/mno-hw-mul\libsmallc.a(libc_a-putchar.o)
 .debug_rnglists
                0x0000009e       0x1a c:/intelfpga_lite/23.1std/nios2eds/bin/gnu/h-x86_64-mingw32/bin/../lib/gcc/nios2-elf/12.3.1/../../../../../H-x86_64-mingw32/nios2-elf/lib/mno-hw-mul\libsmallc.a(libc_a-puts.o)
 .debug_rnglists
                0x000000b8       0x13 c:/intelfpga_lite/23.1std/nios2eds/bin/gnu/h-x86_64-mingw32/bin/../lib/gcc/nios2-elf/12.3.1/../../../../../H-x86_64-mingw32/nios2-elf/lib/mno-hw-mul\libsmallc.a(libc_a-strlen.o)
 .debug_rnglists
                0x000000cb       0x84 c:/intelfpga_lite/23.1std/nios2eds/bin/gnu/h-x86_64-mingw32/bin/../lib/gcc/nios2-elf/12.3.1/../../../../../H-x86_64-mingw32/nios2-elf/lib/mno-hw-mul\libsmallc.a(libc_a-vfprintf.o)
 .debug_rnglists
                0x0000014f       0x14 c:/intelfpga_lite/23.1std/nios2eds/bin/gnu/h-x86_64-mingw32/bin/../lib/gcc/nios2-elf/12.3.1/../../../../../H-x86_64-mingw32/nios2-elf/lib/mno-hw-mul\libsmallc.a(libc_a-fvwrite_small_dev.o)
 .debug_rnglists
                0x00000163       0x19 c:/intelfpga_lite/23.1std/nios2eds/bin/gnu/h-x86_64-mingw32/bin/../lib/gcc/nios2-elf/12.3.1/../../../../../H-x86_64-mingw32/nios2-elf/lib/mno-hw-mul\libsmallc.a(libc_a-putc.o)
 .debug_rnglists
                0x0000017c       0x13 c:/intelfpga_lite/23.1std/nios2eds/bin/gnu/h-x86_64-mingw32/bin/../lib/gcc/nios2-elf/12.3.1/../../../../../H-x86_64-mingw32/nios2-elf/lib/mno-hw-mul\libsmallc.a(libc_a-writer.o)
 .debug_rnglists
                0x0000018f       0x3f c:/intelfpga_lite/23.1std/nios2eds/bin/gnu/h-x86_64-mingw32/bin/../lib/gcc/nios2-elf/12.3.1/mno-hw-mul\libgcc.a(lib2-divmod.o)
 .debug_rnglists
                0x000001ce       0x23 c:/Users/guan-ming.dennis-won/Documents/Code/FPGA_EPCQ_Programmer/software/NIOS_bsp/\libhal_bsp.a(alt_load.o)
 .debug_rnglists
                0x000001f1       0x16 c:/Users/guan-ming.dennis-won/Documents/Code/FPGA_EPCQ_Programmer/software/NIOS_bsp/\libhal_bsp.a(alt_write.o)
 .debug_rnglists
                0x00000207       0x54 c:/Users/guan-ming.dennis-won/Documents/Code/FPGA_EPCQ_Programmer/software/NIOS_bsp/\libhal_bsp.a(altera_epcq_controller2.o)
 .debug_rnglists
                0x0000025b       0x16 c:/Users/guan-ming.dennis-won/Documents/Code/FPGA_EPCQ_Programmer/software/NIOS_bsp/\libhal_bsp.a(alt_dev_llist_insert.o)
 .debug_rnglists
                0x00000271       0x13 c:/intelfpga_lite/23.1std/nios2eds/bin/gnu/h-x86_64-mingw32/bin/../lib/gcc/nios2-elf/12.3.1/../../../../../H-x86_64-mingw32/nios2-elf/lib/mno-hw-mul\libsmallc.a(libc_a-memcmp.o)
 .debug_rnglists
                0x00000284       0x13 c:/intelfpga_lite/23.1std/nios2eds/bin/gnu/h-x86_64-mingw32/bin/../lib/gcc/nios2-elf/12.3.1/../../../../../H-x86_64-mingw32/nios2-elf/lib/mno-hw-mul\libsmallc.a(libc_a-memcpy.o)

.debug_line_str
                0x00000000      0xd18
 .debug_line_str
                0x00000000      0x2cd obj/default/hello_world_small.o
                                0x345 (size before relaxing)
 .debug_line_str
                0x000002cd       0x1f obj/default/peripheral/peripheral_linker.o
                                0x344 (size before relaxing)
 .debug_line_str
                0x000002ec      0x23c c:/intelfpga_lite/23.1std/nios2eds/bin/gnu/h-x86_64-mingw32/bin/../lib/gcc/nios2-elf/12.3.1/../../../../../H-x86_64-mingw32/nios2-elf/lib/mno-hw-mul\libsmallc.a(libc_a-printf.o)
                                0x2e1 (size before relaxing)
 .debug_line_str
                0x00000528       0x39 c:/intelfpga_lite/23.1std/nios2eds/bin/gnu/h-x86_64-mingw32/bin/../lib/gcc/nios2-elf/12.3.1/../../../../../H-x86_64-mingw32/nios2-elf/lib/mno-hw-mul\libsmallc.a(libc_a-putchar.o)
                                0x2c9 (size before relaxing)
 .debug_line_str
                0x00000561       0x3f c:/intelfpga_lite/23.1std/nios2eds/bin/gnu/h-x86_64-mingw32/bin/../lib/gcc/nios2-elf/12.3.1/../../../../../H-x86_64-mingw32/nios2-elf/lib/mno-hw-mul\libsmallc.a(libc_a-puts.o)
                                0x2d3 (size before relaxing)
 .debug_line_str
                0x000005a0       0x69 c:/intelfpga_lite/23.1std/nios2eds/bin/gnu/h-x86_64-mingw32/bin/../lib/gcc/nios2-elf/12.3.1/../../../../../H-x86_64-mingw32/nios2-elf/lib/mno-hw-mul\libsmallc.a(libc_a-strlen.o)
                                0x259 (size before relaxing)
 .debug_line_str
                0x00000609       0x67 c:/intelfpga_lite/23.1std/nios2eds/bin/gnu/h-x86_64-mingw32/bin/../lib/gcc/nios2-elf/12.3.1/../../../../../H-x86_64-mingw32/nios2-elf/lib/mno-hw-mul\libsmallc.a(libc_a-impure.o)
                                0x25a (size before relaxing)
 .debug_line_str
                0x00000670       0x91 c:/intelfpga_lite/23.1std/nios2eds/bin/gnu/h-x86_64-mingw32/bin/../lib/gcc/nios2-elf/12.3.1/../../../../../H-x86_64-mingw32/nios2-elf/lib/mno-hw-mul\libsmallc.a(libc_a-vfprintf.o)
                                0x33e (size before relaxing)
 .debug_line_str
                0x00000701       0x43 c:/intelfpga_lite/23.1std/nios2eds/bin/gnu/h-x86_64-mingw32/bin/../lib/gcc/nios2-elf/12.3.1/../../../../../H-x86_64-mingw32/nios2-elf/lib/mno-hw-mul\libsmallc.a(libc_a-fvwrite_small_dev.o)
                                0x2e7 (size before relaxing)
 .debug_line_str
                0x00000744       0x36 c:/intelfpga_lite/23.1std/nios2eds/bin/gnu/h-x86_64-mingw32/bin/../lib/gcc/nios2-elf/12.3.1/../../../../../H-x86_64-mingw32/nios2-elf/lib/mno-hw-mul\libsmallc.a(libc_a-putc.o)
                                0x2ca (size before relaxing)
 .debug_line_str
                0x0000077a       0x41 c:/intelfpga_lite/23.1std/nios2eds/bin/gnu/h-x86_64-mingw32/bin/../lib/gcc/nios2-elf/12.3.1/../../../../../H-x86_64-mingw32/nios2-elf/lib/mno-hw-mul\libsmallc.a(libc_a-writer.o)
                                0x2cf (size before relaxing)
 .debug_line_str
                0x000007bb       0x3b c:/intelfpga_lite/23.1std/nios2eds/bin/gnu/h-x86_64-mingw32/bin/../lib/gcc/nios2-elf/12.3.1/../../../../../H-x86_64-mingw32/nios2-elf/lib/mno-hw-mul\libsmallc.a(libc_a-int_errno.o)
                                0x186 (size before relaxing)
 .debug_line_str
                0x000007f6       0xf2 c:/intelfpga_lite/23.1std/nios2eds/bin/gnu/h-x86_64-mingw32/bin/../lib/gcc/nios2-elf/12.3.1/mno-hw-mul\libgcc.a(lib2-divmod.o)
                                0x187 (size before relaxing)
 .debug_line_str
                0x000008e8       0x3a c:/intelfpga_lite/23.1std/nios2eds/bin/gnu/h-x86_64-mingw32/bin/../lib/gcc/nios2-elf/12.3.1/mno-hw-mul\libgcc.a(lib2-mul.o)
                                0x17e (size before relaxing)
 .debug_line_str
                0x00000922       0x7f c:/Users/guan-ming.dennis-won/Documents/Code/FPGA_EPCQ_Programmer/software/NIOS_bsp/\libhal_bsp.a(alt_busy_sleep.o)
                                0x101 (size before relaxing)
 .debug_line_str
                0x000009a1       0x38 c:/Users/guan-ming.dennis-won/Documents/Code/FPGA_EPCQ_Programmer/software/NIOS_bsp/\libhal_bsp.a(alt_load.o)
                                0x11f (size before relaxing)
 .debug_line_str
                0x000009d9       0x4a c:/Users/guan-ming.dennis-won/Documents/Code/FPGA_EPCQ_Programmer/software/NIOS_bsp/\libhal_bsp.a(alt_main.o)
                                0x11e (size before relaxing)
 .debug_line_str
                0x00000a23       0xc0 c:/Users/guan-ming.dennis-won/Documents/Code/FPGA_EPCQ_Programmer/software/NIOS_bsp/\libhal_bsp.a(alt_putstr.o)
                                0x19c (size before relaxing)
 .debug_line_str
                0x00000ae3       0x20 c:/Users/guan-ming.dennis-won/Documents/Code/FPGA_EPCQ_Programmer/software/NIOS_bsp/\libhal_bsp.a(alt_write.o)
                                0x1b7 (size before relaxing)
 .debug_line_str
                0x00000b03       0x4f c:/Users/guan-ming.dennis-won/Documents/Code/FPGA_EPCQ_Programmer/software/NIOS_bsp/\libhal_bsp.a(alt_sys_init.o)
                                0x18b (size before relaxing)
 .debug_line_str
                0x00000b52       0x38 c:/Users/guan-ming.dennis-won/Documents/Code/FPGA_EPCQ_Programmer/software/NIOS_bsp/\libhal_bsp.a(altera_avalon_jtag_uart_write.o)
                                0x15e (size before relaxing)
 .debug_line_str
                0x00000b8a       0x47 c:/Users/guan-ming.dennis-won/Documents/Code/FPGA_EPCQ_Programmer/software/NIOS_bsp/\libhal_bsp.a(altera_epcq_controller2.o)
                                0x280 (size before relaxing)
 .debug_line_str
                0x00000bd1       0x1f c:/Users/guan-ming.dennis-won/Documents/Code/FPGA_EPCQ_Programmer/software/NIOS_bsp/\libhal_bsp.a(alt_dcache_flush_all.o)
                                 0xfd (size before relaxing)
 .debug_line_str
                0x00000bf0       0x1f c:/Users/guan-ming.dennis-won/Documents/Code/FPGA_EPCQ_Programmer/software/NIOS_bsp/\libhal_bsp.a(alt_dev_llist_insert.o)
                                0x142 (size before relaxing)
 .debug_line_str
                0x00000c0f       0x14 c:/Users/guan-ming.dennis-won/Documents/Code/FPGA_EPCQ_Programmer/software/NIOS_bsp/\libhal_bsp.a(alt_errno.o)
                                0x150 (size before relaxing)
 .debug_line_str
                0x00000c23       0x2d c:/Users/guan-ming.dennis-won/Documents/Code/FPGA_EPCQ_Programmer/software/NIOS_bsp/\libhal_bsp.a(alt_flash_dev.o)
                                0x15e (size before relaxing)
 .debug_line_str
                0x00000c50       0x1f c:/Users/guan-ming.dennis-won/Documents/Code/FPGA_EPCQ_Programmer/software/NIOS_bsp/\libhal_bsp.a(alt_icache_flush_all.o)
                                 0xfd (size before relaxing)
 .debug_line_str
                0x00000c6f       0x20 c:/Users/guan-ming.dennis-won/Documents/Code/FPGA_EPCQ_Programmer/software/NIOS_bsp/\libhal_bsp.a(altera_nios2_gen2_irq.o)
                                0x100 (size before relaxing)
 .debug_line_str
                0x00000c8f       0x17 c:/Users/guan-ming.dennis-won/Documents/Code/FPGA_EPCQ_Programmer/software/NIOS_bsp/\libhal_bsp.a(alt_find_dev.o)
                                0x1dc (size before relaxing)
 .debug_line_str
                0x00000ca6       0x39 c:/intelfpga_lite/23.1std/nios2eds/bin/gnu/h-x86_64-mingw32/bin/../lib/gcc/nios2-elf/12.3.1/../../../../../H-x86_64-mingw32/nios2-elf/lib/mno-hw-mul\libsmallc.a(libc_a-memcmp.o)
                                0x259 (size before relaxing)
 .debug_line_str
                0x00000cdf       0x39 c:/intelfpga_lite/23.1std/nios2eds/bin/gnu/h-x86_64-mingw32/bin/../lib/gcc/nios2-elf/12.3.1/../../../../../H-x86_64-mingw32/nios2-elf/lib/mno-hw-mul\libsmallc.a(libc_a-memcpy.o)
                                0x259 (size before relaxing)

.debug_loclists
                0x00000000     0x1cdc
 .debug_loclists
                0x00000000       0xc6 obj/default/peripheral/peripheral_linker.o
 .debug_loclists
                0x000000c6       0xaa c:/intelfpga_lite/23.1std/nios2eds/bin/gnu/h-x86_64-mingw32/bin/../lib/gcc/nios2-elf/12.3.1/../../../../../H-x86_64-mingw32/nios2-elf/lib/mno-hw-mul\libsmallc.a(libc_a-printf.o)
 .debug_loclists
                0x00000170       0x63 c:/intelfpga_lite/23.1std/nios2eds/bin/gnu/h-x86_64-mingw32/bin/../lib/gcc/nios2-elf/12.3.1/../../../../../H-x86_64-mingw32/nios2-elf/lib/mno-hw-mul\libsmallc.a(libc_a-putchar.o)
 .debug_loclists
                0x000001d3       0x73 c:/intelfpga_lite/23.1std/nios2eds/bin/gnu/h-x86_64-mingw32/bin/../lib/gcc/nios2-elf/12.3.1/../../../../../H-x86_64-mingw32/nios2-elf/lib/mno-hw-mul\libsmallc.a(libc_a-puts.o)
 .debug_loclists
                0x00000246       0x32 c:/intelfpga_lite/23.1std/nios2eds/bin/gnu/h-x86_64-mingw32/bin/../lib/gcc/nios2-elf/12.3.1/../../../../../H-x86_64-mingw32/nios2-elf/lib/mno-hw-mul\libsmallc.a(libc_a-strlen.o)
 .debug_loclists
                0x00000278      0x822 c:/intelfpga_lite/23.1std/nios2eds/bin/gnu/h-x86_64-mingw32/bin/../lib/gcc/nios2-elf/12.3.1/../../../../../H-x86_64-mingw32/nios2-elf/lib/mno-hw-mul\libsmallc.a(libc_a-vfprintf.o)
 .debug_loclists
                0x00000a9a       0xc5 c:/intelfpga_lite/23.1std/nios2eds/bin/gnu/h-x86_64-mingw32/bin/../lib/gcc/nios2-elf/12.3.1/../../../../../H-x86_64-mingw32/nios2-elf/lib/mno-hw-mul\libsmallc.a(libc_a-fvwrite_small_dev.o)
 .debug_loclists
                0x00000b5f       0x94 c:/intelfpga_lite/23.1std/nios2eds/bin/gnu/h-x86_64-mingw32/bin/../lib/gcc/nios2-elf/12.3.1/../../../../../H-x86_64-mingw32/nios2-elf/lib/mno-hw-mul\libsmallc.a(libc_a-putc.o)
 .debug_loclists
                0x00000bf3       0x88 c:/intelfpga_lite/23.1std/nios2eds/bin/gnu/h-x86_64-mingw32/bin/../lib/gcc/nios2-elf/12.3.1/../../../../../H-x86_64-mingw32/nios2-elf/lib/mno-hw-mul\libsmallc.a(libc_a-writer.o)
 .debug_loclists
                0x00000c7b      0x37a c:/intelfpga_lite/23.1std/nios2eds/bin/gnu/h-x86_64-mingw32/bin/../lib/gcc/nios2-elf/12.3.1/mno-hw-mul\libgcc.a(lib2-divmod.o)
 .debug_loclists
                0x00000ff5       0x5b c:/intelfpga_lite/23.1std/nios2eds/bin/gnu/h-x86_64-mingw32/bin/../lib/gcc/nios2-elf/12.3.1/mno-hw-mul\libgcc.a(lib2-mul.o)
 .debug_loclists
                0x00001050       0x8a c:/Users/guan-ming.dennis-won/Documents/Code/FPGA_EPCQ_Programmer/software/NIOS_bsp/\libhal_bsp.a(alt_busy_sleep.o)
 .debug_loclists
                0x000010da       0x2c c:/Users/guan-ming.dennis-won/Documents/Code/FPGA_EPCQ_Programmer/software/NIOS_bsp/\libhal_bsp.a(alt_putstr.o)
 .debug_loclists
                0x00001106       0x7b c:/Users/guan-ming.dennis-won/Documents/Code/FPGA_EPCQ_Programmer/software/NIOS_bsp/\libhal_bsp.a(alt_write.o)
 .debug_loclists
                0x00001181       0x1e c:/Users/guan-ming.dennis-won/Documents/Code/FPGA_EPCQ_Programmer/software/NIOS_bsp/\libhal_bsp.a(alt_sys_init.o)
 .debug_loclists
                0x0000119f       0x5e c:/Users/guan-ming.dennis-won/Documents/Code/FPGA_EPCQ_Programmer/software/NIOS_bsp/\libhal_bsp.a(altera_avalon_jtag_uart_write.o)
 .debug_loclists
                0x000011fd      0x86a c:/Users/guan-ming.dennis-won/Documents/Code/FPGA_EPCQ_Programmer/software/NIOS_bsp/\libhal_bsp.a(altera_epcq_controller2.o)
 .debug_loclists
                0x00001a67       0x4e c:/Users/guan-ming.dennis-won/Documents/Code/FPGA_EPCQ_Programmer/software/NIOS_bsp/\libhal_bsp.a(alt_dev_llist_insert.o)
 .debug_loclists
                0x00001ab5       0x65 c:/Users/guan-ming.dennis-won/Documents/Code/FPGA_EPCQ_Programmer/software/NIOS_bsp/\libhal_bsp.a(alt_flash_dev.o)
 .debug_loclists
                0x00001b1a       0x6a c:/Users/guan-ming.dennis-won/Documents/Code/FPGA_EPCQ_Programmer/software/NIOS_bsp/\libhal_bsp.a(alt_find_dev.o)
 .debug_loclists
                0x00001b84       0x8c c:/intelfpga_lite/23.1std/nios2eds/bin/gnu/h-x86_64-mingw32/bin/../lib/gcc/nios2-elf/12.3.1/../../../../../H-x86_64-mingw32/nios2-elf/lib/mno-hw-mul\libsmallc.a(libc_a-memcmp.o)
 .debug_loclists
                0x00001c10       0xcc c:/intelfpga_lite/23.1std/nios2eds/bin/gnu/h-x86_64-mingw32/bin/../lib/gcc/nios2-elf/12.3.1/../../../../../H-x86_64-mingw32/nios2-elf/lib/mno-hw-mul\libsmallc.a(libc_a-memcpy.o)